Component: ARM Compiler 5.06 update 6 (build 750) Tool: armlink [4d35ed]

==============================================================================

Section Cross References

    startup_stm32f103xb.o(RESET) refers to startup_stm32f103xb.o(STACK) for __initial_sp
    startup_stm32f103xb.o(RESET) refers to startup_stm32f103xb.o(.text) for Reset_Handler
    startup_stm32f103xb.o(RESET) refers to stm32f1xx_it.o(i.NMI_Handler) for NMI_Handler
    startup_stm32f103xb.o(RESET) refers to stm32f1xx_it.o(i.HardFault_Handler) for HardFault_Handler
    startup_stm32f103xb.o(RESET) refers to stm32f1xx_it.o(i.MemManage_Handler) for MemManage_Handler
    startup_stm32f103xb.o(RESET) refers to stm32f1xx_it.o(i.BusFault_Handler) for BusFault_Handler
    startup_stm32f103xb.o(RESET) refers to stm32f1xx_it.o(i.UsageFault_Handler) for UsageFault_Handler
    startup_stm32f103xb.o(RESET) refers to stm32f1xx_it.o(i.SVC_Handler) for SVC_Handler
    startup_stm32f103xb.o(RESET) refers to stm32f1xx_it.o(i.DebugMon_Handler) for DebugMon_Handler
    startup_stm32f103xb.o(RESET) refers to stm32f1xx_it.o(i.PendSV_Handler) for PendSV_Handler
    startup_stm32f103xb.o(RESET) refers to stm32f1xx_it.o(i.SysTick_Handler) for SysTick_Handler
    startup_stm32f103xb.o(RESET) refers to stm32f1xx_it.o(i.USART3_IRQHandler) for USART3_IRQHandler
    startup_stm32f103xb.o(.text) refers to system_stm32f1xx.o(i.SystemInit) for SystemInit
    startup_stm32f103xb.o(.text) refers to entry.o(.ARM.Collect$$$$00000000) for __main
    main.o(i.SystemClock_Config) refers to memseta.o(.text) for __aeabi_memclr4
    main.o(i.SystemClock_Config) refers to stm32f1xx_hal_rcc.o(i.HAL_RCC_OscConfig) for HAL_RCC_OscConfig
    main.o(i.SystemClock_Config) refers to stm32f1xx_hal_rcc.o(i.HAL_RCC_ClockConfig) for HAL_RCC_ClockConfig
    main.o(i.SystemClock_Config) refers to stm32f1xx_hal_rcc_ex.o(i.HAL_RCCEx_PeriphCLKConfig) for HAL_RCCEx_PeriphCLKConfig
    main.o(i.fputc) refers to stm32f1xx_hal_uart.o(i.HAL_UART_Transmit) for HAL_UART_Transmit
    main.o(i.fputc) refers to usart.o(.bss) for huart3
    main.o(i.main) refers to stm32f1xx_hal.o(i.HAL_Init) for HAL_Init
    main.o(i.main) refers to main.o(i.SystemClock_Config) for SystemClock_Config
    main.o(i.main) refers to gpio.o(i.MX_GPIO_Init) for MX_GPIO_Init
    main.o(i.main) refers to i2c.o(i.MX_I2C1_Init) for MX_I2C1_Init
    main.o(i.main) refers to adc.o(i.MX_ADC1_Init) for MX_ADC1_Init
    main.o(i.main) refers to usart.o(i.MX_USART3_UART_Init) for MX_USART3_UART_Init
    main.o(i.main) refers to stm32f1xx_hal_uart.o(i.HAL_UART_Receive_IT) for HAL_UART_Receive_IT
    main.o(i.main) refers to oled.o(i.SSD1315_Init) for SSD1315_Init
    main.o(i.main) refers to stm32f1xx_hal.o(i.HAL_Delay) for HAL_Delay
    main.o(i.main) refers to oled.o(i.OLED_Clear) for OLED_Clear
    main.o(i.main) refers to main.o(i.oled_show) for oled_show
    main.o(i.main) refers to printfa.o(i.__0printf) for __2printf
    main.o(i.main) refers to stm32f1xx_hal_i2c.o(i.HAL_I2C_Mem_Read) for HAL_I2C_Mem_Read
    main.o(i.main) refers to inv_mpu.o(i.mpu_dmp_init) for mpu_dmp_init
    main.o(i.main) refers to badc.o(i.get_volt) for get_volt
    main.o(i.main) refers to inv_mpu.o(i.mpu_dmp_get_data) for mpu_dmp_get_data
    main.o(i.main) refers to stm32f1xx_hal_gpio.o(i.HAL_GPIO_TogglePin) for HAL_GPIO_TogglePin
    main.o(i.main) refers to f2d.o(.text) for __aeabi_f2d
    main.o(i.main) refers to main.o(i.oled_proc) for oled_proc
    main.o(i.main) refers to main.o(.data) for .data
    main.o(i.main) refers to usart.o(.bss) for huart3
    main.o(i.main) refers to i2c.o(.bss) for hi2c1
    main.o(i.oled_proc) refers to oled.o(i.OLED_Float) for OLED_Float
    main.o(i.oled_proc) refers to f2d.o(.text) for __aeabi_f2d
    main.o(i.oled_proc) refers to main.o(.data) for .data
    main.o(i.oled_show) refers to printfa.o(i.__0sprintf) for __2sprintf
    main.o(i.oled_show) refers to oled.o(i.OLED_ShowString) for OLED_ShowString
    main.o(i.oled_show) refers to main.o(.bss) for .bss
    gpio.o(i.MX_GPIO_Init) refers to stm32f1xx_hal_gpio.o(i.HAL_GPIO_WritePin) for HAL_GPIO_WritePin
    gpio.o(i.MX_GPIO_Init) refers to stm32f1xx_hal_gpio.o(i.HAL_GPIO_Init) for HAL_GPIO_Init
    adc.o(i.HAL_ADC_MspDeInit) refers to stm32f1xx_hal_gpio.o(i.HAL_GPIO_DeInit) for HAL_GPIO_DeInit
    adc.o(i.HAL_ADC_MspInit) refers to stm32f1xx_hal_gpio.o(i.HAL_GPIO_Init) for HAL_GPIO_Init
    adc.o(i.MX_ADC1_Init) refers to stm32f1xx_hal_adc.o(i.HAL_ADC_Init) for HAL_ADC_Init
    adc.o(i.MX_ADC1_Init) refers to main.o(i.Error_Handler) for Error_Handler
    adc.o(i.MX_ADC1_Init) refers to stm32f1xx_hal_adc.o(i.HAL_ADC_ConfigChannel) for HAL_ADC_ConfigChannel
    adc.o(i.MX_ADC1_Init) refers to adc.o(.bss) for .bss
    i2c.o(i.HAL_I2C_MspDeInit) refers to stm32f1xx_hal_gpio.o(i.HAL_GPIO_DeInit) for HAL_GPIO_DeInit
    i2c.o(i.HAL_I2C_MspInit) refers to stm32f1xx_hal_gpio.o(i.HAL_GPIO_Init) for HAL_GPIO_Init
[...]
    i.HAL_ADC_GetState                       0x08000d74   Section        0  stm32f1xx_hal_adc.o(i.HAL_ADC_GetState)
    i.HAL_ADC_GetValue                       0x08000d78   Section        0  stm32f1xx_hal_adc.o(i.HAL_ADC_GetValue)
    i.HAL_ADC_Init                           0x08000d80   Section        0  stm32f1xx_hal_adc.o(i.HAL_ADC_Init)
    i.HAL_ADC_MspInit                        0x08000e9c   Section        0  adc.o(i.HAL_ADC_MspInit)
    i.HAL_ADC_PollForConversion              0x08000ef4   Section        0  stm32f1xx_hal_adc.o(i.HAL_ADC_PollForConversion)
    i.HAL_ADC_Start                          0x08001030   Section        0  stm32f1xx_hal_adc.o(i.HAL_ADC_Start)
    i.HAL_DMA_Abort                          0x080010f0   Section        0  stm32f1xx_hal_dma.o(i.HAL_DMA_Abort)
    i.HAL_DMA_Abort_IT                       0x08001138   Section        0  stm32f1xx_hal_dma.o(i.HAL_DMA_Abort_IT)
    i.HAL_Delay                              0x080011d0   Section        0  stm32f1xx_hal.o(i.HAL_Delay)
    i.HAL_GPIO_Init                          0x080011f4   Section        0  stm32f1xx_hal_gpio.o(i.HAL_GPIO_Init)
    i.HAL_GPIO_TogglePin                     0x080013d4   Section        0  stm32f1xx_hal_gpio.o(i.HAL_GPIO_TogglePin)
    i.HAL_GPIO_WritePin                      0x080013e4   Section        0  stm32f1xx_hal_gpio.o(i.HAL_GPIO_WritePin)
    i.HAL_GetTick                            0x080013f0   Section        0  stm32f1xx_hal.o(i.HAL_GetTick)
    i.HAL_I2C_Init                           0x080013fc   Section        0  stm32f1xx_hal_i2c.o(i.HAL_I2C_Init)
    i.HAL_I2C_Mem_Read                       0x08001584   Section        0  stm32f1xx_hal_i2c.o(i.HAL_I2C_Mem_Read)
    i.HAL_I2C_Mem_Write                      0x080017d4   Section        0  stm32f1xx_hal_i2c.o(i.HAL_I2C_Mem_Write)
    i.HAL_I2C_MspInit                        0x08001904   Section        0  i2c.o(i.HAL_I2C_MspInit)
    i.HAL_IncTick                            0x08001960   Section        0  stm32f1xx_hal.o(i.HAL_IncTick)
    i.HAL_Init                               0x08001970   Section        0  stm32f1xx_hal.o(i.HAL_Init)
    i.HAL_InitTick                           0x08001994   Section        0  stm32f1xx_hal.o(i.HAL_InitTick)
    i.HAL_MspInit                            0x080019d4   Section        0  stm32f1xx_hal_msp.o(i.HAL_MspInit)
    i.HAL_NVIC_EnableIRQ                     0x08001a10   Section        0  stm32f1xx_hal_cortex.o(i.HAL_NVIC_EnableIRQ)
    i.HAL_NVIC_SetPriority                   0x08001a2c   Section        0  stm32f1xx_hal_cortex.o(i.HAL_NVIC_SetPriority)
    i.HAL_NVIC_SetPriorityGrouping           0x08001a6c   Section        0  stm32f1xx_hal_cortex.o(i.HAL_NVIC_SetPriorityGrouping)
    i.HAL_RCCEx_GetPeriphCLKFreq             0x08001a90   Section        0  stm32f1xx_hal_rcc_ex.o(i.HAL_RCCEx_GetPeriphCLKFreq)
    i.HAL_RCCEx_PeriphCLKConfig              0x08001b58   Section        0  stm32f1xx_hal_rcc_ex.o(i.HAL_RCCEx_PeriphCLKConfig)
    i.HAL_RCC_ClockConfig                    0x08001c44   Section        0  stm32f1xx_hal_rcc.o(i.HAL_RCC_ClockConfig)
    i.HAL_RCC_GetPCLK1Freq                   0x08001d70   Section        0  stm32f1xx_hal_rcc.o(i.HAL_RCC_GetPCLK1Freq)
    i.HAL_RCC_GetPCLK2Freq                   0x08001d90   Section        0  stm32f1xx_hal_rcc.o(i.HAL_RCC_GetPCLK2Freq)
    i.HAL_RCC_GetSysClockFreq                0x08001db0   Section        0  stm32f1xx_hal_rcc.o(i.HAL_RCC_GetSysClockFreq)
    i.HAL_RCC_OscConfig                      0x08001e1c   Section        0  stm32f1xx_hal_rcc.o(i.HAL_RCC_OscConfig)
    i.HAL_SYSTICK_Config                     0x0800213c   Section        0  stm32f1xx_hal_cortex.o(i.HAL_SYSTICK_Config)
    i.HAL_UARTEx_RxEventCallback             0x08002164   Section        0  stm32f1xx_hal_uart.o(i.HAL_UARTEx_RxEventCallback)
    i.HAL_UART_ErrorCallback                 0x08002166   Section        0  stm32f1xx_hal_uart.o(i.HAL_UART_ErrorCallback)
    i.HAL_UART_IRQHandler                    0x08002168   Section        0  stm32f1xx_hal_uart.o(i.HAL_UART_IRQHandler)
    i.HAL_UART_Init                          0x08002374   Section        0  stm32f1xx_hal_uart.o(i.HAL_UART_Init)
    i.HAL_UART_MspInit                       0x080023d8   Section        0  usart.o(i.HAL_UART_MspInit)
    i.HAL_UART_Receive_IT                    0x08002458   Section        0  stm32f1xx_hal_uart.o(i.HAL_UART_Receive_IT)
    i.HAL_UART_RxCpltCallback                0x08002482   Section        0  stm32f1xx_hal_uart.o(i.HAL_UART_RxCpltCallback)
    i.HAL_UART_Transmit                      0x08002484   Section        0  stm32f1xx_hal_uart.o(i.HAL_UART_Transmit)
    i.HAL_UART_TxCpltCallback                0x08002536   Section        0  stm32f1xx_hal_uart.o(i.HAL_UART_TxCpltCallback)
    i.HardFault_Handler                      0x08002538   Section        0  stm32f1xx_it.o(i.HardFault_Handler)
    i.I2C_IsAcknowledgeFailed                0x0800253a   Section        0  stm32f1xx_hal_i2c.o(i.I2C_IsAcknowledgeFailed)
    I2C_IsAcknowledgeFailed                  0x0800253b   Thumb Code    46  stm32f1xx_hal_i2c.o(i.I2C_IsAcknowledgeFailed)
    i.I2C_RequestMemoryRead                  0x08002568   Section        0  stm32f1xx_hal_i2c.o(i.I2C_RequestMemoryRead)
    I2C_RequestMemoryRead                    0x08002569   Thumb Code   246  stm32f1xx_hal_i2c.o(i.I2C_RequestMemoryRead)
    i.I2C_RequestMemoryWrite                 0x08002664   Section        0  stm32f1xx_hal_i2c.o(i.I2C_RequestMemoryWrite)
    I2C_RequestMemoryWrite                   0x08002665   Thumb Code   162  stm32f1xx_hal_i2c.o(i.I2C_RequestMemoryWrite)
    i.I2C_WaitOnBTFFlagUntilTimeout          0x0800270c   Section        0  stm32f1xx_hal_i2c.o(i.I2C_WaitOnBTFFlagUntilTimeout)
    I2C_WaitOnBTFFlagUntilTimeout            0x0800270d   Thumb Code    76  stm32f1xx_hal_i2c.o(i.I2C_WaitOnBTFFlagUntilTimeout)
    i.I2C_WaitOnFlagUntilTimeout             0x08002758   Section        0  stm32f1xx_hal_i2c.o(i.I2C_WaitOnFlagUntilTimeout)
    I2C_WaitOnFlagUntilTimeout               0x08002759   Thumb Code   104  stm32f1xx_hal_i2c.o(i.I2C_WaitOnFlagUntilTimeout)
    i.I2C_WaitOnMasterAddressFlagUntilTimeout 0x080027c0   Section        0  stm32f1xx_hal_i2c.o(i.I2C_WaitOnMasterAddressFlagUntilTimeout)
    I2C_WaitOnMasterAddressFlagUntilTimeout  0x080027c1   Thumb Code   150  stm32f1xx_hal_i2c.o(i.I2C_WaitOnMasterAddressFlagUntilTimeout)
    i.I2C_WaitOnRXNEFlagUntilTimeout         0x08002856   Section        0  stm32f1xx_hal_i2c.o(i.I2C_WaitOnRXNEFlagUntilTimeout)
    I2C_WaitOnRXNEFlagUntilTimeout           0x08002857   Thumb Code   102  stm32f1xx_hal_i2c.o(i.I2C_WaitOnRXNEFlagUntilTimeout)
    i.I2C_WaitOnTXEFlagUntilTimeout          0x080028bc   Section        0  stm32f1xx_hal_i2c.o(i.I2C_WaitOnTXEFlagUntilTimeout)
    I2C_WaitOnTXEFlagUntilTimeout            0x080028bd   Thumb Code    76  stm32f1xx_hal_i2c.o(i.I2C_WaitOnTXEFlagUntilTimeout)
    i.MPU_Read_Len                           0x08002908   Section        0  mpu6050.o(i.MPU_Read_Len)
    i.MPU_Write_Len                          0x08002928   Section        0  mpu6050.o(i.MPU_Write_Len)
    i.MX_ADC1_Init                           0x08002948   Section        0  adc.o(i.MX_ADC1_Init)
    i.MX_GPIO_Init                           0x08002998   Section        0  gpio.o(i.MX_GPIO_Init)
    i.MX_I2C1_Init                           0x08002a54   Section        0  i2c.o(i.MX_I2C1_Init)
    i.MX_USART3_UART_Init                    0x08002a94   Section        0  usart.o(i.MX_USART3_UART_Init)
    i.MemManage_Handler                      0x08002acc   Section        0  stm32f1xx_it.o(i.MemManage_Handler)
    i.NMI_Handler                            0x08002ace   Section        0  stm32f1xx_it.o(i.NMI_Handler)
    i.OLED_Clear                             0x08002ad0   Section        0  oled.o(i.OLED_Clear)
    i.OLED_Float                             0x08002b0c   Section        0  oled.o(i.OLED_Float)
    i.OLED_IIC_Start                         0x08002c6c   Section        0  oled.o(i.OLED_IIC_Start)
    i.OLED_IIC_Stop                          0x08002ca4   Section        0  oled.o(i.OLED_IIC_Stop)
    i.OLED_IIC_Wait_Ack                      0x08002cd0   Section        0  oled.o(i.OLED_IIC_Wait_Ack)
    i.OLED_Set_Pos                           0x08002cf4   Section        0  oled.o(i.OLED_Set_Pos)
    i.OLED_ShowChar                          0x08002d20   Section        0  oled.o(i.OLED_ShowChar)
    i.OLED_ShowString                        0x08002da8   Section        0  oled.o(i.OLED_ShowString)
    i.OLED_WR_Byte                           0x08002dd8   Section        0  oled.o(i.OLED_WR_Byte)
    i.OLED_Write_IIC_Byte                    0x08002de4   Section        0  oled.o(i.OLED_Write_IIC_Byte)
    i.OLED_Write_IIC_Command                 0x08002e40   Section        0  oled.o(i.OLED_Write_IIC_Command)
    i.OLED_Write_IIC_Data                    0x08002e6e   Section        0  oled.o(i.OLED_Write_IIC_Data)
    i.PendSV_Handler                         0x08002e9c   Section        0  stm32f1xx_it.o(i.PendSV_Handler)
    i.SSD1315_Init                           0x08002e9e   Section        0  oled.o(i.SSD1315_Init)
    i.SVC_Handler                            0x08002f74   Section        0  stm32f1xx_it.o(i.SVC_Handler)
    i.SysTick_Handler                        0x08002f76   Section        0  stm32f1xx_it.o(i.SysTick_Handler)
    i.SystemClock_Config                     0x08002f7a   Section        0  main.o(i.SystemClock_Config)
    i.SystemInit                             0x08002ff2   Section        0  system_stm32f1xx.o(i.SystemInit)
    i.UART_DMAAbortOnError                   0x08002ff4   Section        0  stm32f1xx_hal_uart.o(i.UART_DMAAbortOnError)
    UART_DMAAbortOnError                     0x08002ff5   Thumb Code    16  stm32f1xx_hal_uart.o(i.UART_DMAAbortOnError)
    i.UART_EndRxTransfer                     0x08003004   Section        0  stm32f1xx_hal_uart.o(i.UART_EndRxTransfer)
    UART_EndRxTransfer                       0x08003005   Thumb Code    48  stm32f1xx_hal_uart.o(i.UART_EndRxTransfer)
    i.UART_Receive_IT                        0x08003034   Section        0  stm32f1xx_hal_uart.o(i.UART_Receive_IT)
    UART_Receive_IT                          0x08003035   Thumb Code   182  stm32f1xx_hal_uart.o(i.UART_Receive_IT)
    i.UART_SetConfig                         0x080030ec   Section        0  stm32f1xx_hal_uart.o(i.UART_SetConfig)
    UART_SetConfig                           0x080030ed   Thumb Code   178  stm32f1xx_hal_uart.o(i.UART_SetConfig)
    i.UART_Start_Receive_IT                  0x080031a4   Section        0  stm32f1xx_hal_uart.o(i.UART_Start_Receive_IT)
    i.UART_WaitOnFlagUntilTimeout            0x080031da   Section        0  stm32f1xx_hal_uart.o(i.UART_WaitOnFlagUntilTimeout)
    UART_WaitOnFlagUntilTimeout              0x080031db   Thumb Code   100  stm32f1xx_hal_uart.o(i.UART_WaitOnFlagUntilTimeout)
    i.USART3_IRQHandler                      0x08003240   Section        0  stm32f1xx_it.o(i.USART3_IRQHandler)
    i.UsageFault_Handler                     0x0800324c   Section        0  stm32f1xx_it.o(i.UsageFault_Handler)
    i.__0printf                              0x08003250   Section        0  printfa.o(i.__0printf)
    i.__0sprintf                             0x08003270   Section        0  printfa.o(i.__0sprintf)
    i.__ARM_fpclassify                       0x08003298   Section        0  fpclassify.o(i.__ARM_fpclassify)
    i.__NVIC_SetPriority                     0x080032c0   Section        0  stm32f1xx_hal_cortex.o(i.__NVIC_SetPriority)
    __NVIC_SetPriority                       0x080032c1   Thumb Code    32  stm32f1xx_hal_cortex.o(i.__NVIC_SetPriority)
    i.__kernel_poly                          0x080032e0   Section        0  poly.o(i.__kernel_poly)
    i.__mathlib_dbl_infnan                   0x0800338a   Section        0  dunder.o(i.__mathlib_dbl_infnan)
    i.__mathlib_dbl_infnan2                  0x08003390   Section        0  dunder.o(i.__mathlib_dbl_infnan2)
    i.__mathlib_dbl_invalid                  0x08003394   Section        0  dunder.o(i.__mathlib_dbl_invalid)
    i.__mathlib_dbl_underflow                0x080033a0   Section        0  dunder.o(i.__mathlib_dbl_underflow)
    i.__scatterload_copy                     0x080033b0   Section       14  handlers.o(i.__scatterload_copy)
    i.__scatterload_null                     0x080033be   Section        2  handlers.o(i.__scatterload_null)
    i.__scatterload_zeroinit                 0x080033c0   Section       14  handlers.o(i.__scatterload_zeroinit)
    i.__set_errno                            0x080033d0   Section        0  errno.o(i.__set_errno)
    i._fp_digits                             0x080033dc   Section        0  printfa.o(i._fp_digits)
    _fp_digits                               0x080033dd   Thumb Code   366  printfa.o(i._fp_digits)
    i._printf_core                           0x08003560   Section        0  printfa.o(i._printf_core)
    _printf_core                             0x08003561   Thumb Code  1744  printfa.o(i._printf_core)
    i._printf_post_padding                   0x08003c3c   Section        0  printfa.o(i._printf_post_padding)
    _printf_post_padding                     0x08003c3d   Thumb Code    36  printfa.o(i._printf_post_padding)
    i._printf_pre_padding                    0x08003c60   Section        0  printfa.o(i._printf_pre_padding)
    _printf_pre_padding                      0x08003c61   Thumb Code    46  printfa.o(i._printf_pre_padding)
    i._sputc                                 0x08003c8e   Section        0  printfa.o(i._sputc)
    _sputc                                   0x08003c8f   Thumb Code    10  printfa.o(i._sputc)
    i.accel_self_test                        0x08003c98   Section        0  inv_mpu.o(i.accel_self_test)
    accel_self_test                          0x08003c99   Thumb Code   114  inv_mpu.o(i.accel_self_test)
    i.asin                                   0x08003d18   Section        0  asin.o(i.asin)
    i.atan                                   0x08003f88   Section        0  atan.o(i.atan)
    i.atan2                                  0x080041a8   Section        0  atan2.o(i.atan2)
    i.dmp_enable_6x_lp_quat                  0x08004328   Section        0  inv_mpu_dmp_motion_driver.o(i.dmp_enable_6x_lp_quat)
    i.dmp_enable_feature                     0x08004364   Section        0  inv_mpu_dmp_motion_driver.o(i.dmp_enable_feature)
    i.dmp_enable_gyro_cal                    0x0800453c   Section        0  inv_mpu_dmp_motion_driver.o(i.dmp_enable_gyro_cal)
    i.dmp_enable_lp_quat                     0x08004578   Section        0  inv_mpu_dmp_motion_driver.o(i.dmp_enable_lp_quat)
    i.dmp_load_motion_driver_firmware        0x080045b4   Section        0  inv_mpu_dmp_motion_driver.o(i.dmp_load_motion_driver_firmware)
    i.dmp_read_fifo                          0x080045c8   Section        0  inv_mpu_dmp_motion_driver.o(i.dmp_read_fifo)
    i.dmp_set_accel_bias                     0x0800470c   Section        0  inv_mpu_dmp_motion_driver.o(i.dmp_set_accel_bias)
    i.dmp_set_fifo_rate                      0x080047e4   Section        0  inv_mpu_dmp_motion_driver.o(i.dmp_set_fifo_rate)
    i.dmp_set_gyro_bias                      0x08004848   Section        0  inv_mpu_dmp_motion_driver.o(i.dmp_set_gyro_bias)
    i.dmp_set_orientation                    0x08004914   Section        0  inv_mpu_dmp_motion_driver.o(i.dmp_set_orientation)
    i.dmp_set_shake_reject_thresh            0x08004a20   Section        0  inv_mpu_dmp_motion_driver.o(i.dmp_set_shake_reject_thresh)
    i.dmp_set_shake_reject_time              0x08004a50   Section        0  inv_mpu_dmp_motion_driver.o(i.dmp_set_shake_reject_time)
    i.dmp_set_shake_reject_timeout           0x08004a70   Section        0  inv_mpu_dmp_motion_driver.o(i.dmp_set_shake_reject_timeout)
    i.dmp_set_tap_axes                       0x08004a90   Section        0  inv_mpu_dmp_motion_driver.o(i.dmp_set_tap_axes)
    i.dmp_set_tap_count                      0x08004ad0   Section        0  inv_mpu_dmp_motion_driver.o(i.dmp_set_tap_count)
    i.dmp_set_tap_thresh                     0x08004af4   Section        0  inv_mpu_dmp_motion_driver.o(i.dmp_set_tap_thresh)
    i.dmp_set_tap_time                       0x08004c1c   Section        0  inv_mpu_dmp_motion_driver.o(i.dmp_set_tap_time)
    i.dmp_set_tap_time_multi                 0x08004c3c   Section        0  inv_mpu_dmp_motion_driver.o(i.dmp_set_tap_time_multi)
    i.fputc                                  0x08004c5c   Section        0  main.o(i.fputc)
    i.get_accel_prod_shift                   0x08004c74   Section        0  inv_mpu.o(i.get_accel_prod_shift)
    get_accel_prod_shift                     0x08004c75   Thumb Code   158  inv_mpu.o(i.get_accel_prod_shift)
    i.get_st_biases                          0x08004d20   Section        0  inv_mpu.o(i.get_st_biases)
    get_st_biases                            0x08004d21   Thumb Code   784  inv_mpu.o(i.get_st_biases)
    i.get_volt                               0x08005034   Section        0  badc.o(i.get_volt)
    i.gyro_self_test                         0x080050c0   Section        0  inv_mpu.o(i.gyro_self_test)
    gyro_self_test                           0x080050c1   Thumb Code   190  inv_mpu.o(i.gyro_self_test)
    i.inv_orientation_matrix_to_scalar       0x08005194   Section        0  inv_mpu.o(i.inv_orientation_matrix_to_scalar)
    i.inv_row_2_scale                        0x080051b6   Section        0  inv_mpu.o(i.inv_row_2_scale)
    i.main                                   0x08005200   Section        0  main.o(i.main)
    i.mget_ms                                0x08005338   Section        0  inv_mpu.o(i.mget_ms)
    i.mpu_configure_fifo                     0x0800533c   Section        0  inv_mpu.o(i.mpu_configure_fifo)
    i.mpu_dmp_get_data                       0x08005390   Section        0  inv_mpu.o(i.mpu_dmp_get_data)
    i.mpu_dmp_init                           0x0800552c   Section        0  inv_mpu.o(i.mpu_dmp_init)
    i.mpu_get_accel_fsr                      0x080055cc   Section        0  inv_mpu.o(i.mpu_get_accel_fsr)
    i.mpu_get_accel_sens                     0x08005608   Section        0  inv_mpu.o(i.mpu_get_accel_sens)
    i.mpu_get_gyro_fsr                       0x0800564c   Section        0  inv_mpu.o(i.mpu_get_gyro_fsr)
    i.mpu_get_gyro_sens                      0x08005680   Section        0  inv_mpu.o(i.mpu_get_gyro_sens)
    i.mpu_get_lpf                            0x080056c0   Section        0  inv_mpu.o(i.mpu_get_lpf)
    i.mpu_get_sample_rate                    0x080056f8   Section        0  inv_mpu.o(i.mpu_get_sample_rate)
    i.mpu_init                               0x08005714   Section        0  inv_mpu.o(i.mpu_init)
    i.mpu_load_firmware                      0x0800589c   Section        0  inv_mpu.o(i.mpu_load_firmware)
    i.mpu_lp_accel_mode                      0x0800593c   Section        0  inv_mpu.o(i.mpu_lp_accel_mode)
    i.mpu_read_fifo_stream                   0x080059f4   Section        0  inv_mpu.o(i.mpu_read_fifo_stream)
    i.mpu_read_mem                           0x08005a84   Section        0  inv_mpu.o(i.mpu_read_mem)
    i.mpu_reset_fifo                         0x08005ad8   Section        0  inv_mpu.o(i.mpu_reset_fifo)
    i.mpu_run_self_test                      0x08005c38   Section        0  inv_mpu.o(i.mpu_run_self_test)
    i.mpu_set_accel_fsr                      0x08005d28   Section        0  inv_mpu.o(i.mpu_set_accel_fsr)
    i.mpu_set_bypass                         0x08005d90   Section        0  inv_mpu.o(i.mpu_set_bypass)
    i.mpu_set_dmp_state                      0x08005e6c   Section        0  inv_mpu.o(i.mpu_set_dmp_state)
    i.mpu_set_gyro_fsr                       0x08005ee4   Section        0  inv_mpu.o(i.mpu_set_gyro_fsr)
    i.mpu_set_int_latched                    0x08005f50   Section        0  inv_mpu.o(i.mpu_set_int_latched)
    i.mpu_set_lpf                            0x08005fb4   Section        0  inv_mpu.o(i.mpu_set_lpf)
    i.mpu_set_sample_rate                    0x08006020   Section        0  inv_mpu.o(i.mpu_set_sample_rate)
    i.mpu_set_sensors                        0x080060a0   Section        0  inv_mpu.o(i.mpu_set_sensors)
    i.mpu_write_mem                          0x08006158   Section        0  inv_mpu.o(i.mpu_write_mem)
    i.oled_proc                              0x080061ac   Section        0  main.o(i.oled_proc)
    i.oled_show                              0x080061f0   Section        0  main.o(i.oled_show)
    i.run_self_test                          0x0800628c   Section        0  inv_mpu.o(i.run_self_test)
    i.set_int_enable                         0x0800630c   Section        0  inv_mpu.o(i.set_int_enable)
    set_int_enable                           0x0800630d   Thumb Code    84  inv_mpu.o(i.set_int_enable)
    i.sqrt                                   0x08006364   Section        0  sqrt.o(i.sqrt)
    .constdata                               0x080063b0   Section       16  system_stm32f1xx.o(.constdata)
    .constdata                               0x080063c0   Section        8  system_stm32f1xx.o(.constdata)
    .constdata                               0x080063c8   Section     2072  oled.o(.constdata)
    .constdata                               0x08006be0   Section       27  inv_mpu.o(.constdata)
    .constdata                               0x08006bfc   Section       12  inv_mpu.o(.constdata)
    .constdata                               0x08006c08   Section       40  inv_mpu.o(.constdata)
    .constdata                               0x08006c30   Section     3062  inv_mpu_dmp_motion_driver.o(.constdata)
    dmp_memory                               0x08006c30   Data        3062  inv_mpu_dmp_motion_driver.o(.constdata)
    .constdata                               0x08007828   Section       80  asin.o(.constdata)
    pS                                       0x08007828   Data          48  asin.o(.constdata)
    qS                                       0x08007858   Data          32  asin.o(.constdata)
    .constdata                               0x08007878   Section      152  atan.o(.constdata)
    atanhi                                   0x08007878   Data          32  atan.o(.constdata)
    atanlo                                   0x08007898   Data          32  atan.o(.constdata)
    aTodd                                    0x080078b8   Data          40  atan.o(.constdata)
    aTeven                                   0x080078e0   Data          48  atan.o(.constdata)
    .constdata                               0x08007910   Section        8  qnan.o(.constdata)
    .conststring                             0x08007918   Section       77  inv_mpu.o(.conststring)
    .data                                    0x20000000   Section       24  main.o(.data)
    .data                                    0x20000018   Section       12  stm32f1xx_hal.o(.data)
    .data                                    0x20000024   Section        4  system_stm32f1xx.o(.data)
    .data                                    0x20000028   Section       16  badc.o(.data)
    volt                                     0x20000028   Data           8  badc.o(.data)
    last_volt                                0x20000030   Data           8  badc.o(.data)
    .data                                    0x20000038   Section       53  inv_mpu.o(.data)
    st                                       0x20000038   Data          44  inv_mpu.o(.data)
    gyro_orientation                         0x20000064   Data           9  inv_mpu.o(.data)
    .data                                    0x20000070   Section        4  stdout.o(.data)
    .data                                    0x20000074   Section        4  errno.o(.data)
    _errno                                   0x20000074   Data           4  errno.o(.data)
    .bss                                     0x20000078   Section       16  main.o(.bss)
    .bss                                     0x20000088   Section       48  adc.o(.bss)
    .bss                                     0x200000b8   Section       84  i2c.o(.bss)
    .bss                                     0x2000010c   Section       68  usart.o(.bss)
    .bss                                     0x20000150   Section       16  inv_mpu_dmp_motion_driver.o(.bss)
    dmp                                      0x20000150   Data          16  inv_mpu_dmp_motion_driver.o(.bss)
    STACK                                    0x20000160   Section     1024  startup_stm32f103xb.o(STACK)

    Global Symbols

    Symbol Name                              Value     Ov Type        Size  Object(Section)

    BuildAttributes$$THM_ISAv4$P$D$K$B$S$PE$A:L22UL41UL21$X:L11$S22US41US21$IEEE1$IW$USESV6$~STKCKD$USESV7$~SHL$OTIME$ROPI$IEEEX$EBA8$MICROLIB$REQ8$PRES8$EABIv2 0x00000000   Number         0  anon$$obj.o ABSOLUTE
    __ARM_use_no_argv                        0x00000000   Number         0  main.o ABSOLUTE
    _printf_a                                0x00000000   Number         0  stubs.o ABSOLUTE
    _printf_c                                0x00000000   Number         0  stubs.o ABSOLUTE
    _printf_charcount                        0x00000000   Number         0  stubs.o ABSOLUTE
    _printf_d                                0x00000000   Number         0  stubs.o ABSOLUTE
    _printf_e                                0x00000000   Number         0  stubs.o ABSOLUTE
    _printf_f                                0x00000000   Number         0  stubs.o ABSOLUTE
    _printf_flags                            0x00000000   Number         0  stubs.o ABSOLUTE
    _printf_fp_dec                           0x00000000   Number         0  stubs.o ABSOLUTE
    _printf_fp_hex                           0x00000000   Number         0  stubs.o ABSOLUTE
    _printf_g                                0x00000000   Number         0  stubs.o ABSOLUTE
    _printf_i                                0x00000000   Number         0  stubs.o ABSOLUTE
    _printf_int_dec                          0x00000000   Number         0  stubs.o ABSOLUTE
    _printf_l                                0x00000000   Number         0  stubs.o ABSOLUTE
    _printf_lc                               0x00000000   Number         0  stubs.o ABSOLUTE
    _printf_ll                               0x00000000   Number         0  stubs.o ABSOLUTE
    _printf_lld                              0x00000000   Number         0  stubs.o ABSOLUTE
    _printf_lli                              0x00000000   Number         0  stubs.o ABSOLUTE
    _printf_llo                              0x00000000   Number         0  stubs.o ABSOLUTE
    _printf_llu                              0x00000000   Number         0  stubs.o ABSOLUTE
    _printf_llx                              0x00000000   Number         0  stubs.o ABSOLUTE
    _printf_longlong_dec                     0x00000000   Number         0  stubs.o ABSOLUTE
    _printf_longlong_hex                     0x00000000   Number         0  stubs.o ABSOLUTE
    _printf_longlong_oct                     0x00000000   Number         0  stubs.o ABSOLUTE
    _printf_ls                               0x00000000   Number         0  stubs.o ABSOLUTE
    _printf_mbtowc                           0x00000000   Number         0  stubs.o ABSOLUTE
    _printf_n                                0x00000000   Number         0  stubs.o ABSOLUTE
    _printf_o                                0x00000000   Number         0  stubs.o ABSOLUTE
    _printf_p                                0x00000000   Number         0  stubs.o ABSOLUTE
    _printf_percent                          0x00000000   Number         0  stubs.o ABSOLUTE
    _printf_pre_padding                      0x00000000   Number         0  stubs.o ABSOLUTE
    _printf_return_value                     0x00000000   Number         0  stubs.o ABSOLUTE
    _printf_s                                0x00000000   Number         0  stubs.o ABSOLUTE
    _printf_sizespec                         0x00000000   Number         0  stubs.o ABSOLUTE
    _printf_str                              0x00000000   Number         0  stubs.o ABSOLUTE
    _printf_truncate_signed                  0x00000000   Number         0  stubs.o ABSOLUTE
    _printf_truncate_unsigned                0x00000000   Number         0  stubs.o ABSOLUTE
    _printf_u                                0x00000000   Number         0  stubs.o ABSOLUTE
    _printf_wc                               0x00000000   Number         0  stubs.o ABSOLUTE
    _printf_wctomb                           0x00000000   Number         0  stubs.o ABSOLUTE
    _printf_widthprec                        0x00000000   Number         0  stubs.o ABSOLUTE
    _printf_x                                0x00000000   Number         0  stubs.o ABSOLUTE
    __cpp_initialize__aeabi_                  - Undefined Weak Reference
    __cxa_finalize                            - Undefined Weak Reference
    __decompress                              - Undefined Weak Reference
    _clock_init                               - Undefined Weak Reference
    _microlib_exit                            - Undefined Weak Reference
    __Vectors_Size                           0x000000ec   Number         0  startup_stm32f103xb.o ABSOLUTE
    __Vectors                                0x08000000   Data           4  startup_stm32f103xb.o(RESET)
    __Vectors_End                            0x080000ec   Data           0  startup_stm32f103xb.o(RESET)
    __main                                   0x080000ed   Thumb Code     0  entry.o(.ARM.Collect$$$$00000000)
    _main_stk                                0x080000ed   Thumb Code     0  entry2.o(.ARM.Collect$$$$00000001)
    _main_scatterload                        0x080000f1   Thumb Code     0  entry5.o(.ARM.Collect$$$$00000004)
    __main_after_scatterload                 0x080000f5   Thumb Code     0  entry5.o(.ARM.Collect$$$$00000004)
    _main_clock                              0x080000f5   Thumb Code     0  entry7b.o(.ARM.Collect$$$$00000008)
    _main_cpp_init                           0x080000f5   Thumb Code     0  entry8b.o(.ARM.Collect$$$$0000000A)
    _main_init                               0x080000f5   Thumb Code     0  entry9a.o(.ARM.Collect$$$$0000000B)
    __rt_final_cpp                           0x080000fd   Thumb Code     0  entry10a.o(.ARM.Collect$$$$0000000D)
    __rt_final_exit                          0x080000fd   Thumb Code     0  entry11a.o(.ARM.Collect$$$$0000000F)
    Reset_Handler                            0x08000101   Thumb Code     8  startup_stm32f103xb.o(.text)
    ADC1_2_IRQHandler                        0x0800011b   Thumb Code     0  startup_stm32f103xb.o(.text)
    CAN1_RX1_IRQHandler                      0x0800011b   Thumb Code     0  startup_stm32f103xb.o(.text)
    CAN1_SCE_IRQHandler                      0x0800011b   Thumb Code     0  startup_stm32f103xb.o(.text)
    DMA1_Channel1_IRQHandler                 0x0800011b   Thumb Code     0  startup_stm32f103xb.o(.text)
    DMA1_Channel2_IRQHandler                 0x0800011b   Thumb Code     0  startup_stm32f103xb.o(.text)
    DMA1_Channel3_IRQHandler                 0x0800011b   Thumb Code     0  startup_stm32f103xb.o(.text)
    DMA1_Channel4_IRQHandler                 0x0800011b   Thumb Code     0  startup_stm32f103xb.o(.text)
    DMA1_Channel5_IRQHandler                 0x0800011b   Thumb Code     0  startup_stm32f103xb.o(.text)
    DMA1_Channel6_IRQHandler                 0x0800011b   Thumb Code     0  startup_stm32f103xb.o(.text)
    DMA1_Channel7_IRQHandler                 0x0800011b   Thumb Code     0  startup_stm32f103xb.o(.text)
    EXTI0_IRQHandler                         0x0800011b   Thumb Code     0  startup_stm32f103xb.o(.text)
    EXTI15_10_IRQHandler                     0x0800011b   Thumb Code     0  startup_stm32f103xb.o(.text)
    EXTI1_IRQHandler                         0x0800011b   Thumb Code     0  startup_stm32f103xb.o(.text)
    EXTI2_IRQHandler                         0x0800011b   Thumb Code     0  startup_stm32f103xb.o(.text)
    EXTI3_IRQHandler                         0x0800011b   Thumb Code     0  startup_stm32f103xb.o(.text)
    EXTI4_IRQHandler                         0x0800011b   Thumb Code     0  startup_stm32f103xb.o(.text)
    EXTI9_5_IRQHandler                       0x0800011b   Thumb Code     0  startup_stm32f103xb.o(.text)
    FLASH_IRQHandler                         0x0800011b   Thumb Code     0  startup_stm32f103xb.o(.text)
    I2C1_ER_IRQHandler                       0x0800011b   Thumb Code     0  startup_stm32f103xb.o(.text)
    I2C1_EV_IRQHandler                       0x0800011b   Thumb Code     0  startup_stm32f103xb.o(.text)
    I2C2_ER_IRQHandler                       0x0800011b   Thumb Code     0  startup_stm32f103xb.o(.text)
    I2C2_EV_IRQHandler                       0x0800011b   Thumb Code     0  startup_stm32f103xb.o(.text)
    PVD_IRQHandler                           0x0800011b   Thumb Code     0  startup_stm32f103xb.o(.text)
    RCC_IRQHandler                           0x0800011b   Thumb Code     0  startup_stm32f103xb.o(.text)
    RTC_Alarm_IRQHandler                     0x0800011b   Thumb Code     0  startup_stm32f103xb.o(.text)
    RTC_IRQHandler                           0x0800011b   Thumb Code     0  startup_stm32f103xb.o(.text)
    SPI1_IRQHandler                          0x0800011b   Thumb Code     0  startup_stm32f103xb.o(.text)
    SPI2_IRQHandler                          0x0800011b   Thumb Code     0  startup_stm32f103xb.o(.text)
    TAMPER_IRQHandler                        0x0800011b   Thumb Code     0  startup_stm32f103xb.o(.text)
    TIM1_BRK_IRQHandler                      0x0800011b   Thumb Code     0  startup_stm32f103xb.o(.text)
    TIM1_CC_IRQHandler                       0x0800011b   Thumb Code     0  startup_stm32f103xb.o(.text)
    TIM1_TRG_COM_IRQHandler                  0x0800011b   Thumb Code     0  startup_stm32f103xb.o(.text)
    TIM1_UP_IRQHandler                       0x0800011b   Thumb Code     0  startup_stm32f103xb.o(.text)
    TIM2_IRQHandler                          0x0800011b   Thumb Code     0  startup_stm32f103xb.o(.text)
    TIM3_IRQHandler                          0x0800011b   Thumb Code     0  startup_stm32f103xb.o(.text)
    TIM4_IRQHandler                          0x0800011b   Thumb Code     0  startup_stm32f103xb.o(.text)
    USART1_IRQHandler                        0x0800011b   Thumb Code     0  startup_stm32f103xb.o(.text)
    USART2_IRQHandler                        0x0800011b   Thumb Code     0  startup_stm32f103xb.o(.text)
    USBWakeUp_IRQHandler                     0x0800011b   Thumb Code     0  startup_stm32f103xb.o(.text)
    USB_HP_CAN1_TX_IRQHandler                0x0800011b   Thumb Code     0  startup_stm32f103xb.o(.text)
    USB_LP_CAN1_RX0_IRQHandler               0x0800011b   Thumb Code     0  startup_stm32f103xb.o(.text)
    WWDG_IRQHandler                          0x0800011b   Thumb Code     0  startup_stm32f103xb.o(.text)
    __aeabi_ldivmod                          0x08000125   Thumb Code    98  ldiv.o(.text)
    __aeabi_llsr                             0x08000187   Thumb Code    32  llushr.o(.text)
    _ll_ushift_r                             0x08000187   Thumb Code     0  llushr.o(.text)
    __aeabi_memset                           0x080001a7   Thumb Code    14  memseta.o(.text)
    __aeabi_memset4                          0x080001a7   Thumb Code     0  memseta.o(.text)
    __aeabi_memset8                          0x080001a7   Thumb Code     0  memseta.o(.text)
    __aeabi_memclr                           0x080001b5   Thumb Code     4  memseta.o(.text)
    __aeabi_memclr4                          0x080001b5   Thumb Code     0  memseta.o(.text)
    __aeabi_memclr8                          0x080001b5   Thumb Code     0  memseta.o(.text)
    _memset$wrapper                          0x080001b9   Thumb Code    18  memseta.o(.text)
    memcmp                                   0x080001cb   Thumb Code    26  memcmp.o(.text)
    __aeabi_fadd                             0x080001e5   Thumb Code   164  fadd.o(.text)
    __aeabi_fsub                             0x08000289   Thumb Code     6  fadd.o(.text)
    __aeabi_frsub                            0x0800028f   Thumb Code     6  fadd.o(.text)
    __aeabi_fmul                             0x08000295   Thumb Code   100  fmul.o(.text)
    __aeabi_fdiv                             0x080002f9   Thumb Code   124  fdiv.o(.text)
    __ARM_scalbnf                            0x08000375   Thumb Code    24  fscalb.o(.text)
    scalbnf                                  0x08000375   Thumb Code     0  fscalb.o(.text)
    __aeabi_dadd                             0x0800038d   Thumb Code   322  dadd.o(.text)
    __aeabi_dsub                             0x080004cf   Thumb Code     6  dadd.o(.text)
    __aeabi_drsub                            0x080004d5   Thumb Code     6  dadd.o(.text)
    __aeabi_dmul                             0x080004db   Thumb Code   228  dmul.o(.text)
    __aeabi_ddiv                             0x080005bf   Thumb Code   222  ddiv.o(.text)
    __ARM_scalbn                             0x0800069d   Thumb Code    46  dscalb.o(.text)
    scalbn                                   0x0800069d   Thumb Code     0  dscalb.o(.text)
    __aeabi_i2f                              0x080006cb   Thumb Code    18  fflti.o(.text)
    __aeabi_ui2f                             0x080006dd   Thumb Code    10  ffltui.o(.text)
    __aeabi_i2d                              0x080006e7   Thumb Code    34  dflti.o(.text)
    __aeabi_ui2d                             0x08000709   Thumb Code    26  dfltui.o(.text)
    __aeabi_f2iz                             0x08000723   Thumb Code    50  ffixi.o(.text)
    __aeabi_f2uiz                            0x08000755   Thumb Code    40  ffixui.o(.text)
    __aeabi_d2iz                             0x0800077d   Thumb Code    62  dfixi.o(.text)
    __aeabi_d2uiz                            0x080007bb   Thumb Code    50  dfixui.o(.text)
    __aeabi_f2d                              0x080007ed   Thumb Code    38  f2d.o(.text)
    __aeabi_cdcmpeq                          0x08000815   Thumb Code     0  cdcmple.o(.text)
    __aeabi_cdcmple                          0x08000815   Thumb Code    48  cdcmple.o(.text)
    __aeabi_d2f                              0x08000845   Thumb Code    56  d2f.o(.text)
    __aeabi_uidiv                            0x0800087d   Thumb Code     0  uidiv.o(.text)
    __aeabi_uidivmod                         0x0800087d   Thumb Code    44  uidiv.o(.text)
    __aeabi_uldivmod                         0x080008a9   Thumb Code    98  uldiv.o(.text)
    __aeabi_llsl                             0x0800090b   Thumb Code    30  llshl.o(.text)
    _ll_shift_l                              0x0800090b   Thumb Code     0  llshl.o(.text)
    __aeabi_lasr                             0x08000929   Thumb Code    36  llsshr.o(.text)
    _ll_sshift_r                             0x08000929   Thumb Code     0  llsshr.o(.text)
    __I$use$fp                               0x0800094d   Thumb Code     0  iusefp.o(.text)
    _float_round                             0x0800094d   Thumb Code    18  fepilogue.o(.text)
    _float_epilogue                          0x0800095f   Thumb Code    92  fepilogue.o(.text)
    _double_round                            0x080009bb   Thumb Code    30  depilogue.o(.text)
    _double_epilogue                         0x080009d9   Thumb Code   156  depilogue.o(.text)
    __aeabi_d2ulz                            0x08000a75   Thumb Code    48  dfixul.o(.text)
    __aeabi_cdrcmple                         0x08000aa5   Thumb Code    48  cdrcmple.o(.text)
    __scatterload                            0x08000ad5   Thumb Code    28  init.o(.text)
    __scatterload_rt2                        0x08000ad5   Thumb Code     0  init.o(.text)
    _dsqrt                                   0x08000af9   Thumb Code   162  dsqrt.o(.text)
    ADC_ConversionStop_Disable               0x08000b9d   Thumb Code    86  stm32f1xx_hal_adc.o(i.ADC_ConversionStop_Disable)
    ADC_Enable                               0x08000bf5   Thumb Code   114  stm32f1xx_hal_adc.o(i.ADC_Enable)
    BusFault_Handler                         0x08000c71   Thumb Code     2  stm32f1xx_it.o(i.BusFault_Handler)
    DebugMon_Handler                         0x08000c73   Thumb Code     2  stm32f1xx_it.o(i.DebugMon_Handler)
    Error_Handler                            0x08000c75   Thumb Code     4  main.o(i.Error_Handler)
    HAL_ADC_ConfigChannel                    0x08000c79   Thumb Code   240  stm32f1xx_hal_adc.o(i.HAL_ADC_ConfigChannel)
    HAL_ADC_GetState                         0x08000d75   Thumb Code     4  stm32f1xx_hal_adc.o(i.HAL_ADC_GetState)
    HAL_ADC_GetValue                         0x08000d79   Thumb Code     6  stm32f1xx_hal_adc.o(i.HAL_ADC_GetValue)
    HAL_ADC_Init                             0x08000d81   Thumb Code   272  stm32f1xx_hal_adc.o(i.HAL_ADC_Init)
    HAL_ADC_MspInit                          0x08000e9d   Thumb Code    76  adc.o(i.HAL_ADC_MspInit)
    HAL_ADC_PollForConversion                0x08000ef5   Thumb Code   304  stm32f1xx_hal_adc.o(i.HAL_ADC_PollForConversion)
    HAL_ADC_Start                            0x08001031   Thumb Code   184  stm32f1xx_hal_adc.o(i.HAL_ADC_Start)
    HAL_DMA_Abort                            0x080010f1   Thumb Code    70  stm32f1xx_hal_dma.o(i.HAL_DMA_Abort)
    HAL_DMA_Abort_IT                         0x08001139   Thumb Code   148  stm32f1xx_hal_dma.o(i.HAL_DMA_Abort_IT)
    HAL_Delay                                0x080011d1   Thumb Code    32  stm32f1xx_hal.o(i.HAL_Delay)
    HAL_GPIO_Init                            0x080011f5   Thumb Code   446  stm32f1xx_hal_gpio.o(i.HAL_GPIO_Init)
    HAL_GPIO_TogglePin                       0x080013d5   Thumb Code    16  stm32f1xx_hal_gpio.o(i.HAL_GPIO_TogglePin)
    HAL_GPIO_WritePin                        0x080013e5   Thumb Code    10  stm32f1xx_hal_gpio.o(i.HAL_GPIO_WritePin)
    HAL_GetTick                              0x080013f1   Thumb Code     6  stm32f1xx_hal.o(i.HAL_GetTick)
    HAL_I2C_Init                             0x080013fd   Thumb Code   376  stm32f1xx_hal_i2c.o(i.HAL_I2C_Init)
    HAL_I2C_Mem_Read                         0x08001585   Thumb Code   574  stm32f1xx_hal_i2c.o(i.HAL_I2C_Mem_Read)
    HAL_I2C_Mem_Write                        0x080017d5   Thumb Code   294  stm32f1xx_hal_i2c.o(i.HAL_I2C_Mem_Write)
    HAL_I2C_MspInit                          0x08001905   Thumb Code    80  i2c.o(i.HAL_I2C_MspInit)
    HAL_IncTick                              0x08001961   Thumb Code    12  stm32f1xx_hal.o(i.HAL_IncTick)
    HAL_Init                                 0x08001971   Thumb Code    32  stm32f1xx_hal.o(i.HAL_Init)
    HAL_InitTick                             0x08001995   Thumb Code    54  stm32f1xx_hal.o(i.HAL_InitTick)
    HAL_MspInit                              0x080019d5   Thumb Code    52  stm32f1xx_hal_msp.o(i.HAL_MspInit)
    HAL_NVIC_EnableIRQ                       0x08001a11   Thumb Code    26  stm32f1xx_hal_cortex.o(i.HAL_NVIC_EnableIRQ)
    HAL_NVIC_SetPriority                     0x08001a2d   Thumb Code    60  stm32f1xx_hal_cortex.o(i.HAL_NVIC_SetPriority)
    HAL_NVIC_SetPriorityGrouping             0x08001a6d   Thumb Code    26  stm32f1xx_hal_cortex.o(i.HAL_NVIC_SetPriorityGrouping)
    HAL_RCCEx_GetPeriphCLKFreq               0x08001a91   Thumb Code   166  stm32f1xx_hal_rcc_ex.o(i.HAL_RCCEx_GetPeriphCLKFreq)
    HAL_RCCEx_PeriphCLKConfig                0x08001b59   Thumb Code   224  stm32f1xx_hal_rcc_ex.o(i.HAL_RCCEx_PeriphCLKConfig)
    HAL_RCC_ClockConfig                      0x08001c45   Thumb Code   280  stm32f1xx_hal_rcc.o(i.HAL_RCC_ClockConfig)
    HAL_RCC_GetPCLK1Freq                     0x08001d71   Thumb Code    20  stm32f1xx_hal_rcc.o(i.HAL_RCC_GetPCLK1Freq)
    HAL_RCC_GetPCLK2Freq                     0x08001d91   Thumb Code    20  stm32f1xx_hal_rcc.o(i.HAL_RCC_GetPCLK2Freq)
    HAL_RCC_GetSysClockFreq                  0x08001db1   Thumb Code    74  stm32f1xx_hal_rcc.o(i.HAL_RCC_GetSysClockFreq)
    HAL_RCC_OscConfig                        0x08001e1d   Thumb Code   778  stm32f1xx_hal_rcc.o(i.HAL_RCC_OscConfig)
    HAL_SYSTICK_Config                       0x0800213d   Thumb Code    40  stm32f1xx_hal_cortex.o(i.HAL_SYSTICK_Config)
    HAL_UARTEx_RxEventCallback               0x08002165   Thumb Code     2  stm32f1xx_hal_uart.o(i.HAL_UARTEx_RxEventCallback)
    HAL_UART_ErrorCallback                   0x08002167   Thumb Code     2  stm32f1xx_hal_uart.o(i.HAL_UART_ErrorCallback)
    HAL_UART_IRQHandler                      0x08002169   Thumb Code   520  stm32f1xx_hal_uart.o(i.HAL_UART_IRQHandler)
    HAL_UART_Init                            0x08002375   Thumb Code    98  stm32f1xx_hal_uart.o(i.HAL_UART_Init)
    HAL_UART_MspInit                         0x080023d9   Thumb Code   116  usart.o(i.HAL_UART_MspInit)
    HAL_UART_Receive_IT                      0x08002459   Thumb Code    42  stm32f1xx_hal_uart.o(i.HAL_UART_Receive_IT)
    HAL_UART_RxCpltCallback                  0x08002483   Thumb Code     2  stm32f1xx_hal_uart.o(i.HAL_UART_RxCpltCallback)
    HAL_UART_Transmit                        0x08002485   Thumb Code   178  stm32f1xx_hal_uart.o(i.HAL_UART_Transmit)
    HAL_UART_TxCpltCallback                  0x08002537   Thumb Code     2  stm32f1xx_hal_uart.o(i.HAL_UART_TxCpltCallback)
    HardFault_Handler                        0x08002539   Thumb Code     2  stm32f1xx_it.o(i.HardFault_Handler)
    MPU_Read_Len                             0x08002909   Thumb Code    28  mpu6050.o(i.MPU_Read_Len)
    MPU_Write_Len                            0x08002929   Thumb Code    28  mpu6050.o(i.MPU_Write_Len)
    MX_ADC1_Init                             0x08002949   Thumb Code    70  adc.o(i.MX_ADC1_Init)
    MX_GPIO_Init                             0x08002999   Thumb Code   174  gpio.o(i.MX_GPIO_Init)
    MX_I2C1_Init                             0x08002a55   Thumb Code    50  i2c.o(i.MX_I2C1_Init)
    MX_USART3_UART_Init                      0x08002a95   Thumb Code    48  usart.o(i.MX_USART3_UART_Init)
    MemManage_Handler                        0x08002acd   Thumb Code     2  stm32f1xx_it.o(i.MemManage_Handler)
    NMI_Handler                              0x08002acf   Thumb Code     2  stm32f1xx_it.o(i.NMI_Handler)
    OLED_Clear                               0x08002ad1   Thumb Code    58  oled.o(i.OLED_Clear)
    OLED_Float                               0x08002b0d   Thumb Code   346  oled.o(i.OLED_Float)
    OLED_IIC_Start                           0x08002c6d   Thumb Code    52  oled.o(i.OLED_IIC_Start)
    OLED_IIC_Stop                            0x08002ca5   Thumb Code    40  oled.o(i.OLED_IIC_Stop)
    OLED_IIC_Wait_Ack                        0x08002cd1   Thumb Code    30  oled.o(i.OLED_IIC_Wait_Ack)
    OLED_Set_Pos                             0x08002cf5   Thumb Code    42  oled.o(i.OLED_Set_Pos)
    OLED_ShowChar                            0x08002d21   Thumb Code   128  oled.o(i.OLED_ShowChar)
    OLED_ShowString                          0x08002da9   Thumb Code    48  oled.o(i.OLED_ShowString)
    OLED_WR_Byte                             0x08002dd9   Thumb Code    12  oled.o(i.OLED_WR_Byte)
    OLED_Write_IIC_Byte                      0x08002de5   Thumb Code    86  oled.o(i.OLED_Write_IIC_Byte)
    OLED_Write_IIC_Command                   0x08002e41   Thumb Code    46  oled.o(i.OLED_Write_IIC_Command)
    OLED_Write_IIC_Data                      0x08002e6f   Thumb Code    46  oled.o(i.OLED_Write_IIC_Data)
    PendSV_Handler                           0x08002e9d   Thumb Code     2  stm32f1xx_it.o(i.PendSV_Handler)
    SSD1315_Init                             0x08002e9f   Thumb Code   214  oled.o(i.SSD1315_Init)
    SVC_Handler                              0x08002f75   Thumb Code     2  stm32f1xx_it.o(i.SVC_Handler)
    SysTick_Handler                          0x08002f77   Thumb Code     4  stm32f1xx_it.o(i.SysTick_Handler)
    SystemClock_Config                       0x08002f7b   Thumb Code   120  main.o(i.SystemClock_Config)
    SystemInit                               0x08002ff3   Thumb Code     2  system_stm32f1xx.o(i.SystemInit)
    UART_Start_Receive_IT                    0x080031a5   Thumb Code    54  stm32f1xx_hal_uart.o(i.UART_Start_Receive_IT)
    USART3_IRQHandler                        0x08003241   Thumb Code     6  stm32f1xx_it.o(i.USART3_IRQHandler)
    UsageFault_Handler                       0x0800324d   Thumb Code     2  stm32f1xx_it.o(i.UsageFault_Handler)
    __0printf                                0x08003251   Thumb Code    22  printfa.o(i.__0printf)
    __1printf                                0x08003251   Thumb Code     0  printfa.o(i.__0printf)
    __2printf                                0x08003251   Thumb Code     0  printfa.o(i.__0printf)
    __c89printf                              0x08003251   Thumb Code     0  printfa.o(i.__0printf)
    printf                                   0x08003251   Thumb Code     0  printfa.o(i.__0printf)
    __0sprintf                               0x08003271   Thumb Code    34  printfa.o(i.__0sprintf)
    __1sprintf                               0x08003271   Thumb Code     0  printfa.o(i.__0sprintf)
    __2sprintf                               0x08003271   Thumb Code     0  printfa.o(i.__0sprintf)
    __c89sprintf                             0x08003271   Thumb Code     0  printfa.o(i.__0sprintf)
    sprintf                                  0x08003271   Thumb Code     0  printfa.o(i.__0sprintf)
    __ARM_fpclassify                         0x08003299   Thumb Code    40  fpclassify.o(i.__ARM_fpclassify)
    __kernel_poly                            0x080032e1   Thumb Code   170  poly.o(i.__kernel_poly)
    __mathlib_dbl_infnan                     0x0800338b   Thumb Code     6  dunder.o(i.__mathlib_dbl_infnan)
    __mathlib_dbl_infnan2                    0x08003391   Thumb Code     4  dunder.o(i.__mathlib_dbl_infnan2)
    __mathlib_dbl_invalid                    0x08003395   Thumb Code    12  dunder.o(i.__mathlib_dbl_invalid)
    __mathlib_dbl_underflow                  0x080033a1   Thumb Code    10  dunder.o(i.__mathlib_dbl_underflow)
    __scatterload_copy                       0x080033b1   Thumb Code    14  handlers.o(i.__scatterload_copy)
    __scatterload_null                       0x080033bf   Thumb Code     2  handlers.o(i.__scatterload_null)
    __scatterload_zeroinit                   0x080033c1   Thumb Code    14  handlers.o(i.__scatterload_zeroinit)
    __set_errno                              0x080033d1   Thumb Code     6  errno.o(i.__set_errno)
    asin                                     0x08003d19   Thumb Code   572  asin.o(i.asin)
    atan                                     0x08003f89   Thumb Code   474  atan.o(i.atan)
    atan2                                    0x080041a9   Thumb Code   346  atan2.o(i.atan2)
    dmp_enable_6x_lp_quat                    0x08004329   Thumb Code    58  inv_mpu_dmp_motion_driver.o(i.dmp_enable_6x_lp_quat)
    dmp_enable_feature                       0x08004365   Thumb Code   464  inv_mpu_dmp_motion_driver.o(i.dmp_enable_feature)
    dmp_enable_gyro_cal                      0x0800453d   Thumb Code    34  inv_mpu_dmp_motion_driver.o(i.dmp_enable_gyro_cal)
    dmp_enable_lp_quat                       0x08004579   Thumb Code    58  inv_mpu_dmp_motion_driver.o(i.dmp_enable_lp_quat)
    dmp_load_motion_driver_firmware          0x080045b5   Thumb Code    16  inv_mpu_dmp_motion_driver.o(i.dmp_load_motion_driver_firmware)
    dmp_read_fifo                            0x080045c9   Thumb Code   320  inv_mpu_dmp_motion_driver.o(i.dmp_read_fifo)
    dmp_set_accel_bias                       0x0800470d   Thumb Code   210  inv_mpu_dmp_motion_driver.o(i.dmp_set_accel_bias)
    dmp_set_fifo_rate                        0x080047e5   Thumb Code    82  inv_mpu_dmp_motion_driver.o(i.dmp_set_fifo_rate)
    dmp_set_gyro_bias                        0x08004849   Thumb Code   196  inv_mpu_dmp_motion_driver.o(i.dmp_set_gyro_bias)
    dmp_set_orientation                      0x08004915   Thumb Code   246  inv_mpu_dmp_motion_driver.o(i.dmp_set_orientation)
    dmp_set_shake_reject_thresh              0x08004a21   Thumb Code    48  inv_mpu_dmp_motion_driver.o(i.dmp_set_shake_reject_thresh)
    dmp_set_shake_reject_time                0x08004a51   Thumb Code    32  inv_mpu_dmp_motion_driver.o(i.dmp_set_shake_reject_time)
    dmp_set_shake_reject_timeout             0x08004a71   Thumb Code    32  inv_mpu_dmp_motion_driver.o(i.dmp_set_shake_reject_timeout)
    dmp_set_tap_axes                         0x08004a91   Thumb Code    64  inv_mpu_dmp_motion_driver.o(i.dmp_set_tap_axes)
    dmp_set_tap_count                        0x08004ad1   Thumb Code    34  inv_mpu_dmp_motion_driver.o(i.dmp_set_tap_count)
    dmp_set_tap_thresh                       0x08004af5   Thumb Code   274  inv_mpu_dmp_motion_driver.o(i.dmp_set_tap_thresh)
    dmp_set_tap_time                         0x08004c1d   Thumb Code    32  inv_mpu_dmp_motion_driver.o(i.dmp_set_tap_time)
    dmp_set_tap_time_multi                   0x08004c3d   Thumb Code    32  inv_mpu_dmp_motion_driver.o(i.dmp_set_tap_time_multi)
    fputc                                    0x08004c5d   Thumb Code    20  main.o(i.fputc)
    get_volt                                 0x08005035   Thumb Code   116  badc.o(i.get_volt)
    inv_orientation_matrix_to_scalar         0x08005195   Thumb Code    34  inv_mpu.o(i.inv_orientation_matrix_to_scalar)
    inv_row_2_scale                          0x080051b7   Thumb Code    72  inv_mpu.o(i.inv_row_2_scale)
    main                                     0x08005201   Thumb Code   216  main.o(i.main)
    mget_ms                                  0x08005339   Thumb Code     2  inv_mpu.o(i.mget_ms)
    mpu_configure_fifo                       0x0800533d   Thumb Code    78  inv_mpu.o(i.mpu_configure_fifo)
    mpu_dmp_get_data                         0x08005391   Thumb Code   408  inv_mpu.o(i.mpu_dmp_get_data)
    mpu_dmp_init                             0x0800552d   Thumb Code   154  inv_mpu.o(i.mpu_dmp_init)
    mpu_get_accel_fsr                        0x080055cd   Thumb Code    54  inv_mpu.o(i.mpu_get_accel_fsr)
    mpu_get_accel_sens                       0x08005609   Thumb Code    62  inv_mpu.o(i.mpu_get_accel_sens)
    mpu_get_gyro_fsr                         0x0800564d   Thumb Code    48  inv_mpu.o(i.mpu_get_gyro_fsr)
    mpu_get_gyro_sens                        0x08005681   Thumb Code    44  inv_mpu.o(i.mpu_get_gyro_sens)
    mpu_get_lpf                              0x080056c1   Thumb Code    52  inv_mpu.o(i.mpu_get_lpf)
    mpu_get_sample_rate                      0x080056f9   Thumb Code    22  inv_mpu.o(i.mpu_get_sample_rate)
    mpu_init                                 0x08005715   Thumb Code   310  inv_mpu.o(i.mpu_init)
    mpu_load_firmware                        0x0800589d   Thumb Code   154  inv_mpu.o(i.mpu_load_firmware)
    mpu_lp_accel_mode                        0x0800593d   Thumb Code   178  inv_mpu.o(i.mpu_lp_accel_mode)
    mpu_read_fifo_stream                     0x080059f5   Thumb Code   140  inv_mpu.o(i.mpu_read_fifo_stream)
    mpu_read_mem                             0x08005a85   Thumb Code    80  inv_mpu.o(i.mpu_read_mem)
    mpu_reset_fifo                           0x08005ad9   Thumb Code   346  inv_mpu.o(i.mpu_reset_fifo)
    mpu_run_self_test                        0x08005c39   Thumb Code   234  inv_mpu.o(i.mpu_run_self_test)
    mpu_set_accel_fsr                        0x08005d29   Thumb Code    98  inv_mpu.o(i.mpu_set_accel_fsr)
    mpu_set_bypass                           0x08005d91   Thumb Code   214  inv_mpu.o(i.mpu_set_bypass)
    mpu_set_dmp_state                        0x08005e6d   Thumb Code   114  inv_mpu.o(i.mpu_set_dmp_state)
    mpu_set_gyro_fsr                         0x08005ee5   Thumb Code   104  inv_mpu.o(i.mpu_set_gyro_fsr)
    mpu_set_int_latched                      0x08005f51   Thumb Code    94  inv_mpu.o(i.mpu_set_int_latched)
    mpu_set_lpf                              0x08005fb5   Thumb Code   102  inv_mpu.o(i.mpu_set_lpf)
    mpu_set_sample_rate                      0x08006021   Thumb Code   124  inv_mpu.o(i.mpu_set_sample_rate)
    mpu_set_sensors                          0x080060a1   Thumb Code   178  inv_mpu.o(i.mpu_set_sensors)
    mpu_write_mem                            0x08006159   Thumb Code    80  inv_mpu.o(i.mpu_write_mem)
    oled_proc                                0x080061ad   Thumb Code    62  main.o(i.oled_proc)
    oled_show                                0x080061f1   Thumb Code    98  main.o(i.oled_show)
    run_self_test                            0x0800628d   Thumb Code   128  inv_mpu.o(i.run_self_test)
    sqrt                                     0x08006365   Thumb Code    76  sqrt.o(i.sqrt)
    AHBPrescTable                            0x080063b0   Data          16  system_stm32f1xx.o(.constdata)
    APBPrescTable                            0x080063c0   Data           8  system_stm32f1xx.o(.constdata)
    F6x8                                     0x080063c8   Data         552  oled.o(.constdata)
    F8X16                                    0x080065f0   Data        1520  oled.o(.constdata)
    reg                                      0x08006be0   Data          27  inv_mpu.o(.constdata)
    hw                                       0x08006bfc   Data          12  inv_mpu.o(.constdata)
    test                                     0x08006c08   Data          40  inv_mpu.o(.constdata)
    __mathlib_zero                           0x08007910   Data           8  qnan.o(.constdata)
    Region$$Table$$Base                      0x08007968   Number         0  anon$$obj.o(Region$$Table)
    Region$$Table$$Limit                     0x08007988   Number         0  anon$$obj.o(Region$$Table)
    pData                                    0x20000000   Data           1  main.o(.data)
    pitch                                    0x20000004   Data           4  main.o(.data)
    roll                                     0x20000008   Data           4  main.o(.data)
    yaw                                      0x2000000c   Data           4  main.o(.data)
    volt                                     0x20000010   Data           8  main.o(.data)
    uwTickFreq                               0x20000018   Data           1  stm32f1xx_hal.o(.data)
    uwTickPrio                               0x2000001c   Data           4  stm32f1xx_hal.o(.data)
    uwTick                                   0x20000020   Data           4  stm32f1xx_hal.o(.data)
    SystemCoreClock                          0x20000024   Data           4  system_stm32f1xx.o(.data)
    __stdout                                 0x20000070   Data           4  stdout.o(.data)
    oled_text                                0x20000078   Data          16  main.o(.bss)
    hadc1                                    0x20000088   Data          48  adc.o(.bss)
    hi2c1                                    0x200000b8   Data          84  i2c.o(.bss)
    huart3                                   0x2000010c   Data          68  usart.o(.bss)
    __initial_sp                             0x20000560   Data           0  startup_stm32f103xb.o(STACK)



==============================================================================

Memory Map of the image

  Image Entry point : 0x080000ed

  Load Region LR_IROM1 (Base: 0x08000000, Size: 0x00007a00, Max: 0x00010000, ABSOLUTE)

    Execution Region ER_IROM1 (Exec base: 0x08000000, Load base: 0x08000000, Size: 0x00007988, Max: 0x00010000, ABSOLUTE)

    Exec Addr    Load Addr    Size         Type   Attr      Idx    E Section Name        Object

    0x08000000   0x08000000   0x000000ec   Data   RO            3    RESET               startup_stm32f103xb.o
    0x080000ec   0x080000ec   0x00000000   Code   RO         3448  * .ARM.Collect$$$$00000000  mc_w.l(entry.o)
    0x080000ec   0x080000ec   0x00000004   Code   RO         3795    .ARM.Collect$$$$00000001  mc_w.l(entry2.o)
    0x080000f0   0x080000f0   0x00000004   Code   RO         3798    .ARM.Collect$$$$00000004  mc_w.l(entry5.o)
    0x080000f4   0x080000f4   0x00000000   Code   RO         3800    .ARM.Collect$$$$00000008  mc_w.l(entry7b.o)
    0x080000f4   0x080000f4   0x00000000   Code   RO         3802    .ARM.Collect$$$$0000000A  mc_w.l(entry8b.o)
    0x080000f4   0x080000f4   0x00000008   Code   RO         3803    .ARM.Collect$$$$0000000B  mc_w.l(entry9a.o)
    0x080000fc   0x080000fc   0x00000000   Code   RO         3805    .ARM.Collect$$$$0000000D  mc_w.l(entry10a.o)
    0x080000fc   0x080000fc   0x00000000   Code   RO         3807    .ARM.Collect$$$$0000000F  mc_w.l(entry11a.o)
    0x080000fc   0x080000fc   0x00000004   Code   RO         3796    .ARM.Collect$$$$00002712  mc_w.l(entry2.o)
    0x08000100   0x08000100   0x00000024   Code   RO            4    .text               startup_stm32f103xb.o
    0x08000124   0x08000124   0x00000062   Code   RO         3451    .text               mc_w.l(ldiv.o)
    0x08000186   0x08000186   0x00000020   Code   RO         3453    .text               mc_w.l(llushr.o)
    0x080001a6   0x080001a6   0x00000024   Code   RO         3455    .text               mc_w.l(memseta.o)
    0x080001ca   0x080001ca   0x0000001a   Code   RO         3457    .text               mc_w.l(memcmp.o)
    0x080001e4   0x080001e4   0x000000b0   Code   RO         3720    .text               mf_w.l(fadd.o)
    0x08000294   0x08000294   0x00000064   Code   RO         3722    .text               mf_w.l(fmul.o)
    0x080002f8   0x080002f8   0x0000007c   Code   RO         3724    .text               mf_w.l(fdiv.o)
    0x08000374   0x08000374   0x00000018   Code   RO         3726    .text               mf_w.l(fscalb.o)
    0x0800038c   0x0800038c   0x0000014e   Code   RO         3728    .text               mf_w.l(dadd.o)
    0x080004da   0x080004da   0x000000e4   Code   RO         3730    .text               mf_w.l(dmul.o)
    0x080005be   0x080005be   0x000000de   Code   RO         3732    .text               mf_w.l(ddiv.o)
    0x0800069c   0x0800069c   0x0000002e   Code   RO         3734    .text               mf_w.l(dscalb.o)
    0x080006ca   0x080006ca   0x00000012   Code   RO         3736    .text               mf_w.l(fflti.o)
    0x080006dc   0x080006dc   0x0000000a   Code   RO         3738    .text               mf_w.l(ffltui.o)
    0x080006e6   0x080006e6   0x00000022   Code   RO         3740    .text               mf_w.l(dflti.o)
    0x08000708   0x08000708   0x0000001a   Code   RO         3742    .text               mf_w.l(dfltui.o)
    0x08000722   0x08000722   0x00000032   Code   RO         3744    .text               mf_w.l(ffixi.o)
    0x08000754   0x08000754   0x00000028   Code   RO         3746    .text               mf_w.l(ffixui.o)
    0x0800077c   0x0800077c   0x0000003e   Code   RO         3748    .text               mf_w.l(dfixi.o)
    0x080007ba   0x080007ba   0x00000032   Code   RO         3750    .text               mf_w.l(dfixui.o)
    0x080007ec   0x080007ec   0x00000026   Code   RO         3752    .text               mf_w.l(f2d.o)
    0x08000812   0x08000812   0x00000002   PAD
    0x08000814   0x08000814   0x00000030   Code   RO         3754    .text               mf_w.l(cdcmple.o)
    0x08000844   0x08000844   0x00000038   Code   RO         3756    .text               mf_w.l(d2f.o)
    0x0800087c   0x0800087c   0x0000002c   Code   RO         3810    .text               mc_w.l(uidiv.o)
    0x080008a8   0x080008a8   0x00000062   Code   RO         3812    .text               mc_w.l(uldiv.o)
    0x0800090a   0x0800090a   0x0000001e   Code   RO         3814    .text               mc_w.l(llshl.o)
    0x08000928   0x08000928   0x00000024   Code   RO         3816    .text               mc_w.l(llsshr.o)
    0x0800094c   0x0800094c   0x00000000   Code   RO         3825    .text               mc_w.l(iusefp.o)
    0x0800094c   0x0800094c   0x0000006e   Code   RO         3826    .text               mf_w.l(fepilogue.o)
    0x080009ba   0x080009ba   0x000000ba   Code   RO         3828    .text               mf_w.l(depilogue.o)
    0x08000a74   0x08000a74   0x00000030   Code   RO         3830    .text               mf_w.l(dfixul.o)
    0x08000aa4   0x08000aa4   0x00000030   Code   RO         3832    .text               mf_w.l(cdrcmple.o)
    0x08000ad4   0x08000ad4   0x00000024   Code   RO         3834    .text               mc_w.l(init.o)
    0x08000af8   0x08000af8   0x000000a2   Code   RO         3836    .text               mf_w.l(dsqrt.o)
    0x08000b9a   0x08000b9a   0x00000002   PAD
    0x08000b9c   0x08000b9c   0x00000056   Code   RO          488    i.ADC_ConversionStop_Disable  stm32f1xx_hal_adc.o
    0x08000bf2   0x08000bf2   0x00000002   PAD
    0x08000bf4   0x08000bf4   0x0000007c   Code   RO          492    i.ADC_Enable        stm32f1xx_hal_adc.o
    0x08000c70   0x08000c70   0x00000002   Code   RO          346    i.BusFault_Handler  stm32f1xx_it.o
    0x08000c72   0x08000c72   0x00000002   Code   RO          347    i.DebugMon_Handler  stm32f1xx_it.o
    0x08000c74   0x08000c74   0x00000004   Code   RO           13    i.Error_Handler     main.o
    0x08000c78   0x08000c78   0x000000fc   Code   RO          494    i.HAL_ADC_ConfigChannel  stm32f1xx_hal_adc.o
    0x08000d74   0x08000d74   0x00000004   Code   RO          500    i.HAL_ADC_GetState  stm32f1xx_hal_adc.o
    0x08000d78   0x08000d78   0x00000006   Code   RO          501    i.HAL_ADC_GetValue  stm32f1xx_hal_adc.o
    0x08000d7e   0x08000d7e   0x00000002   PAD
    0x08000d80   0x08000d80   0x0000011c   Code   RO          503    i.HAL_ADC_Init      stm32f1xx_hal_adc.o
    0x08000e9c   0x08000e9c   0x00000058   Code   RO          221    i.HAL_ADC_MspInit   adc.o
    0x08000ef4   0x08000ef4   0x0000013c   Code   RO          507    i.HAL_ADC_PollForConversion  stm32f1xx_hal_adc.o
    0x08001030   0x08001030   0x000000c0   Code   RO          509    i.HAL_ADC_Start     stm32f1xx_hal_adc.o
    0x080010f0   0x080010f0   0x00000046   Code   RO         1143    i.HAL_DMA_Abort     stm32f1xx_hal_dma.o
    0x08001136   0x08001136   0x00000002   PAD
    0x08001138   0x08001138   0x00000098   Code   RO         1144    i.HAL_DMA_Abort_IT  stm32f1xx_hal_dma.o
    0x080011d0   0x080011d0   0x00000024   Code   RO          771    i.HAL_Delay         stm32f1xx_hal.o
    0x080011f4   0x080011f4   0x000001e0   Code   RO         1079    i.HAL_GPIO_Init     stm32f1xx_hal_gpio.o
    0x080013d4   0x080013d4   0x00000010   Code   RO         1082    i.HAL_GPIO_TogglePin  stm32f1xx_hal_gpio.o
    0x080013e4   0x080013e4   0x0000000a   Code   RO         1083    i.HAL_GPIO_WritePin  stm32f1xx_hal_gpio.o
    0x080013ee   0x080013ee   0x00000002   PAD
    0x080013f0   0x080013f0   0x0000000c   Code   RO          775    i.HAL_GetTick       stm32f1xx_hal.o
    0x080013fc   0x080013fc   0x00000188   Code   RO         1750    i.HAL_I2C_Init      stm32f1xx_hal_i2c.o
    0x08001584   0x08001584   0x00000250   Code   RO         1768    i.HAL_I2C_Mem_Read  stm32f1xx_hal_i2c.o
    0x080017d4   0x080017d4   0x00000130   Code   RO         1771    i.HAL_I2C_Mem_Write  stm32f1xx_hal_i2c.o
    0x08001904   0x08001904   0x0000005c   Code   RO          263    i.HAL_I2C_MspInit   i2c.o
    0x08001960   0x08001960   0x00000010   Code   RO          781    i.HAL_IncTick       stm32f1xx_hal.o
    0x08001970   0x08001970   0x00000024   Code   RO          782    i.HAL_Init          stm32f1xx_hal.o
    0x08001994   0x08001994   0x00000040   Code   RO          783    i.HAL_InitTick      stm32f1xx_hal.o
    0x080019d4   0x080019d4   0x0000003c   Code   RO          428    i.HAL_MspInit       stm32f1xx_hal_msp.o
    0x08001a10   0x08001a10   0x0000001a   Code   RO         1239    i.HAL_NVIC_EnableIRQ  stm32f1xx_hal_cortex.o
    0x08001a2a   0x08001a2a   0x00000002   PAD
    0x08001a2c   0x08001a2c   0x00000040   Code   RO         1245    i.HAL_NVIC_SetPriority  stm32f1xx_hal_cortex.o
    0x08001a6c   0x08001a6c   0x00000024   Code   RO         1246    i.HAL_NVIC_SetPriorityGrouping  stm32f1xx_hal_cortex.o
    0x08001a90   0x08001a90   0x000000c8   Code   RO         1041    i.HAL_RCCEx_GetPeriphCLKFreq  stm32f1xx_hal_rcc_ex.o
    0x08001b58   0x08001b58   0x000000ec   Code   RO         1042    i.HAL_RCCEx_PeriphCLKConfig  stm32f1xx_hal_rcc_ex.o
    0x08001c44   0x08001c44   0x0000012c   Code   RO          939    i.HAL_RCC_ClockConfig  stm32f1xx_hal_rcc.o
    0x08001d70   0x08001d70   0x00000020   Code   RO          946    i.HAL_RCC_GetPCLK1Freq  stm32f1xx_hal_rcc.o
    0x08001d90   0x08001d90   0x00000020   Code   RO          947    i.HAL_RCC_GetPCLK2Freq  stm32f1xx_hal_rcc.o
    0x08001db0   0x08001db0   0x0000006c   Code   RO          948    i.HAL_RCC_GetSysClockFreq  stm32f1xx_hal_rcc.o
    0x08001e1c   0x08001e1c   0x00000320   Code   RO          951    i.HAL_RCC_OscConfig  stm32f1xx_hal_rcc.o
    0x0800213c   0x0800213c   0x00000028   Code   RO         1250    i.HAL_SYSTICK_Config  stm32f1xx_hal_cortex.o
    0x08002164   0x08002164   0x00000002   Code   RO         2218    i.HAL_UARTEx_RxEventCallback  stm32f1xx_hal_uart.o
    0x08002166   0x08002166   0x00000002   Code   RO         2232    i.HAL_UART_ErrorCallback  stm32f1xx_hal_uart.o
    0x08002168   0x08002168   0x0000020c   Code   RO         2235    i.HAL_UART_IRQHandler  stm32f1xx_hal_uart.o
    0x08002374   0x08002374   0x00000062   Code   RO         2236    i.HAL_UART_Init     stm32f1xx_hal_uart.o
    0x080023d6   0x080023d6   0x00000002   PAD
    0x080023d8   0x080023d8   0x00000080   Code   RO          305    i.HAL_UART_MspInit  usart.o
    0x08002458   0x08002458   0x0000002a   Code   RO         2241    i.HAL_UART_Receive_IT  stm32f1xx_hal_uart.o
    0x08002482   0x08002482   0x00000002   Code   RO         2242    i.HAL_UART_RxCpltCallback  stm32f1xx_hal_uart.o
    0x08002484   0x08002484   0x000000b2   Code   RO         2244    i.HAL_UART_Transmit  stm32f1xx_hal_uart.o
    0x08002536   0x08002536   0x00000002   Code   RO         2247    i.HAL_UART_TxCpltCallback  stm32f1xx_hal_uart.o
    0x08002538   0x08002538   0x00000002   Code   RO          348    i.HardFault_Handler  stm32f1xx_it.o
    0x0800253a   0x0800253a   0x0000002e   Code   RO         1792    i.I2C_IsAcknowledgeFailed  stm32f1xx_hal_i2c.o
    0x08002568   0x08002568   0x000000fc   Code   RO         1802    i.I2C_RequestMemoryRead  stm32f1xx_hal_i2c.o
    0x08002664   0x08002664   0x000000a8   Code   RO         1803    i.I2C_RequestMemoryWrite  stm32f1xx_hal_i2c.o
    0x0800270c   0x0800270c   0x0000004c   Code   RO         1807    i.I2C_WaitOnBTFFlagUntilTimeout  stm32f1xx_hal_i2c.o
    0x08002758   0x08002758   0x00000068   Code   RO         1808    i.I2C_WaitOnFlagUntilTimeout  stm32f1xx_hal_i2c.o
    0x080027c0   0x080027c0   0x00000096   Code   RO         1809    i.I2C_WaitOnMasterAddressFlagUntilTimeout  stm32f1xx_hal_i2c.o
    0x08002856   0x08002856   0x00000066   Code   RO         1810    i.I2C_WaitOnRXNEFlagUntilTimeout  stm32f1xx_hal_i2c.o
    0x080028bc   0x080028bc   0x0000004c   Code   RO         1811    i.I2C_WaitOnTXEFlagUntilTimeout  stm32f1xx_hal_i2c.o
    0x08002908   0x08002908   0x00000020   Code   RO         2796    i.MPU_Read_Len      mpu6050.o
    0x08002928   0x08002928   0x00000020   Code   RO         2802    i.MPU_Write_Len     mpu6050.o
    0x08002948   0x08002948   0x00000050   Code   RO          222    i.MX_ADC1_Init      adc.o
    0x08002998   0x08002998   0x000000bc   Code   RO          196    i.MX_GPIO_Init      gpio.o
    0x08002a54   0x08002a54   0x00000040   Code   RO          264    i.MX_I2C1_Init      i2c.o
    0x08002a94   0x08002a94   0x00000038   Code   RO          306    i.MX_USART3_UART_Init  usart.o
    0x08002acc   0x08002acc   0x00000002   Code   RO          349    i.MemManage_Handler  stm32f1xx_it.o
    0x08002ace   0x08002ace   0x00000002   Code   RO          350    i.NMI_Handler       stm32f1xx_it.o
    0x08002ad0   0x08002ad0   0x0000003a   Code   RO         2603    i.OLED_Clear        oled.o
    0x08002b0a   0x08002b0a   0x00000002   PAD
    0x08002b0c   0x08002b0c   0x00000160   Code   RO         2607    i.OLED_Float        oled.o
    0x08002c6c   0x08002c6c   0x00000038   Code   RO         2608    i.OLED_IIC_Start    oled.o
    0x08002ca4   0x08002ca4   0x0000002c   Code   RO         2609    i.OLED_IIC_Stop     oled.o
    0x08002cd0   0x08002cd0   0x00000024   Code   RO         2610    i.OLED_IIC_Wait_Ack  oled.o
    0x08002cf4   0x08002cf4   0x0000002a   Code   RO         2612    i.OLED_Set_Pos      oled.o
    0x08002d1e   0x08002d1e   0x00000002   PAD
    0x08002d20   0x08002d20   0x00000088   Code   RO         2614    i.OLED_ShowChar     oled.o
    0x08002da8   0x08002da8   0x00000030   Code   RO         2616    i.OLED_ShowString   oled.o
    0x08002dd8   0x08002dd8   0x0000000c   Code   RO         2618    i.OLED_WR_Byte      oled.o
    0x08002de4   0x08002de4   0x0000005c   Code   RO         2619    i.OLED_Write_IIC_Byte  oled.o
    0x08002e40   0x08002e40   0x0000002e   Code   RO         2620    i.OLED_Write_IIC_Command  oled.o
    0x08002e6e   0x08002e6e   0x0000002e   Code   RO         2621    i.OLED_Write_IIC_Data  oled.o
    0x08002e9c   0x08002e9c   0x00000002   Code   RO          351    i.PendSV_Handler    stm32f1xx_it.o
    0x08002e9e   0x08002e9e   0x000000d6   Code   RO         2623    i.SSD1315_Init      oled.o
    0x08002f74   0x08002f74   0x00000002   Code   RO          352    i.SVC_Handler       stm32f1xx_it.o
    0x08002f76   0x08002f76   0x00000004   Code   RO          353    i.SysTick_Handler   stm32f1xx_it.o
    0x08002f7a   0x08002f7a   0x00000078   Code   RO           14    i.SystemClock_Config  main.o
    0x08002ff2   0x08002ff2   0x00000002   Code   RO         2565    i.SystemInit        system_stm32f1xx.o
    0x08002ff4   0x08002ff4   0x00000010   Code   RO         2249    i.UART_DMAAbortOnError  stm32f1xx_hal_uart.o
    0x08003004   0x08003004   0x00000030   Code   RO         2259    i.UART_EndRxTransfer  stm32f1xx_hal_uart.o
    0x08003034   0x08003034   0x000000b6   Code   RO         2261    i.UART_Receive_IT   stm32f1xx_hal_uart.o
    0x080030ea   0x080030ea   0x00000002   PAD
    0x080030ec   0x080030ec   0x000000b8   Code   RO         2262    i.UART_SetConfig    stm32f1xx_hal_uart.o
    0x080031a4   0x080031a4   0x00000036   Code   RO         2264    i.UART_Start_Receive_IT  stm32f1xx_hal_uart.o
    0x080031da   0x080031da   0x00000064   Code   RO         2265    i.UART_WaitOnFlagUntilTimeout  stm32f1xx_hal_uart.o
    0x0800323e   0x0800323e   0x00000002   PAD
    0x08003240   0x08003240   0x0000000c   Code   RO          354    i.USART3_IRQHandler  stm32f1xx_it.o
    0x0800324c   0x0800324c   0x00000002   Code   RO          355    i.UsageFault_Handler  stm32f1xx_it.o
    0x0800324e   0x0800324e   0x00000002   PAD
    0x08003250   0x08003250   0x00000020   Code   RO         3692    i.__0printf         mc_w.l(printfa.o)
    0x08003270   0x08003270   0x00000028   Code   RO         3694    i.__0sprintf        mc_w.l(printfa.o)
    0x08003298   0x08003298   0x00000028   Code   RO         3782    i.__ARM_fpclassify  m_ws.l(fpclassify.o)
    0x080032c0   0x080032c0   0x00000020   Code   RO         1252    i.__NVIC_SetPriority  stm32f1xx_hal_cortex.o
    0x080032e0   0x080032e0   0x000000aa   Code   RO         3784    i.__kernel_poly     m_ws.l(poly.o)
    0x0800338a   0x0800338a   0x00000006   Code   RO         3769    i.__mathlib_dbl_infnan  m_ws.l(dunder.o)
    0x08003390   0x08003390   0x00000004   Code   RO         3770    i.__mathlib_dbl_infnan2  m_ws.l(dunder.o)
    0x08003394   0x08003394   0x0000000c   Code   RO         3771    i.__mathlib_dbl_invalid  m_ws.l(dunder.o)
    0x080033a0   0x080033a0   0x00000010   Code   RO         3774    i.__mathlib_dbl_underflow  m_ws.l(dunder.o)
    0x080033b0   0x080033b0   0x0000000e   Code   RO         3840    i.__scatterload_copy  mc_w.l(handlers.o)
    0x080033be   0x080033be   0x00000002   Code   RO         3841    i.__scatterload_null  mc_w.l(handlers.o)
    0x080033c0   0x080033c0   0x0000000e   Code   RO         3842    i.__scatterload_zeroinit  mc_w.l(handlers.o)
    0x080033ce   0x080033ce   0x00000002   PAD
    0x080033d0   0x080033d0   0x0000000c   Code   RO         3820    i.__set_errno       mc_w.l(errno.o)
    0x080033dc   0x080033dc   0x00000184   Code   RO         3699    i._fp_digits        mc_w.l(printfa.o)
    0x08003560   0x08003560   0x000006dc   Code   RO         3700    i._printf_core      mc_w.l(printfa.o)
    0x08003c3c   0x08003c3c   0x00000024   Code   RO         3701    i._printf_post_padding  mc_w.l(printfa.o)
    0x08003c60   0x08003c60   0x0000002e   Code   RO         3702    i._printf_pre_padding  mc_w.l(printfa.o)
    0x08003c8e   0x08003c8e   0x0000000a   Code   RO         3704    i._sputc            mc_w.l(printfa.o)
    0x08003c98   0x08003c98   0x00000080   Code   RO         2886    i.accel_self_test   inv_mpu.o
    0x08003d18   0x08003d18   0x00000270   Code   RO         3431    i.asin              m_ws.l(asin.o)
    0x08003f88   0x08003f88   0x00000220   Code   RO         3759    i.atan              m_ws.l(atan.o)
    0x080041a8   0x080041a8   0x00000180   Code   RO         3441    i.atan2             m_ws.l(atan2.o)
    0x08004328   0x08004328   0x0000003a   Code   RO         3244    i.dmp_enable_6x_lp_quat  inv_mpu_dmp_motion_driver.o
    0x08004362   0x08004362   0x00000002   PAD
    0x08004364   0x08004364   0x000001d8   Code   RO         3245    i.dmp_enable_feature  inv_mpu_dmp_motion_driver.o
    0x0800453c   0x0800453c   0x0000003c   Code   RO         3246    i.dmp_enable_gyro_cal  inv_mpu_dmp_motion_driver.o
    0x08004578   0x08004578   0x0000003a   Code   RO         3247    i.dmp_enable_lp_quat  inv_mpu_dmp_motion_driver.o
    0x080045b2   0x080045b2   0x00000002   PAD
    0x080045b4   0x080045b4   0x00000014   Code   RO         3252    i.dmp_load_motion_driver_firmware  inv_mpu_dmp_motion_driver.o
    0x080045c8   0x080045c8   0x00000144   Code   RO         3253    i.dmp_read_fifo     inv_mpu_dmp_motion_driver.o
    0x0800470c   0x0800470c   0x000000d8   Code   RO         3256    i.dmp_set_accel_bias  inv_mpu_dmp_motion_driver.o
    0x080047e4   0x080047e4   0x00000064   Code   RO         3257    i.dmp_set_fifo_rate  inv_mpu_dmp_motion_driver.o
    0x08004848   0x08004848   0x000000cc   Code   RO         3258    i.dmp_set_gyro_bias  inv_mpu_dmp_motion_driver.o
    0x08004914   0x08004914   0x0000010c   Code   RO         3260    i.dmp_set_orientation  inv_mpu_dmp_motion_driver.o
    0x08004a20   0x08004a20   0x00000030   Code   RO         3263    i.dmp_set_shake_reject_thresh  inv_mpu_dmp_motion_driver.o
    0x08004a50   0x08004a50   0x00000020   Code   RO         3264    i.dmp_set_shake_reject_time  inv_mpu_dmp_motion_driver.o
    0x08004a70   0x08004a70   0x00000020   Code   RO         3265    i.dmp_set_shake_reject_timeout  inv_mpu_dmp_motion_driver.o
    0x08004a90   0x08004a90   0x00000040   Code   RO         3266    i.dmp_set_tap_axes  inv_mpu_dmp_motion_driver.o
    0x08004ad0   0x08004ad0   0x00000022   Code   RO         3267    i.dmp_set_tap_count  inv_mpu_dmp_motion_driver.o
    0x08004af2   0x08004af2   0x00000002   PAD
    0x08004af4   0x08004af4   0x00000128   Code   RO         3268    i.dmp_set_tap_thresh  inv_mpu_dmp_motion_driver.o
    0x08004c1c   0x08004c1c   0x00000020   Code   RO         3269    i.dmp_set_tap_time  inv_mpu_dmp_motion_driver.o
    0x08004c3c   0x08004c3c   0x00000020   Code   RO         3270    i.dmp_set_tap_time_multi  inv_mpu_dmp_motion_driver.o
    0x08004c5c   0x08004c5c   0x00000018   Code   RO           15    i.fputc             main.o
    0x08004c74   0x08004c74   0x000000ac   Code   RO         2887    i.get_accel_prod_shift  inv_mpu.o
    0x08004d20   0x08004d20   0x00000314   Code   RO         2888    i.get_st_biases     inv_mpu.o
    0x08005034   0x08005034   0x0000008c   Code   RO         2763    i.get_volt          badc.o
    0x080050c0   0x080050c0   0x000000d4   Code   RO         2889    i.gyro_self_test    inv_mpu.o
    0x08005194   0x08005194   0x00000022   Code   RO         2890    i.inv_orientation_matrix_to_scalar  inv_mpu.o
    0x080051b6   0x080051b6   0x00000048   Code   RO         2891    i.inv_row_2_scale   inv_mpu.o
    0x080051fe   0x080051fe   0x00000002   PAD
    0x08005200   0x08005200   0x00000138   Code   RO           16    i.main              main.o
    0x08005338   0x08005338   0x00000002   Code   RO         2892    i.mget_ms           inv_mpu.o
    0x0800533a   0x0800533a   0x00000002   PAD
    0x0800533c   0x0800533c   0x00000054   Code   RO         2893    i.mpu_configure_fifo  inv_mpu.o
    0x08005390   0x08005390   0x0000019c   Code   RO         2894    i.mpu_dmp_get_data  inv_mpu.o
    0x0800552c   0x0800552c   0x000000a0   Code   RO         2895    i.mpu_dmp_init      inv_mpu.o
    0x080055cc   0x080055cc   0x0000003c   Code   RO         2896    i.mpu_get_accel_fsr  inv_mpu.o
    0x08005608   0x08005608   0x00000044   Code   RO         2898    i.mpu_get_accel_sens  inv_mpu.o
    0x0800564c   0x0800564c   0x00000034   Code   RO         2904    i.mpu_get_gyro_fsr  inv_mpu.o
    0x08005680   0x08005680   0x00000040   Code   RO         2906    i.mpu_get_gyro_sens  inv_mpu.o
    0x080056c0   0x080056c0   0x00000038   Code   RO         2908    i.mpu_get_lpf       inv_mpu.o
    0x080056f8   0x080056f8   0x0000001c   Code   RO         2910    i.mpu_get_sample_rate  inv_mpu.o
    0x08005714   0x08005714   0x00000188   Code   RO         2912    i.mpu_init          inv_mpu.o
    0x0800589c   0x0800589c   0x000000a0   Code   RO         2913    i.mpu_load_firmware  inv_mpu.o
    0x0800593c   0x0800593c   0x000000b8   Code   RO         2914    i.mpu_lp_accel_mode  inv_mpu.o
    0x080059f4   0x080059f4   0x00000090   Code   RO         2917    i.mpu_read_fifo_stream  inv_mpu.o
    0x08005a84   0x08005a84   0x00000054   Code   RO         2918    i.mpu_read_mem      inv_mpu.o
    0x08005ad8   0x08005ad8   0x00000160   Code   RO         2921    i.mpu_reset_fifo    inv_mpu.o
    0x08005c38   0x08005c38   0x000000f0   Code   RO         2922    i.mpu_run_self_test  inv_mpu.o
    0x08005d28   0x08005d28   0x00000068   Code   RO         2924    i.mpu_set_accel_fsr  inv_mpu.o
    0x08005d90   0x08005d90   0x000000dc   Code   RO         2925    i.mpu_set_bypass    inv_mpu.o
    0x08005e6c   0x08005e6c   0x00000078   Code   RO         2927    i.mpu_set_dmp_state  inv_mpu.o
    0x08005ee4   0x08005ee4   0x0000006c   Code   RO         2928    i.mpu_set_gyro_fsr  inv_mpu.o
    0x08005f50   0x08005f50   0x00000064   Code   RO         2929    i.mpu_set_int_latched  inv_mpu.o
    0x08005fb4   0x08005fb4   0x0000006c   Code   RO         2931    i.mpu_set_lpf       inv_mpu.o
    0x08006020   0x08006020   0x00000080   Code   RO         2932    i.mpu_set_sample_rate  inv_mpu.o
    0x080060a0   0x080060a0   0x000000b8   Code   RO         2933    i.mpu_set_sensors   inv_mpu.o
    0x08006158   0x08006158   0x00000054   Code   RO         2934    i.mpu_write_mem     inv_mpu.o
    0x080061ac   0x080061ac   0x00000044   Code   RO           17    i.oled_proc         main.o
    0x080061f0   0x080061f0   0x0000009c   Code   RO           18    i.oled_show         main.o
    0x0800628c   0x0800628c   0x00000080   Code   RO         2935    i.run_self_test     inv_mpu.o
    0x0800630c   0x0800630c   0x00000058   Code   RO         2936    i.set_int_enable    inv_mpu.o
    0x08006364   0x08006364   0x0000004c   Code   RO         3788    i.sqrt              m_ws.l(sqrt.o)
    0x080063b0   0x080063b0   0x00000010   Data   RO         2566    .constdata          system_stm32f1xx.o
    0x080063c0   0x080063c0   0x00000008   Data   RO         2567    .constdata          system_stm32f1xx.o
    0x080063c8   0x080063c8   0x00000818   Data   RO         2625    .constdata          oled.o
    0x08006be0   0x08006be0   0x0000001b   Data   RO         2938    .constdata          inv_mpu.o
    0x08006bfb   0x08006bfb   0x00000001   PAD
    0x08006bfc   0x08006bfc   0x0000000c   Data   RO         2939    .constdata          inv_mpu.o
    0x08006c08   0x08006c08   0x00000028   Data   RO         2940    .constdata          inv_mpu.o
    0x08006c30   0x08006c30   0x00000bf6   Data   RO         3272    .constdata          inv_mpu_dmp_motion_driver.o
    0x08007826   0x08007826   0x00000002   PAD
    0x08007828   0x08007828   0x00000050   Data   RO         3432    .constdata          m_ws.l(asin.o)
    0x08007878   0x08007878   0x00000098   Data   RO         3760    .constdata          m_ws.l(atan.o)
    0x08007910   0x08007910   0x00000008   Data   RO         3786    .constdata          m_ws.l(qnan.o)
    0x08007918   0x08007918   0x0000004d   Data   RO         2941    .conststring        inv_mpu.o
    0x08007965   0x08007965   0x00000003   PAD
    0x08007968   0x08007968   0x00000020   Data   RO         3838    Region$$Table       anon$$obj.o


    Execution Region RW_IRAM1 (Exec base: 0x20000000, Load base: 0x08007988, Size: 0x00000560, Max: 0x00005000, ABSOLUTE)

    Exec Addr    Load Addr    Size         Type   Attr      Idx    E Section Name        Object

    0x20000000   0x08007988   0x00000018   Data   RW           20    .data               main.o
    0x20000018   0x080079a0   0x0000000c   Data   RW          789    .data               stm32f1xx_hal.o
    0x20000024   0x080079ac   0x00000004   Data   RW         2568    .data               system_stm32f1xx.o
    0x20000028   0x080079b0   0x00000010   Data   RW         2764    .data               badc.o
    0x20000038   0x080079c0   0x00000035   Data   RW         2942    .data               inv_mpu.o
    0x2000006d   0x080079f5   0x00000003   PAD
    0x20000070   0x080079f8   0x00000004   Data   RW         3809    .data               mc_w.l(stdout.o)
    0x20000074   0x080079fc   0x00000004   Data   RW         3821    .data               mc_w.l(errno.o)
    0x20000078        -       0x00000010   Zero   RW           19    .bss                main.o
    0x20000088        -       0x00000030   Zero   RW          223    .bss                adc.o
    0x200000b8        -       0x00000054   Zero   RW          265    .bss                i2c.o
    0x2000010c        -       0x00000044   Zero   RW          307    .bss                usart.o
    0x20000150        -       0x00000010   Zero   RW         3271    .bss                inv_mpu_dmp_motion_driver.o
    0x20000160        -       0x00000400   Zero   RW            1    STACK               startup_stm32f103xb.o


==============================================================================

Image component sizes


      Code (inc. data)   RO Data    RW Data    ZI Data      Debug   Object Name

       168         22          0          0         48       1573   adc.o
       140         24          0         16          0        571   badc.o
       188         14          0          0          0        935   gpio.o
       156         26          0          0         84       1561   i2c.o
      5320        290        156         53          0      30326   inv_mpu.o
      2350        118       3062          0         16      19098   inv_mpu_dmp_motion_driver.o
       684        164          0         24         16     420982   main.o
        64          8          0          0          0       3819   mpu6050.o
      1182         34       2072          0          0       8593   oled.o
        36          8        236          0       1024        784   startup_stm32f103xb.o
       164         28          0         12          0       5761   stm32f1xx_hal.o
      1264         54          0          0          0       6927   stm32f1xx_hal_adc.o
       198         14          0          0          0      28839   stm32f1xx_hal_cortex.o
       222          4          0          0          0       1719   stm32f1xx_hal_dma.o
       506         34          0          0          0       3429   stm32f1xx_hal_gpio.o
      2262         56          0          0          0      12550   stm32f1xx_hal_i2c.o
        60          8          0          0          0        834   stm32f1xx_hal_msp.o
      1272        100          0          0          0       5092   stm32f1xx_hal_rcc.o
       436         46          0          0          0       2477   stm32f1xx_hal_rcc_ex.o
      1434         10          0          0          0      10782   stm32f1xx_hal_uart.o
        32          6          0          0          0       4138   stm32f1xx_it.o
         2          0         24          4          0       1067   system_stm32f1xx.o
       184         20          0          0         68       1622   usart.o

    ----------------------------------------------------------------------
     18356       1088       5588        112       1256     573479   Object Totals
         0          0         32          0          0          0   (incl. Generated)
        32          0          6          3          0          0   (incl. Padding)

    ----------------------------------------------------------------------

      Code (inc. data)   RO Data    RW Data    ZI Data      Debug   Library Member Name

       624         52         80          0          0        168   asin.o
       544         70        152          0          0        124   atan.o
       384         38          0          0          0        144   atan2.o
        38          6          0          0          0        272   dunder.o
        40          0          0          0          0         68   fpclassify.o
       170          0          0          0          0         96   poly.o
         0          0          8          0          0          0   qnan.o
        76          0          0          0          0         84   sqrt.o
         0          0          0          0          0          0   entry.o
         0          0          0          0          0          0   entry10a.o
         0          0          0          0          0          0   entry11a.o
         8          4          0          0          0          0   entry2.o
         4          0          0          0          0          0   entry5.o
         0          0          0          0          0          0   entry7b.o
         0          0          0          0          0          0   entry8b.o
         8          4          0          0          0          0   entry9a.o
        12          6          0          4          0         68   errno.o
        30          0          0          0          0          0   handlers.o
        36          8          0          0          0         68   init.o
         0          0          0          0          0          0   iusefp.o
        98          0          0          0          0         84   ldiv.o
        30          0          0          0          0         68   llshl.o
        36          0          0          0          0         68   llsshr.o
        32          0          0          0          0         68   llushr.o
        26          0          0          0          0         80   memcmp.o
        36          0          0          0          0        108   memseta.o
      2308         96          0          0          0        604   printfa.o
         0          0          0          4          0          0   stdout.o
        44          0          0          0          0         80   uidiv.o
        98          0          0          0          0         92   uldiv.o
        48          0          0          0          0         68   cdcmple.o
        48          0          0          0          0         68   cdrcmple.o
        56          0          0          0          0         88   d2f.o
       334          0          0          0          0        148   dadd.o
       222          0          0          0          0        100   ddiv.o
       186          0          0          0          0        176   depilogue.o
        62          0          0          0          0         80   dfixi.o
        50          0          0          0          0         76   dfixui.o
        48          0          0          0          0         68   dfixul.o
        34          0          0          0          0         76   dflti.o
        26          0          0          0          0         76   dfltui.o
       228          0          0          0          0         96   dmul.o
        46          0          0          0          0         80   dscalb.o
       162          0          0          0          0        100   dsqrt.o
        38          0          0          0          0         68   f2d.o
       176          0          0          0          0        140   fadd.o
       124          0          0          0          0         88   fdiv.o
       110          0          0          0          0        168   fepilogue.o
        50          0          0          0          0         68   ffixi.o
        40          0          0          0          0         68   ffixui.o
        18          0          0          0          0         68   fflti.o
        10          0          0          0          0         68   ffltui.o
       100          0          0          0          0         76   fmul.o
        24          0          0          0          0         68   fscalb.o

    ----------------------------------------------------------------------
      6928        284        240          8          0       4524   Library Totals
         6          0          0          0          0          0   (incl. Padding)

    ----------------------------------------------------------------------

      Code (inc. data)   RO Data    RW Data    ZI Data      Debug   Library Name

      1876        166        240          0          0        956   m_ws.l
      2806        118          0          8          0       1388   mc_w.l
      2240          0          0          0          0       2180   mf_w.l

    ----------------------------------------------------------------------
      6928        284        240          8          0       4524   Library Totals

    ----------------------------------------------------------------------

==============================================================================


      Code (inc. data)   RO Data    RW Data    ZI Data      Debug   

     25284       1372       5828        120       1256     568119   Grand Totals
     25284       1372       5828        120       1256     568119   ELF Image Totals
     25284       1372       5828        120          0          0   ROM Totals

==============================================================================

    Total RO  Size (Code + RO Data)                31112 (  30.38kB)
    Total RW  Size (RW Data + ZI Data)              1376 (   1.34kB)
    Total ROM Size (Code + RO Data + RW Data)      31232 (  30.50kB)

==============================================================================

