Component: ARM Compiler 5.06 update 6 (build 750) Tool: armlink [4d35ed]

==============================================================================

Section Cross References

    startup_stm32f103xb.o(RESET) refers to startup_stm32f103xb.o(STACK) for __initial_sp
    startup_stm32f103xb.o(RESET) refers to startup_stm32f103xb.o(.text) for Reset_Handler
    startup_stm32f103xb.o(RESET) refers to stm32f1xx_it.o(i.NMI_Handler) for NMI_Handler
    startup_stm32f103xb.o(RESET) refers to stm32f1xx_it.o(i.HardFault_Handler) for HardFault_Handler
    startup_stm32f103xb.o(RESET) refers to stm32f1xx_it.o(i.MemManage_Handler) for MemManage_Handler
    startup_stm32f103xb.o(RESET) refers to stm32f1xx_it.o(i.BusFault_Handler) for BusFault_Handler
    startup_stm32f103xb.o(RESET) refers to stm32f1xx_it.o(i.UsageFault_Handler) for UsageFault_Handler
    startup_stm32f103xb.o(RESET) refers to stm32f1xx_it.o(i.SVC_Handler) for SVC_Handler
    startup_stm32f103xb.o(RESET) refers to stm32f1xx_it.o(i.DebugMon_Handler) for DebugMon_Handler
    startup_stm32f103xb.o(RESET) refers to stm32f1xx_it.o(i.PendSV_Handler) for PendSV_Handler
    startup_stm32f103xb.o(RESET) refers to stm32f1xx_it.o(i.SysTick_Handler) for SysTick_Handler
    startup_stm32f103xb.o(RESET) refers to stm32f1xx_it.o(i.TIM2_IRQHandler) for TIM2_IRQHandler
    startup_stm32f103xb.o(RESET) refers to stm32f1xx_it.o(i.TIM3_IRQHandler) for TIM3_IRQHandler
    startup_stm32f103xb.o(RESET) refers to stm32f1xx_it.o(i.TIM4_IRQHandler) for TIM4_IRQHandler
    startup_stm32f103xb.o(RESET) refers to stm32f1xx_it.o(i.USART2_IRQHandler) for USART2_IRQHandler
    startup_stm32f103xb.o(RESET) refers to stm32f1xx_it.o(i.USART3_IRQHandler) for USART3_IRQHandler
    startup_stm32f103xb.o(.text) refers to system_stm32f1xx.o(i.SystemInit) for SystemInit
    startup_stm32f103xb.o(.text) refers to entry.o(.ARM.Collect$$$$00000000) for __main
    main.o(i.HAL_TIM_PeriodElapsedCallback) refers to mpu6050.o(i.MPU_Get_Gyroscope) for MPU_Get_Gyroscope
    main.o(i.HAL_TIM_PeriodElapsedCallback) refers to inv_mpu.o(i.mpu_dmp_get_data) for mpu_dmp_get_data
    main.o(i.HAL_TIM_PeriodElapsedCallback) refers to control.o(i.control_proc) for control_proc
    main.o(i.HAL_TIM_PeriodElapsedCallback) refers to main.o(i.oled_proc) for oled_proc
    main.o(i.HAL_TIM_PeriodElapsedCallback) refers to main.o(.data) for .data
    main.o(i.HAL_UART_RxCpltCallback) refers to stm32f1xx_hal_uart.o(i.HAL_UART_Receive_IT) for HAL_UART_Receive_IT
    main.o(i.HAL_UART_RxCpltCallback) refers to main.o(.data) for .data
    main.o(i.HAL_UART_RxCpltCallback) refers to usart.o(.bss) for huart2
    main.o(i.SystemClock_Config) refers to memseta.o(.text) for __aeabi_memclr4
    main.o(i.SystemClock_Config) refers to stm32f1xx_hal_rcc.o(i.HAL_RCC_OscConfig) for HAL_RCC_OscConfig
    main.o(i.SystemClock_Config) refers to stm32f1xx_hal_rcc.o(i.HAL_RCC_ClockConfig) for HAL_RCC_ClockConfig
    main.o(i.SystemClock_Config) refers to stm32f1xx_hal_rcc_ex.o(i.HAL_RCCEx_PeriphCLKConfig) for HAL_RCCEx_PeriphCLKConfig
    main.o(i.fputc) refers to stm32f1xx_hal_uart.o(i.HAL_UART_Transmit) for HAL_UART_Transmit
    main.o(i.fputc) refers to usart.o(.bss) for huart3
    main.o(i.main) refers to stm32f1xx_hal.o(i.HAL_Init) for HAL_Init
    main.o(i.main) refers to main.o(i.SystemClock_Config) for SystemClock_Config
    main.o(i.main) refers to gpio.o(i.MX_GPIO_Init) for MX_GPIO_Init
    main.o(i.main) refers to i2c.o(i.MX_I2C1_Init) for MX_I2C1_Init
    main.o(i.main) refers to adc.o(i.MX_ADC1_Init) for MX_ADC1_Init
    main.o(i.main) refers to usart.o(i.MX_USART3_UART_Init) for MX_USART3_UART_Init
    main.o(i.main) refers to tim.o(i.MX_TIM2_Init) for MX_TIM2_Init
    main.o(i.main) refers to tim.o(i.MX_TIM3_Init) for MX_TIM3_Init
    main.o(i.main) refers to tim.o(i.MX_TIM1_Init) for MX_TIM1_Init
    main.o(i.main) refers to tim.o(i.MX_TIM4_Init) for MX_TIM4_Init
    main.o(i.main) refers to usart.o(i.MX_USART2_UART_Init) for MX_USART2_UART_Init
    main.o(i.main) refers to stm32f1xx_hal_uart.o(i.HAL_UART_Receive_IT) for HAL_UART_Receive_IT
    main.o(i.main) refers to oled.o(i.SSD1315_Init) for SSD1315_Init
    main.o(i.main) refers to stm32f1xx_hal.o(i.HAL_Delay) for HAL_Delay
    main.o(i.main) refers to oled.o(i.OLED_Clear) for OLED_Clear
    main.o(i.main) refers to main.o(i.oled_show) for oled_show
    main.o(i.main) refers to printf8.o(i.__0printf$8) for __2printf
    main.o(i.main) refers to stm32f1xx_hal_i2c.o(i.HAL_I2C_Mem_Read) for HAL_I2C_Mem_Read
    main.o(i.main) refers to inv_mpu.o(i.mpu_dmp_init) for mpu_dmp_init
    main.o(i.main) refers to motor.o(i.Encoder_Start) for Encoder_Start
    main.o(i.main) refers to motor.o(i.Motor_Start) for Motor_Start
    main.o(i.main) refers to stm32f1xx_hal_tim.o(i.HAL_TIM_Base_Start_IT) for HAL_TIM_Base_Start_IT
    main.o(i.main) refers to badc.o(i.get_volt) for get_volt
    main.o(i.main) refers to main.o(.data) for .data
[...]
    i.dmp_set_accel_bias                     0x0800537c   Section        0  inv_mpu_dmp_motion_driver.o(i.dmp_set_accel_bias)
    i.dmp_set_fifo_rate                      0x08005454   Section        0  inv_mpu_dmp_motion_driver.o(i.dmp_set_fifo_rate)
    i.dmp_set_gyro_bias                      0x080054b8   Section        0  inv_mpu_dmp_motion_driver.o(i.dmp_set_gyro_bias)
    i.dmp_set_orientation                    0x08005584   Section        0  inv_mpu_dmp_motion_driver.o(i.dmp_set_orientation)
    i.dmp_set_shake_reject_thresh            0x08005690   Section        0  inv_mpu_dmp_motion_driver.o(i.dmp_set_shake_reject_thresh)
    i.dmp_set_shake_reject_time              0x080056c0   Section        0  inv_mpu_dmp_motion_driver.o(i.dmp_set_shake_reject_time)
    i.dmp_set_shake_reject_timeout           0x080056e0   Section        0  inv_mpu_dmp_motion_driver.o(i.dmp_set_shake_reject_timeout)
    i.dmp_set_tap_axes                       0x08005700   Section        0  inv_mpu_dmp_motion_driver.o(i.dmp_set_tap_axes)
    i.dmp_set_tap_count                      0x08005740   Section        0  inv_mpu_dmp_motion_driver.o(i.dmp_set_tap_count)
    i.dmp_set_tap_thresh                     0x08005764   Section        0  inv_mpu_dmp_motion_driver.o(i.dmp_set_tap_thresh)
    i.dmp_set_tap_time                       0x0800588c   Section        0  inv_mpu_dmp_motion_driver.o(i.dmp_set_tap_time)
    i.dmp_set_tap_time_multi                 0x080058ac   Section        0  inv_mpu_dmp_motion_driver.o(i.dmp_set_tap_time_multi)
    i.fputc                                  0x080058cc   Section        0  main.o(i.fputc)
    i.get_accel_prod_shift                   0x080058e4   Section        0  inv_mpu.o(i.get_accel_prod_shift)
    get_accel_prod_shift                     0x080058e5   Thumb Code   158  inv_mpu.o(i.get_accel_prod_shift)
    i.get_st_biases                          0x08005990   Section        0  inv_mpu.o(i.get_st_biases)
    get_st_biases                            0x08005991   Thumb Code   784  inv_mpu.o(i.get_st_biases)
    i.get_volt                               0x08005ca4   Section        0  badc.o(i.get_volt)
    i.gyro_self_test                         0x08005d30   Section        0  inv_mpu.o(i.gyro_self_test)
    gyro_self_test                           0x08005d31   Thumb Code   190  inv_mpu.o(i.gyro_self_test)
    i.inv_orientation_matrix_to_scalar       0x08005e04   Section        0  inv_mpu.o(i.inv_orientation_matrix_to_scalar)
    i.inv_row_2_scale                        0x08005e26   Section        0  inv_mpu.o(i.inv_row_2_scale)
    i.main                                   0x08005e70   Section        0  main.o(i.main)
    i.mget_ms                                0x08005f88   Section        0  inv_mpu.o(i.mget_ms)
    i.mpu_configure_fifo                     0x08005f8c   Section        0  inv_mpu.o(i.mpu_configure_fifo)
    i.mpu_dmp_get_data                       0x08005fe0   Section        0  inv_mpu.o(i.mpu_dmp_get_data)
    i.mpu_dmp_init                           0x0800617c   Section        0  inv_mpu.o(i.mpu_dmp_init)
    i.mpu_get_accel_fsr                      0x0800621c   Section        0  inv_mpu.o(i.mpu_get_accel_fsr)
    i.mpu_get_accel_sens                     0x08006258   Section        0  inv_mpu.o(i.mpu_get_accel_sens)
    i.mpu_get_gyro_fsr                       0x0800629c   Section        0  inv_mpu.o(i.mpu_get_gyro_fsr)
    i.mpu_get_gyro_sens                      0x080062d0   Section        0  inv_mpu.o(i.mpu_get_gyro_sens)
    i.mpu_get_lpf                            0x08006310   Section        0  inv_mpu.o(i.mpu_get_lpf)
    i.mpu_get_sample_rate                    0x08006348   Section        0  inv_mpu.o(i.mpu_get_sample_rate)
    i.mpu_init                               0x08006364   Section        0  inv_mpu.o(i.mpu_init)
    i.mpu_load_firmware                      0x080064ec   Section        0  inv_mpu.o(i.mpu_load_firmware)
    i.mpu_lp_accel_mode                      0x0800658c   Section        0  inv_mpu.o(i.mpu_lp_accel_mode)
    i.mpu_read_fifo_stream                   0x08006644   Section        0  inv_mpu.o(i.mpu_read_fifo_stream)
    i.mpu_read_mem                           0x080066d4   Section        0  inv_mpu.o(i.mpu_read_mem)
    i.mpu_reset_fifo                         0x08006728   Section        0  inv_mpu.o(i.mpu_reset_fifo)
    i.mpu_run_self_test                      0x08006888   Section        0  inv_mpu.o(i.mpu_run_self_test)
    i.mpu_set_accel_fsr                      0x08006978   Section        0  inv_mpu.o(i.mpu_set_accel_fsr)
    i.mpu_set_bypass                         0x080069e0   Section        0  inv_mpu.o(i.mpu_set_bypass)
    i.mpu_set_dmp_state                      0x08006abc   Section        0  inv_mpu.o(i.mpu_set_dmp_state)
    i.mpu_set_gyro_fsr                       0x08006b34   Section        0  inv_mpu.o(i.mpu_set_gyro_fsr)
    i.mpu_set_int_latched                    0x08006ba0   Section        0  inv_mpu.o(i.mpu_set_int_latched)
    i.mpu_set_lpf                            0x08006c04   Section        0  inv_mpu.o(i.mpu_set_lpf)
    i.mpu_set_sample_rate                    0x08006c70   Section        0  inv_mpu.o(i.mpu_set_sample_rate)
    i.mpu_set_sensors                        0x08006cf0   Section        0  inv_mpu.o(i.mpu_set_sensors)
    i.mpu_write_mem                          0x08006da8   Section        0  inv_mpu.o(i.mpu_write_mem)
    i.oled_pow                               0x08006dfc   Section        0  oled.o(i.oled_pow)
    i.oled_proc                              0x08006e0c   Section        0  main.o(i.oled_proc)
    i.oled_show                              0x08006e88   Section        0  main.o(i.oled_show)
    i.run_self_test                          0x08006f3c   Section        0  inv_mpu.o(i.run_self_test)
    i.set_int_enable                         0x08006fbc   Section        0  inv_mpu.o(i.set_int_enable)
    set_int_enable                           0x08006fbd   Thumb Code    84  inv_mpu.o(i.set_int_enable)
    i.sqrt                                   0x08007014   Section        0  sqrt.o(i.sqrt)
    i.turn                                   0x08007060   Section        0  control.o(i.turn)
    i.velocity                               0x0800713c   Section        0  control.o(i.velocity)
    .constdata                               0x08007210   Section       16  system_stm32f1xx.o(.constdata)
    .constdata                               0x08007220   Section        8  system_stm32f1xx.o(.constdata)
    .constdata                               0x08007228   Section     2072  oled.o(.constdata)
    .constdata                               0x08007a40   Section       27  inv_mpu.o(.constdata)
    .constdata                               0x08007a5c   Section       12  inv_mpu.o(.constdata)
    .constdata                               0x08007a68   Section       40  inv_mpu.o(.constdata)
    .constdata                               0x08007a90   Section     3062  inv_mpu_dmp_motion_driver.o(.constdata)
    dmp_memory                               0x08007a90   Data        3062  inv_mpu_dmp_motion_driver.o(.constdata)
    .constdata                               0x08008688   Section       80  asin.o(.constdata)
    pS                                       0x08008688   Data          48  asin.o(.constdata)
    qS                                       0x080086b8   Data          32  asin.o(.constdata)
    .constdata                               0x080086d8   Section      152  atan.o(.constdata)
    atanhi                                   0x080086d8   Data          32  atan.o(.constdata)
    atanlo                                   0x080086f8   Data          32  atan.o(.constdata)
    aTodd                                    0x08008718   Data          40  atan.o(.constdata)
    aTeven                                   0x08008740   Data          48  atan.o(.constdata)
    .constdata                               0x08008770   Section        8  qnan.o(.constdata)
    .conststring                             0x08008778   Section       77  inv_mpu.o(.conststring)
    .data                                    0x20000000   Section       32  main.o(.data)
    .data                                    0x20000020   Section       12  stm32f1xx_hal.o(.data)
    .data                                    0x2000002c   Section        4  system_stm32f1xx.o(.data)
    .data                                    0x20000030   Section       16  badc.o(.data)
    volt                                     0x20000030   Data           8  badc.o(.data)
    last_volt                                0x20000038   Data           8  badc.o(.data)
    .data                                    0x20000040   Section       80  control.o(.data)
    Velocity                                 0x2000005c   Data           4  control.o(.data)
    Encoder_Least                            0x20000060   Data           4  control.o(.data)
    Encoder                                  0x20000064   Data           4  control.o(.data)
    Encoder_Integral                         0x20000068   Data           4  control.o(.data)
    Turn_Target                              0x2000006c   Data           4  control.o(.data)
    Encoder_temp                             0x20000070   Data           4  control.o(.data)
    Turn_Convert                             0x20000074   Data           4  control.o(.data)
    Turn_Count                               0x20000078   Data           4  control.o(.data)
    .data                                    0x20000090   Section        4  control.o(.data)
    .data                                    0x20000094   Section        4  control.o(.data)
    .data                                    0x20000098   Section       53  inv_mpu.o(.data)
    st                                       0x20000098   Data          44  inv_mpu.o(.data)
    gyro_orientation                         0x200000c4   Data           9  inv_mpu.o(.data)
    .data                                    0x200000d0   Section        4  stdout.o(.data)
    .data                                    0x200000d4   Section        4  errno.o(.data)
    _errno                                   0x200000d4   Data           4  errno.o(.data)
    .bss                                     0x200000d8   Section       44  main.o(.bss)
    .bss                                     0x20000104   Section       48  adc.o(.bss)
    .bss                                     0x20000134   Section       84  i2c.o(.bss)
    .bss                                     0x20000188   Section      288  tim.o(.bss)
    .bss                                     0x200002a8   Section      136  usart.o(.bss)
    .bss                                     0x20000330   Section       16  inv_mpu_dmp_motion_driver.o(.bss)
    dmp                                      0x20000330   Data          16  inv_mpu_dmp_motion_driver.o(.bss)
    STACK                                    0x20000340   Section     1024  startup_stm32f103xb.o(STACK)

    Global Symbols

    Symbol Name                              Value     Ov Type        Size  Object(Section)

    BuildAttributes$$THM_ISAv4$P$D$K$B$S$PE$A:L22UL41UL21$X:L11$S22US41US21$IEEE1$IW$USESV6$~STKCKD$USESV7$~SHL$OTIME$ROPI$IEEEX$EBA8$MICROLIB$REQ8$PRES8$EABIv2 0x00000000   Number         0  anon$$obj.o ABSOLUTE
    __ARM_use_no_argv                        0x00000000   Number         0  main.o ABSOLUTE
    _printf_a                                0x00000000   Number         0  stubs.o ABSOLUTE
    _printf_c                                0x00000000   Number         0  stubs.o ABSOLUTE
    _printf_charcount                        0x00000000   Number         0  stubs.o ABSOLUTE
    _printf_d                                0x00000000   Number         0  stubs.o ABSOLUTE
    _printf_e                                0x00000000   Number         0  stubs.o ABSOLUTE
    _printf_f                                0x00000000   Number         0  stubs.o ABSOLUTE
    _printf_flags                            0x00000000   Number         0  stubs.o ABSOLUTE
    _printf_fp_dec                           0x00000000   Number         0  stubs.o ABSOLUTE
    _printf_fp_hex                           0x00000000   Number         0  stubs.o ABSOLUTE
    _printf_g                                0x00000000   Number         0  stubs.o ABSOLUTE
    _printf_i                                0x00000000   Number         0  stubs.o ABSOLUTE
    _printf_int_dec                          0x00000000   Number         0  stubs.o ABSOLUTE
    _printf_l                                0x00000000   Number         0  stubs.o ABSOLUTE
    _printf_lc                               0x00000000   Number         0  stubs.o ABSOLUTE
    _printf_ll                               0x00000000   Number         0  stubs.o ABSOLUTE
    _printf_lld                              0x00000000   Number         0  stubs.o ABSOLUTE
    _printf_lli                              0x00000000   Number         0  stubs.o ABSOLUTE
    _printf_llo                              0x00000000   Number         0  stubs.o ABSOLUTE
    _printf_llu                              0x00000000   Number         0  stubs.o ABSOLUTE
    _printf_llx                              0x00000000   Number         0  stubs.o ABSOLUTE
    _printf_longlong_dec                     0x00000000   Number         0  stubs.o ABSOLUTE
    _printf_longlong_hex                     0x00000000   Number         0  stubs.o ABSOLUTE
    _printf_longlong_oct                     0x00000000   Number         0  stubs.o ABSOLUTE
    _printf_ls                               0x00000000   Number         0  stubs.o ABSOLUTE
    _printf_mbtowc                           0x00000000   Number         0  stubs.o ABSOLUTE
    _printf_n                                0x00000000   Number         0  stubs.o ABSOLUTE
    _printf_o                                0x00000000   Number         0  stubs.o ABSOLUTE
    _printf_p                                0x00000000   Number         0  stubs.o ABSOLUTE
    _printf_percent                          0x00000000   Number         0  stubs.o ABSOLUTE
    _printf_pre_padding                      0x00000000   Number         0  stubs.o ABSOLUTE
    _printf_return_value                     0x00000000   Number         0  stubs.o ABSOLUTE
    _printf_s                                0x00000000   Number         0  stubs.o ABSOLUTE
    _printf_sizespec                         0x00000000   Number         0  stubs.o ABSOLUTE
    _printf_str                              0x00000000   Number         0  stubs.o ABSOLUTE
    _printf_truncate_signed                  0x00000000   Number         0  stubs.o ABSOLUTE
    _printf_truncate_unsigned                0x00000000   Number         0  stubs.o ABSOLUTE
    _printf_u                                0x00000000   Number         0  stubs.o ABSOLUTE
    _printf_wc                               0x00000000   Number         0  stubs.o ABSOLUTE
    _printf_wctomb                           0x00000000   Number         0  stubs.o ABSOLUTE
    _printf_widthprec                        0x00000000   Number         0  stubs.o ABSOLUTE
    _printf_x                                0x00000000   Number         0  stubs.o ABSOLUTE
    __cpp_initialize__aeabi_                  - Undefined Weak Reference
    __cxa_finalize                            - Undefined Weak Reference
    __decompress                              - Undefined Weak Reference
    _clock_init                               - Undefined Weak Reference
    _microlib_exit                            - Undefined Weak Reference
    __Vectors_Size                           0x000000ec   Number         0  startup_stm32f103xb.o ABSOLUTE
    __Vectors                                0x08000000   Data           4  startup_stm32f103xb.o(RESET)
    __Vectors_End                            0x080000ec   Data           0  startup_stm32f103xb.o(RESET)
    __main                                   0x080000ed   Thumb Code     0  entry.o(.ARM.Collect$$$$00000000)
    _main_stk                                0x080000ed   Thumb Code     0  entry2.o(.ARM.Collect$$$$00000001)
    _main_scatterload                        0x080000f1   Thumb Code     0  entry5.o(.ARM.Collect$$$$00000004)
    __main_after_scatterload                 0x080000f5   Thumb Code     0  entry5.o(.ARM.Collect$$$$00000004)
    _main_clock                              0x080000f5   Thumb Code     0  entry7b.o(.ARM.Collect$$$$00000008)
    _main_cpp_init                           0x080000f5   Thumb Code     0  entry8b.o(.ARM.Collect$$$$0000000A)
    _main_init                               0x080000f5   Thumb Code     0  entry9a.o(.ARM.Collect$$$$0000000B)
    __rt_final_cpp                           0x080000fd   Thumb Code     0  entry10a.o(.ARM.Collect$$$$0000000D)
    __rt_final_exit                          0x080000fd   Thumb Code     0  entry11a.o(.ARM.Collect$$$$0000000F)
    Reset_Handler                            0x08000101   Thumb Code     8  startup_stm32f103xb.o(.text)
    ADC1_2_IRQHandler                        0x0800011b   Thumb Code     0  startup_stm32f103xb.o(.text)
    CAN1_RX1_IRQHandler                      0x0800011b   Thumb Code     0  startup_stm32f103xb.o(.text)
    CAN1_SCE_IRQHandler                      0x0800011b   Thumb Code     0  startup_stm32f103xb.o(.text)
    DMA1_Channel1_IRQHandler                 0x0800011b   Thumb Code     0  startup_stm32f103xb.o(.text)
    DMA1_Channel2_IRQHandler                 0x0800011b   Thumb Code     0  startup_stm32f103xb.o(.text)
    DMA1_Channel3_IRQHandler                 0x0800011b   Thumb Code     0  startup_stm32f103xb.o(.text)
    DMA1_Channel4_IRQHandler                 0x0800011b   Thumb Code     0  startup_stm32f103xb.o(.text)
    DMA1_Channel5_IRQHandler                 0x0800011b   Thumb Code     0  startup_stm32f103xb.o(.text)
    DMA1_Channel6_IRQHandler                 0x0800011b   Thumb Code     0  startup_stm32f103xb.o(.text)
    DMA1_Channel7_IRQHandler                 0x0800011b   Thumb Code     0  startup_stm32f103xb.o(.text)
    EXTI0_IRQHandler                         0x0800011b   Thumb Code     0  startup_stm32f103xb.o(.text)
    EXTI15_10_IRQHandler                     0x0800011b   Thumb Code     0  startup_stm32f103xb.o(.text)
    EXTI1_IRQHandler                         0x0800011b   Thumb Code     0  startup_stm32f103xb.o(.text)
    EXTI2_IRQHandler                         0x0800011b   Thumb Code     0  startup_stm32f103xb.o(.text)
    EXTI3_IRQHandler                         0x0800011b   Thumb Code     0  startup_stm32f103xb.o(.text)
    EXTI4_IRQHandler                         0x0800011b   Thumb Code     0  startup_stm32f103xb.o(.text)
    EXTI9_5_IRQHandler                       0x0800011b   Thumb Code     0  startup_stm32f103xb.o(.text)
    FLASH_IRQHandler                         0x0800011b   Thumb Code     0  startup_stm32f103xb.o(.text)
    I2C1_ER_IRQHandler                       0x0800011b   Thumb Code     0  startup_stm32f103xb.o(.text)
    I2C1_EV_IRQHandler                       0x0800011b   Thumb Code     0  startup_stm32f103xb.o(.text)
    I2C2_ER_IRQHandler                       0x0800011b   Thumb Code     0  startup_stm32f103xb.o(.text)
    I2C2_EV_IRQHandler                       0x0800011b   Thumb Code     0  startup_stm32f103xb.o(.text)
    PVD_IRQHandler                           0x0800011b   Thumb Code     0  startup_stm32f103xb.o(.text)
    RCC_IRQHandler                           0x0800011b   Thumb Code     0  startup_stm32f103xb.o(.text)
    RTC_Alarm_IRQHandler                     0x0800011b   Thumb Code     0  startup_stm32f103xb.o(.text)
    RTC_IRQHandler                           0x0800011b   Thumb Code     0  startup_stm32f103xb.o(.text)
    SPI1_IRQHandler                          0x0800011b   Thumb Code     0  startup_stm32f103xb.o(.text)
    SPI2_IRQHandler                          0x0800011b   Thumb Code     0  startup_stm32f103xb.o(.text)
    TAMPER_IRQHandler                        0x0800011b   Thumb Code     0  startup_stm32f103xb.o(.text)
    TIM1_BRK_IRQHandler                      0x0800011b   Thumb Code     0  startup_stm32f103xb.o(.text)
    TIM1_CC_IRQHandler                       0x0800011b   Thumb Code     0  startup_stm32f103xb.o(.text)
    TIM1_TRG_COM_IRQHandler                  0x0800011b   Thumb Code     0  startup_stm32f103xb.o(.text)
    TIM1_UP_IRQHandler                       0x0800011b   Thumb Code     0  startup_stm32f103xb.o(.text)
    USART1_IRQHandler                        0x0800011b   Thumb Code     0  startup_stm32f103xb.o(.text)
    USBWakeUp_IRQHandler                     0x0800011b   Thumb Code     0  startup_stm32f103xb.o(.text)
    USB_HP_CAN1_TX_IRQHandler                0x0800011b   Thumb Code     0  startup_stm32f103xb.o(.text)
    USB_LP_CAN1_RX0_IRQHandler               0x0800011b   Thumb Code     0  startup_stm32f103xb.o(.text)
    WWDG_IRQHandler                          0x0800011b   Thumb Code     0  startup_stm32f103xb.o(.text)
    __aeabi_ldivmod                          0x08000125   Thumb Code    98  ldiv.o(.text)
    __aeabi_llsr                             0x08000187   Thumb Code    32  llushr.o(.text)
    _ll_ushift_r                             0x08000187   Thumb Code     0  llushr.o(.text)
    __aeabi_memset                           0x080001a7   Thumb Code    14  memseta.o(.text)
    __aeabi_memset4                          0x080001a7   Thumb Code     0  memseta.o(.text)
    __aeabi_memset8                          0x080001a7   Thumb Code     0  memseta.o(.text)
    __aeabi_memclr                           0x080001b5   Thumb Code     4  memseta.o(.text)
    __aeabi_memclr4                          0x080001b5   Thumb Code     0  memseta.o(.text)
    __aeabi_memclr8                          0x080001b5   Thumb Code     0  memseta.o(.text)
    _memset$wrapper                          0x080001b9   Thumb Code    18  memseta.o(.text)
    memcmp                                   0x080001cb   Thumb Code    26  memcmp.o(.text)
    __aeabi_fadd                             0x080001e5   Thumb Code   164  fadd.o(.text)
    __aeabi_fsub                             0x08000289   Thumb Code     6  fadd.o(.text)
    __aeabi_frsub                            0x0800028f   Thumb Code     6  fadd.o(.text)
    __aeabi_fmul                             0x08000295   Thumb Code   100  fmul.o(.text)
    __aeabi_fdiv                             0x080002f9   Thumb Code   124  fdiv.o(.text)
    __ARM_scalbnf                            0x08000375   Thumb Code    24  fscalb.o(.text)
    scalbnf                                  0x08000375   Thumb Code     0  fscalb.o(.text)
    __aeabi_dadd                             0x0800038d   Thumb Code   322  dadd.o(.text)
    __aeabi_dsub                             0x080004cf   Thumb Code     6  dadd.o(.text)
    __aeabi_drsub                            0x080004d5   Thumb Code     6  dadd.o(.text)
    __aeabi_dmul                             0x080004db   Thumb Code   228  dmul.o(.text)
    __aeabi_ddiv                             0x080005bf   Thumb Code   222  ddiv.o(.text)
    __ARM_scalbn                             0x0800069d   Thumb Code    46  dscalb.o(.text)
    scalbn                                   0x0800069d   Thumb Code     0  dscalb.o(.text)
    __aeabi_i2f                              0x080006cb   Thumb Code    18  fflti.o(.text)
    __aeabi_ui2f                             0x080006dd   Thumb Code    10  ffltui.o(.text)
    __aeabi_i2d                              0x080006e7   Thumb Code    34  dflti.o(.text)
    __aeabi_ui2d                             0x08000709   Thumb Code    26  dfltui.o(.text)
    __aeabi_f2iz                             0x08000723   Thumb Code    50  ffixi.o(.text)
    __aeabi_f2uiz                            0x08000755   Thumb Code    40  ffixui.o(.text)
    __aeabi_d2iz                             0x0800077d   Thumb Code    62  dfixi.o(.text)
    __aeabi_d2uiz                            0x080007bb   Thumb Code    50  dfixui.o(.text)
    __aeabi_f2d                              0x080007ed   Thumb Code    38  f2d.o(.text)
    __aeabi_cdcmpeq                          0x08000815   Thumb Code     0  cdcmple.o(.text)
    __aeabi_cdcmple                          0x08000815   Thumb Code    48  cdcmple.o(.text)
    __aeabi_d2f                              0x08000845   Thumb Code    56  d2f.o(.text)
    __aeabi_cfrcmple                         0x0800087d   Thumb Code    20  cfrcmple.o(.text)
    __aeabi_uldivmod                         0x08000891   Thumb Code    98  uldiv.o(.text)
    __aeabi_llsl                             0x080008f3   Thumb Code    30  llshl.o(.text)
    _ll_shift_l                              0x080008f3   Thumb Code     0  llshl.o(.text)
    __aeabi_lasr                             0x08000911   Thumb Code    36  llsshr.o(.text)
    _ll_sshift_r                             0x08000911   Thumb Code     0  llsshr.o(.text)
    __I$use$fp                               0x08000935   Thumb Code     0  iusefp.o(.text)
    _float_round                             0x08000935   Thumb Code    18  fepilogue.o(.text)
    _float_epilogue                          0x08000947   Thumb Code    92  fepilogue.o(.text)
    _double_round                            0x080009a3   Thumb Code    30  depilogue.o(.text)
    _double_epilogue                         0x080009c1   Thumb Code   156  depilogue.o(.text)
    __scatterload                            0x08000a5d   Thumb Code    28  init.o(.text)
    __scatterload_rt2                        0x08000a5d   Thumb Code     0  init.o(.text)
    _dsqrt                                   0x08000a81   Thumb Code   162  dsqrt.o(.text)
    ADC_ConversionStop_Disable               0x08000b25   Thumb Code    86  stm32f1xx_hal_adc.o(i.ADC_ConversionStop_Disable)
    ADC_Enable                               0x08000b7d   Thumb Code   114  stm32f1xx_hal_adc.o(i.ADC_Enable)
    BusFault_Handler                         0x08000bf9   Thumb Code     2  stm32f1xx_it.o(i.BusFault_Handler)
    DebugMon_Handler                         0x08000bfb   Thumb Code     2  stm32f1xx_it.o(i.DebugMon_Handler)
    Encoder_Start                            0x08000bfd   Thumb Code    52  motor.o(i.Encoder_Start)
    Error_Handler                            0x08000c39   Thumb Code     4  main.o(i.Error_Handler)
    GFP_abs                                  0x08000c3d   Thumb Code     8  motor.o(i.GFP_abs)
    HAL_ADC_ConfigChannel                    0x08000c45   Thumb Code   240  stm32f1xx_hal_adc.o(i.HAL_ADC_ConfigChannel)
    HAL_ADC_GetState                         0x08000d41   Thumb Code     4  stm32f1xx_hal_adc.o(i.HAL_ADC_GetState)
    HAL_ADC_GetValue                         0x08000d45   Thumb Code     6  stm32f1xx_hal_adc.o(i.HAL_ADC_GetValue)
    HAL_ADC_Init                             0x08000d4d   Thumb Code   272  stm32f1xx_hal_adc.o(i.HAL_ADC_Init)
    HAL_ADC_MspInit                          0x08000e69   Thumb Code    76  adc.o(i.HAL_ADC_MspInit)
    HAL_ADC_PollForConversion                0x08000ec1   Thumb Code   304  stm32f1xx_hal_adc.o(i.HAL_ADC_PollForConversion)
    HAL_ADC_Start                            0x08000ffd   Thumb Code   184  stm32f1xx_hal_adc.o(i.HAL_ADC_Start)
    HAL_DMA_Abort                            0x080010bd   Thumb Code    70  stm32f1xx_hal_dma.o(i.HAL_DMA_Abort)
    HAL_DMA_Abort_IT                         0x08001105   Thumb Code   148  stm32f1xx_hal_dma.o(i.HAL_DMA_Abort_IT)
    HAL_Delay                                0x0800119d   Thumb Code    32  stm32f1xx_hal.o(i.HAL_Delay)
    HAL_GPIO_Init                            0x080011c1   Thumb Code   446  stm32f1xx_hal_gpio.o(i.HAL_GPIO_Init)
    HAL_GPIO_WritePin                        0x080013a1   Thumb Code    10  stm32f1xx_hal_gpio.o(i.HAL_GPIO_WritePin)
    HAL_GetTick                              0x080013ad   Thumb Code     6  stm32f1xx_hal.o(i.HAL_GetTick)
    HAL_I2C_Init                             0x080013b9   Thumb Code   376  stm32f1xx_hal_i2c.o(i.HAL_I2C_Init)
    HAL_I2C_Mem_Read                         0x08001541   Thumb Code   574  stm32f1xx_hal_i2c.o(i.HAL_I2C_Mem_Read)
    HAL_I2C_Mem_Write                        0x08001791   Thumb Code   294  stm32f1xx_hal_i2c.o(i.HAL_I2C_Mem_Write)
    HAL_I2C_MspInit                          0x080018c1   Thumb Code    80  i2c.o(i.HAL_I2C_MspInit)
    HAL_IncTick                              0x0800191d   Thumb Code    12  stm32f1xx_hal.o(i.HAL_IncTick)
    HAL_Init                                 0x0800192d   Thumb Code    32  stm32f1xx_hal.o(i.HAL_Init)
    HAL_InitTick                             0x08001951   Thumb Code    54  stm32f1xx_hal.o(i.HAL_InitTick)
    HAL_MspInit                              0x08001991   Thumb Code    52  stm32f1xx_hal_msp.o(i.HAL_MspInit)
    HAL_NVIC_EnableIRQ                       0x080019cd   Thumb Code    26  stm32f1xx_hal_cortex.o(i.HAL_NVIC_EnableIRQ)
    HAL_NVIC_SetPriority                     0x080019e9   Thumb Code    60  stm32f1xx_hal_cortex.o(i.HAL_NVIC_SetPriority)
    HAL_NVIC_SetPriorityGrouping             0x08001a29   Thumb Code    26  stm32f1xx_hal_cortex.o(i.HAL_NVIC_SetPriorityGrouping)
    HAL_RCCEx_GetPeriphCLKFreq               0x08001a4d   Thumb Code   166  stm32f1xx_hal_rcc_ex.o(i.HAL_RCCEx_GetPeriphCLKFreq)
    HAL_RCCEx_PeriphCLKConfig                0x08001b15   Thumb Code   224  stm32f1xx_hal_rcc_ex.o(i.HAL_RCCEx_PeriphCLKConfig)
    HAL_RCC_ClockConfig                      0x08001c01   Thumb Code   280  stm32f1xx_hal_rcc.o(i.HAL_RCC_ClockConfig)
    HAL_RCC_GetPCLK1Freq                     0x08001d2d   Thumb Code    20  stm32f1xx_hal_rcc.o(i.HAL_RCC_GetPCLK1Freq)
    HAL_RCC_GetPCLK2Freq                     0x08001d4d   Thumb Code    20  stm32f1xx_hal_rcc.o(i.HAL_RCC_GetPCLK2Freq)
    HAL_RCC_GetSysClockFreq                  0x08001d6d   Thumb Code    74  stm32f1xx_hal_rcc.o(i.HAL_RCC_GetSysClockFreq)
    HAL_RCC_OscConfig                        0x08001dd9   Thumb Code   778  stm32f1xx_hal_rcc.o(i.HAL_RCC_OscConfig)
    HAL_SYSTICK_Config                       0x080020f9   Thumb Code    40  stm32f1xx_hal_cortex.o(i.HAL_SYSTICK_Config)
    HAL_TIMEx_BreakCallback                  0x08002121   Thumb Code     2  stm32f1xx_hal_tim_ex.o(i.HAL_TIMEx_BreakCallback)
    HAL_TIMEx_CommutCallback                 0x08002123   Thumb Code     2  stm32f1xx_hal_tim_ex.o(i.HAL_TIMEx_CommutCallback)
    HAL_TIMEx_ConfigBreakDeadTime            0x08002125   Thumb Code    84  stm32f1xx_hal_tim_ex.o(i.HAL_TIMEx_ConfigBreakDeadTime)
    HAL_TIMEx_MasterConfigSynchronization    0x08002179   Thumb Code    92  stm32f1xx_hal_tim_ex.o(i.HAL_TIMEx_MasterConfigSynchronization)
    HAL_TIM_Base_Init                        0x080021e1   Thumb Code    90  stm32f1xx_hal_tim.o(i.HAL_TIM_Base_Init)
    HAL_TIM_Base_MspInit                     0x0800223d   Thumb Code    72  tim.o(i.HAL_TIM_Base_MspInit)
    HAL_TIM_Base_Start_IT                    0x08002291   Thumb Code    76  stm32f1xx_hal_tim.o(i.HAL_TIM_Base_Start_IT)
    HAL_TIM_ConfigClockSource                0x080022e9   Thumb Code   214  stm32f1xx_hal_tim.o(i.HAL_TIM_ConfigClockSource)
    HAL_TIM_Encoder_Init                     0x080023bf   Thumb Code   164  stm32f1xx_hal_tim.o(i.HAL_TIM_Encoder_Init)
    HAL_TIM_Encoder_MspInit                  0x08002465   Thumb Code   158  tim.o(i.HAL_TIM_Encoder_MspInit)
    HAL_TIM_Encoder_Start                    0x08002511   Thumb Code   142  stm32f1xx_hal_tim.o(i.HAL_TIM_Encoder_Start)
    HAL_TIM_Encoder_Start_IT                 0x0800259f   Thumb Code   182  stm32f1xx_hal_tim.o(i.HAL_TIM_Encoder_Start_IT)
    HAL_TIM_IC_CaptureCallback               0x08002655   Thumb Code     2  stm32f1xx_hal_tim.o(i.HAL_TIM_IC_CaptureCallback)
    HAL_TIM_IRQHandler                       0x08002657   Thumb Code   358  stm32f1xx_hal_tim.o(i.HAL_TIM_IRQHandler)
    HAL_TIM_MspPostInit                      0x080027bd   Thumb Code    64  tim.o(i.HAL_TIM_MspPostInit)
    HAL_TIM_OC_DelayElapsedCallback          0x08002809   Thumb Code     2  stm32f1xx_hal_tim.o(i.HAL_TIM_OC_DelayElapsedCallback)
    HAL_TIM_PWM_ConfigChannel                0x0800280b   Thumb Code   198  stm32f1xx_hal_tim.o(i.HAL_TIM_PWM_ConfigChannel)
    HAL_TIM_PWM_Init                         0x080028d1   Thumb Code    90  stm32f1xx_hal_tim.o(i.HAL_TIM_PWM_Init)
    HAL_TIM_PWM_MspInit                      0x0800292b   Thumb Code     2  stm32f1xx_hal_tim.o(i.HAL_TIM_PWM_MspInit)
    HAL_TIM_PWM_PulseFinishedCallback        0x0800292d   Thumb Code     2  stm32f1xx_hal_tim.o(i.HAL_TIM_PWM_PulseFinishedCallback)
    HAL_TIM_PWM_Start                        0x08002931   Thumb Code   144  stm32f1xx_hal_tim.o(i.HAL_TIM_PWM_Start)
    HAL_TIM_PeriodElapsedCallback            0x080029cd   Thumb Code    46  main.o(i.HAL_TIM_PeriodElapsedCallback)
    HAL_TIM_TriggerCallback                  0x08002a05   Thumb Code     2  stm32f1xx_hal_tim.o(i.HAL_TIM_TriggerCallback)
    HAL_UARTEx_RxEventCallback               0x08002a07   Thumb Code     2  stm32f1xx_hal_uart.o(i.HAL_UARTEx_RxEventCallback)
    HAL_UART_ErrorCallback                   0x08002a09   Thumb Code     2  stm32f1xx_hal_uart.o(i.HAL_UART_ErrorCallback)
    HAL_UART_IRQHandler                      0x08002a0d   Thumb Code   520  stm32f1xx_hal_uart.o(i.HAL_UART_IRQHandler)
    HAL_UART_Init                            0x08002c19   Thumb Code    98  stm32f1xx_hal_uart.o(i.HAL_UART_Init)
    HAL_UART_MspInit                         0x08002c7d   Thumb Code   200  usart.o(i.HAL_UART_MspInit)
    HAL_UART_Receive_IT                      0x08002d59   Thumb Code    42  stm32f1xx_hal_uart.o(i.HAL_UART_Receive_IT)
    HAL_UART_RxCpltCallback                  0x08002d85   Thumb Code    26  main.o(i.HAL_UART_RxCpltCallback)
    HAL_UART_Transmit                        0x08002dad   Thumb Code   178  stm32f1xx_hal_uart.o(i.HAL_UART_Transmit)
    HAL_UART_TxCpltCallback                  0x08002e5f   Thumb Code     2  stm32f1xx_hal_uart.o(i.HAL_UART_TxCpltCallback)
    HardFault_Handler                        0x08002e61   Thumb Code     2  stm32f1xx_it.o(i.HardFault_Handler)
    Limit                                    0x08003231   Thumb Code    48  motor.o(i.Limit)
    MPU_Get_Gyroscope                        0x08003269   Thumb Code    50  mpu6050.o(i.MPU_Get_Gyroscope)
    MPU_Read_Len                             0x0800329d   Thumb Code    28  mpu6050.o(i.MPU_Read_Len)
    MPU_Write_Len                            0x080032bd   Thumb Code    28  mpu6050.o(i.MPU_Write_Len)
    MX_ADC1_Init                             0x080032dd   Thumb Code    70  adc.o(i.MX_ADC1_Init)
    MX_GPIO_Init                             0x0800332d   Thumb Code   192  gpio.o(i.MX_GPIO_Init)
    MX_I2C1_Init                             0x080033f9   Thumb Code    50  i2c.o(i.MX_I2C1_Init)
    MX_TIM1_Init                             0x08003439   Thumb Code   208  tim.o(i.MX_TIM1_Init)
    MX_TIM2_Init                             0x08003511   Thumb Code   104  tim.o(i.MX_TIM2_Init)
    MX_TIM3_Init                             0x0800357d   Thumb Code   102  tim.o(i.MX_TIM3_Init)
    MX_TIM4_Init                             0x080035ed   Thumb Code    96  tim.o(i.MX_TIM4_Init)
    MX_USART2_UART_Init                      0x08003655   Thumb Code    48  usart.o(i.MX_USART2_UART_Init)
    MX_USART3_UART_Init                      0x0800368d   Thumb Code    48  usart.o(i.MX_USART3_UART_Init)
    MemManage_Handler                        0x080036c5   Thumb Code     2  stm32f1xx_it.o(i.MemManage_Handler)
    Motor_Rotaton                            0x080036c9   Thumb Code   116  motor.o(i.Motor_Rotaton)
    Motor_Start                              0x08003745   Thumb Code    22  motor.o(i.Motor_Start)
    NMI_Handler                              0x08003761   Thumb Code     2  stm32f1xx_it.o(i.NMI_Handler)
    OLED_Clear                               0x08003763   Thumb Code    58  oled.o(i.OLED_Clear)
    OLED_Float                               0x0800379d   Thumb Code   346  oled.o(i.OLED_Float)
    OLED_IIC_Start                           0x080038fd   Thumb Code    52  oled.o(i.OLED_IIC_Start)
    OLED_IIC_Stop                            0x08003935   Thumb Code    40  oled.o(i.OLED_IIC_Stop)
    OLED_IIC_Wait_Ack                        0x08003961   Thumb Code    30  oled.o(i.OLED_IIC_Wait_Ack)
    OLED_Set_Pos                             0x08003985   Thumb Code    42  oled.o(i.OLED_Set_Pos)
    OLED_ShowChar                            0x080039b1   Thumb Code   128  oled.o(i.OLED_ShowChar)
    OLED_ShowNum                             0x08003a39   Thumb Code    56  oled.o(i.OLED_ShowNum)
    OLED_ShowString                          0x08003a79   Thumb Code    48  oled.o(i.OLED_ShowString)
    OLED_ShowUnsignedNum                     0x08003aa9   Thumb Code   106  oled.o(i.OLED_ShowUnsignedNum)
    OLED_WR_Byte                             0x08003b13   Thumb Code    12  oled.o(i.OLED_WR_Byte)
    OLED_Write_IIC_Byte                      0x08003b21   Thumb Code    86  oled.o(i.OLED_Write_IIC_Byte)
    OLED_Write_IIC_Command                   0x08003b7d   Thumb Code    46  oled.o(i.OLED_Write_IIC_Command)
    OLED_Write_IIC_Data                      0x08003bab   Thumb Code    46  oled.o(i.OLED_Write_IIC_Data)
    PendSV_Handler                           0x08003bd9   Thumb Code     2  stm32f1xx_it.o(i.PendSV_Handler)
    Read_Speed                               0x08003bdd   Thumb Code    30  motor.o(i.Read_Speed)
    SSD1315_Init                             0x08003c05   Thumb Code   214  oled.o(i.SSD1315_Init)
    SVC_Handler                              0x08003cdb   Thumb Code     2  stm32f1xx_it.o(i.SVC_Handler)
    Stop                                     0x08003cdd   Thumb Code    30  motor.o(i.Stop)
    SysTick_Handler                          0x08003d11   Thumb Code     4  stm32f1xx_it.o(i.SysTick_Handler)
    SystemClock_Config                       0x08003d15   Thumb Code   120  main.o(i.SystemClock_Config)
    SystemInit                               0x08003d8d   Thumb Code     2  system_stm32f1xx.o(i.SystemInit)
    TIM2_IRQHandler                          0x08003d91   Thumb Code     6  stm32f1xx_it.o(i.TIM2_IRQHandler)
    TIM3_IRQHandler                          0x08003d9d   Thumb Code     6  stm32f1xx_it.o(i.TIM3_IRQHandler)
    TIM4_IRQHandler                          0x08003da9   Thumb Code     6  stm32f1xx_it.o(i.TIM4_IRQHandler)
    TIM_Base_SetConfig                       0x08003db5   Thumb Code    94  stm32f1xx_hal_tim.o(i.TIM_Base_SetConfig)
    TIM_CCxChannelCmd                        0x08003e21   Thumb Code    26  stm32f1xx_hal_tim.o(i.TIM_CCxChannelCmd)
    TIM_ETR_SetConfig                        0x08003e3b   Thumb Code    20  stm32f1xx_hal_tim.o(i.TIM_ETR_SetConfig)
    TIM_OC2_SetConfig                        0x08003eb1   Thumb Code    84  stm32f1xx_hal_tim.o(i.TIM_OC2_SetConfig)
    UART_Start_Receive_IT                    0x08004199   Thumb Code    54  stm32f1xx_hal_uart.o(i.UART_Start_Receive_IT)
    USART2_IRQHandler                        0x08004235   Thumb Code     6  stm32f1xx_it.o(i.USART2_IRQHandler)
    USART3_IRQHandler                        0x08004241   Thumb Code     6  stm32f1xx_it.o(i.USART3_IRQHandler)
    UsageFault_Handler                       0x0800424d   Thumb Code     2  stm32f1xx_it.o(i.UsageFault_Handler)
    __0printf$8                              0x08004251   Thumb Code    22  printf8.o(i.__0printf$8)
    __1printf$8                              0x08004251   Thumb Code     0  printf8.o(i.__0printf$8)
    __2printf                                0x08004251   Thumb Code     0  printf8.o(i.__0printf$8)
    __0sprintf$8                             0x08004271   Thumb Code    34  printf8.o(i.__0sprintf$8)
    __1sprintf$8                             0x08004271   Thumb Code     0  printf8.o(i.__0sprintf$8)
    __2sprintf                               0x08004271   Thumb Code     0  printf8.o(i.__0sprintf$8)
    __ARM_fpclassify                         0x08004299   Thumb Code    40  fpclassify.o(i.__ARM_fpclassify)
    __kernel_poly                            0x080042e1   Thumb Code   170  poly.o(i.__kernel_poly)
    __mathlib_dbl_infnan                     0x0800438b   Thumb Code     6  dunder.o(i.__mathlib_dbl_infnan)
    __mathlib_dbl_infnan2                    0x08004391   Thumb Code     4  dunder.o(i.__mathlib_dbl_infnan2)
    __mathlib_dbl_invalid                    0x08004395   Thumb Code    12  dunder.o(i.__mathlib_dbl_invalid)
    __mathlib_dbl_underflow                  0x080043a1   Thumb Code    10  dunder.o(i.__mathlib_dbl_underflow)
    __scatterload_copy                       0x080043b1   Thumb Code    14  handlers.o(i.__scatterload_copy)
    __scatterload_null                       0x080043bf   Thumb Code     2  handlers.o(i.__scatterload_null)
    __scatterload_zeroinit                   0x080043c1   Thumb Code    14  handlers.o(i.__scatterload_zeroinit)
    __set_errno                              0x080043d1   Thumb Code     6  errno.o(i.__set_errno)
    asin                                     0x080048c9   Thumb Code   572  asin.o(i.asin)
    atan                                     0x08004b39   Thumb Code   474  atan.o(i.atan)
    atan2                                    0x08004d59   Thumb Code   346  atan2.o(i.atan2)
    balance_UP                               0x08004ed9   Thumb Code    44  control.o(i.balance_UP)
    control_proc                             0x08004f09   Thumb Code   122  control.o(i.control_proc)
    dmp_enable_6x_lp_quat                    0x08004f99   Thumb Code    58  inv_mpu_dmp_motion_driver.o(i.dmp_enable_6x_lp_quat)
    dmp_enable_feature                       0x08004fd5   Thumb Code   464  inv_mpu_dmp_motion_driver.o(i.dmp_enable_feature)
    dmp_enable_gyro_cal                      0x080051ad   Thumb Code    34  inv_mpu_dmp_motion_driver.o(i.dmp_enable_gyro_cal)
    dmp_enable_lp_quat                       0x080051e9   Thumb Code    58  inv_mpu_dmp_motion_driver.o(i.dmp_enable_lp_quat)
    dmp_load_motion_driver_firmware          0x08005225   Thumb Code    16  inv_mpu_dmp_motion_driver.o(i.dmp_load_motion_driver_firmware)
    dmp_read_fifo                            0x08005239   Thumb Code   320  inv_mpu_dmp_motion_driver.o(i.dmp_read_fifo)
    dmp_set_accel_bias                       0x0800537d   Thumb Code   210  inv_mpu_dmp_motion_driver.o(i.dmp_set_accel_bias)
    dmp_set_fifo_rate                        0x08005455   Thumb Code    82  inv_mpu_dmp_motion_driver.o(i.dmp_set_fifo_rate)
    dmp_set_gyro_bias                        0x080054b9   Thumb Code   196  inv_mpu_dmp_motion_driver.o(i.dmp_set_gyro_bias)
    dmp_set_orientation                      0x08005585   Thumb Code   246  inv_mpu_dmp_motion_driver.o(i.dmp_set_orientation)
    dmp_set_shake_reject_thresh              0x08005691   Thumb Code    48  inv_mpu_dmp_motion_driver.o(i.dmp_set_shake_reject_thresh)
    dmp_set_shake_reject_time                0x080056c1   Thumb Code    32  inv_mpu_dmp_motion_driver.o(i.dmp_set_shake_reject_time)
    dmp_set_shake_reject_timeout             0x080056e1   Thumb Code    32  inv_mpu_dmp_motion_driver.o(i.dmp_set_shake_reject_timeout)
    dmp_set_tap_axes                         0x08005701   Thumb Code    64  inv_mpu_dmp_motion_driver.o(i.dmp_set_tap_axes)
    dmp_set_tap_count                        0x08005741   Thumb Code    34  inv_mpu_dmp_motion_driver.o(i.dmp_set_tap_count)
    dmp_set_tap_thresh                       0x08005765   Thumb Code   274  inv_mpu_dmp_motion_driver.o(i.dmp_set_tap_thresh)
    dmp_set_tap_time                         0x0800588d   Thumb Code    32  inv_mpu_dmp_motion_driver.o(i.dmp_set_tap_time)
    dmp_set_tap_time_multi                   0x080058ad   Thumb Code    32  inv_mpu_dmp_motion_driver.o(i.dmp_set_tap_time_multi)
    fputc                                    0x080058cd   Thumb Code    20  main.o(i.fputc)
    get_volt                                 0x08005ca5   Thumb Code   116  badc.o(i.get_volt)
    inv_orientation_matrix_to_scalar         0x08005e05   Thumb Code    34  inv_mpu.o(i.inv_orientation_matrix_to_scalar)
    inv_row_2_scale                          0x08005e27   Thumb Code    72  inv_mpu.o(i.inv_row_2_scale)
    main                                     0x08005e71   Thumb Code   190  main.o(i.main)
    mget_ms                                  0x08005f89   Thumb Code     2  inv_mpu.o(i.mget_ms)
    mpu_configure_fifo                       0x08005f8d   Thumb Code    78  inv_mpu.o(i.mpu_configure_fifo)
    mpu_dmp_get_data                         0x08005fe1   Thumb Code   408  inv_mpu.o(i.mpu_dmp_get_data)
    mpu_dmp_init                             0x0800617d   Thumb Code   154  inv_mpu.o(i.mpu_dmp_init)
    mpu_get_accel_fsr                        0x0800621d   Thumb Code    54  inv_mpu.o(i.mpu_get_accel_fsr)
    mpu_get_accel_sens                       0x08006259   Thumb Code    62  inv_mpu.o(i.mpu_get_accel_sens)
    mpu_get_gyro_fsr                         0x0800629d   Thumb Code    48  inv_mpu.o(i.mpu_get_gyro_fsr)
    mpu_get_gyro_sens                        0x080062d1   Thumb Code    44  inv_mpu.o(i.mpu_get_gyro_sens)
    mpu_get_lpf                              0x08006311   Thumb Code    52  inv_mpu.o(i.mpu_get_lpf)
    mpu_get_sample_rate                      0x08006349   Thumb Code    22  inv_mpu.o(i.mpu_get_sample_rate)
    mpu_init                                 0x08006365   Thumb Code   310  inv_mpu.o(i.mpu_init)
    mpu_load_firmware                        0x080064ed   Thumb Code   154  inv_mpu.o(i.mpu_load_firmware)
    mpu_lp_accel_mode                        0x0800658d   Thumb Code   178  inv_mpu.o(i.mpu_lp_accel_mode)
    mpu_read_fifo_stream                     0x08006645   Thumb Code   140  inv_mpu.o(i.mpu_read_fifo_stream)
    mpu_read_mem                             0x080066d5   Thumb Code    80  inv_mpu.o(i.mpu_read_mem)
    mpu_reset_fifo                           0x08006729   Thumb Code   346  inv_mpu.o(i.mpu_reset_fifo)
    mpu_run_self_test                        0x08006889   Thumb Code   234  inv_mpu.o(i.mpu_run_self_test)
    mpu_set_accel_fsr                        0x08006979   Thumb Code    98  inv_mpu.o(i.mpu_set_accel_fsr)
    mpu_set_bypass                           0x080069e1   Thumb Code   214  inv_mpu.o(i.mpu_set_bypass)
    mpu_set_dmp_state                        0x08006abd   Thumb Code   114  inv_mpu.o(i.mpu_set_dmp_state)
    mpu_set_gyro_fsr                         0x08006b35   Thumb Code   104  inv_mpu.o(i.mpu_set_gyro_fsr)
    mpu_set_int_latched                      0x08006ba1   Thumb Code    94  inv_mpu.o(i.mpu_set_int_latched)
    mpu_set_lpf                              0x08006c05   Thumb Code   102  inv_mpu.o(i.mpu_set_lpf)
    mpu_set_sample_rate                      0x08006c71   Thumb Code   124  inv_mpu.o(i.mpu_set_sample_rate)
    mpu_set_sensors                          0x08006cf1   Thumb Code   178  inv_mpu.o(i.mpu_set_sensors)
    mpu_write_mem                            0x08006da9   Thumb Code    80  inv_mpu.o(i.mpu_write_mem)
    oled_pow                                 0x08006dfd   Thumb Code    16  oled.o(i.oled_pow)
    oled_proc                                0x08006e0d   Thumb Code   110  main.o(i.oled_proc)
    oled_show                                0x08006e89   Thumb Code   110  main.o(i.oled_show)
    run_self_test                            0x08006f3d   Thumb Code   128  inv_mpu.o(i.run_self_test)
    sqrt                                     0x08007015   Thumb Code    76  sqrt.o(i.sqrt)
    turn                                     0x08007061   Thumb Code   186  control.o(i.turn)
    velocity                                 0x0800713d   Thumb Code   174  control.o(i.velocity)
    AHBPrescTable                            0x08007210   Data          16  system_stm32f1xx.o(.constdata)
    APBPrescTable                            0x08007220   Data           8  system_stm32f1xx.o(.constdata)
    F6x8                                     0x08007228   Data         552  oled.o(.constdata)
    F8X16                                    0x08007450   Data        1520  oled.o(.constdata)
    reg                                      0x08007a40   Data          27  inv_mpu.o(.constdata)
    hw                                       0x08007a5c   Data          12  inv_mpu.o(.constdata)
    test                                     0x08007a68   Data          40  inv_mpu.o(.constdata)
    __mathlib_zero                           0x08008770   Data           8  qnan.o(.constdata)
    Region$$Table$$Base                      0x080087c8   Number         0  anon$$obj.o(Region$$Table)
    Region$$Table$$Limit                     0x080087e8   Number         0  anon$$obj.o(Region$$Table)
    usart3_pData                             0x20000000   Data           1  main.o(.data)
    usart2_pData                             0x20000001   Data           1  main.o(.data)
    gyrox                                    0x20000002   Data           2  main.o(.data)
    gyroy                                    0x20000004   Data           2  main.o(.data)
    gyroz                                    0x20000006   Data           2  main.o(.data)
    remote_data                              0x20000008   Data           4  main.o(.data)
    pitch                                    0x2000000c   Data           4  main.o(.data)
    roll                                     0x20000010   Data           4  main.o(.data)
    yaw                                      0x20000014   Data           4  main.o(.data)
    volt                                     0x20000018   Data           8  main.o(.data)
    uwTickFreq                               0x20000020   Data           1  stm32f1xx_hal.o(.data)
    uwTickPrio                               0x20000024   Data           4  stm32f1xx_hal.o(.data)
    uwTick                                   0x20000028   Data           4  stm32f1xx_hal.o(.data)
    SystemCoreClock                          0x2000002c   Data           4  system_stm32f1xx.o(.data)
    balance_UP_KP                            0x20000040   Data           4  control.o(.data)
    balance_UP_KD                            0x20000044   Data           4  control.o(.data)
    velocity_KP                              0x20000048   Data           4  control.o(.data)
    velocity_KI                              0x2000004c   Data           4  control.o(.data)
    Moto1                                    0x20000050   Data           4  control.o(.data)
    Moto2                                    0x20000054   Data           4  control.o(.data)
    Mechanical_angle                         0x20000058   Data           4  control.o(.data)
    Encoder_Left                             0x2000007c   Data           4  control.o(.data)
    Encoder_Right                            0x20000080   Data           4  control.o(.data)
    Balance_Pwm                              0x20000084   Data           4  control.o(.data)
    Velocity_Pwm                             0x20000088   Data           4  control.o(.data)
    Turn_Pwm                                 0x2000008c   Data           4  control.o(.data)
    PWM_MAX                                  0x20000090   Data           4  control.o(.data)
    PWM_MIN                                  0x20000094   Data           4  control.o(.data)
    __stdout                                 0x200000d0   Data           4  stdout.o(.data)
    oled_text                                0x200000d8   Data          16  main.o(.bss)
    tempFloat                                0x200000e8   Data          12  main.o(.bss)
    tempData                                 0x200000f4   Data          16  main.o(.bss)
    hadc1                                    0x20000104   Data          48  adc.o(.bss)
    hi2c1                                    0x20000134   Data          84  i2c.o(.bss)
    htim1                                    0x20000188   Data          72  tim.o(.bss)
    htim2                                    0x200001d0   Data          72  tim.o(.bss)
    htim3                                    0x20000218   Data          72  tim.o(.bss)
    htim4                                    0x20000260   Data          72  tim.o(.bss)
    huart2                                   0x200002a8   Data          68  usart.o(.bss)
    huart3                                   0x200002ec   Data          68  usart.o(.bss)
    __initial_sp                             0x20000740   Data           0  startup_stm32f103xb.o(STACK)



==============================================================================

Memory Map of the image

  Image Entry point : 0x080000ed

  Load Region LR_IROM1 (Base: 0x08000000, Size: 0x000088c0, Max: 0x00010000, ABSOLUTE)

    Execution Region ER_IROM1 (Exec base: 0x08000000, Load base: 0x08000000, Size: 0x000087e8, Max: 0x00010000, ABSOLUTE)

    Exec Addr    Load Addr    Size         Type   Attr      Idx    E Section Name        Object

    0x08000000   0x08000000   0x000000ec   Data   RO            3    RESET               startup_stm32f103xb.o
    0x080000ec   0x080000ec   0x00000000   Code   RO         4655  * .ARM.Collect$$$$00000000  mc_w.l(entry.o)
    0x080000ec   0x080000ec   0x00000004   Code   RO         5004    .ARM.Collect$$$$00000001  mc_w.l(entry2.o)
    0x080000f0   0x080000f0   0x00000004   Code   RO         5007    .ARM.Collect$$$$00000004  mc_w.l(entry5.o)
    0x080000f4   0x080000f4   0x00000000   Code   RO         5009    .ARM.Collect$$$$00000008  mc_w.l(entry7b.o)
    0x080000f4   0x080000f4   0x00000000   Code   RO         5011    .ARM.Collect$$$$0000000A  mc_w.l(entry8b.o)
    0x080000f4   0x080000f4   0x00000008   Code   RO         5012    .ARM.Collect$$$$0000000B  mc_w.l(entry9a.o)
    0x080000fc   0x080000fc   0x00000000   Code   RO         5014    .ARM.Collect$$$$0000000D  mc_w.l(entry10a.o)
    0x080000fc   0x080000fc   0x00000000   Code   RO         5016    .ARM.Collect$$$$0000000F  mc_w.l(entry11a.o)
    0x080000fc   0x080000fc   0x00000004   Code   RO         5005    .ARM.Collect$$$$00002712  mc_w.l(entry2.o)
    0x08000100   0x08000100   0x00000024   Code   RO            4    .text               startup_stm32f103xb.o
    0x08000124   0x08000124   0x00000062   Code   RO         4658    .text               mc_w.l(ldiv.o)
    0x08000186   0x08000186   0x00000020   Code   RO         4660    .text               mc_w.l(llushr.o)
    0x080001a6   0x080001a6   0x00000024   Code   RO         4662    .text               mc_w.l(memseta.o)
    0x080001ca   0x080001ca   0x0000001a   Code   RO         4664    .text               mc_w.l(memcmp.o)
    0x080001e4   0x080001e4   0x000000b0   Code   RO         4927    .text               mf_w.l(fadd.o)
    0x08000294   0x08000294   0x00000064   Code   RO         4929    .text               mf_w.l(fmul.o)
    0x080002f8   0x080002f8   0x0000007c   Code   RO         4931    .text               mf_w.l(fdiv.o)
    0x08000374   0x08000374   0x00000018   Code   RO         4933    .text               mf_w.l(fscalb.o)
    0x0800038c   0x0800038c   0x0000014e   Code   RO         4935    .text               mf_w.l(dadd.o)
    0x080004da   0x080004da   0x000000e4   Code   RO         4937    .text               mf_w.l(dmul.o)
    0x080005be   0x080005be   0x000000de   Code   RO         4939    .text               mf_w.l(ddiv.o)
    0x0800069c   0x0800069c   0x0000002e   Code   RO         4941    .text               mf_w.l(dscalb.o)
    0x080006ca   0x080006ca   0x00000012   Code   RO         4943    .text               mf_w.l(fflti.o)
    0x080006dc   0x080006dc   0x0000000a   Code   RO         4945    .text               mf_w.l(ffltui.o)
    0x080006e6   0x080006e6   0x00000022   Code   RO         4947    .text               mf_w.l(dflti.o)
    0x08000708   0x08000708   0x0000001a   Code   RO         4949    .text               mf_w.l(dfltui.o)
    0x08000722   0x08000722   0x00000032   Code   RO         4951    .text               mf_w.l(ffixi.o)
    0x08000754   0x08000754   0x00000028   Code   RO         4953    .text               mf_w.l(ffixui.o)
    0x0800077c   0x0800077c   0x0000003e   Code   RO         4955    .text               mf_w.l(dfixi.o)
    0x080007ba   0x080007ba   0x00000032   Code   RO         4957    .text               mf_w.l(dfixui.o)
    0x080007ec   0x080007ec   0x00000026   Code   RO         4959    .text               mf_w.l(f2d.o)
    0x08000812   0x08000812   0x00000002   PAD
    0x08000814   0x08000814   0x00000030   Code   RO         4961    .text               mf_w.l(cdcmple.o)
    0x08000844   0x08000844   0x00000038   Code   RO         4963    .text               mf_w.l(d2f.o)
    0x0800087c   0x0800087c   0x00000014   Code   RO         4965    .text               mf_w.l(cfrcmple.o)
    0x08000890   0x08000890   0x00000062   Code   RO         5021    .text               mc_w.l(uldiv.o)
    0x080008f2   0x080008f2   0x0000001e   Code   RO         5023    .text               mc_w.l(llshl.o)
    0x08000910   0x08000910   0x00000024   Code   RO         5025    .text               mc_w.l(llsshr.o)
    0x08000934   0x08000934   0x00000000   Code   RO         5034    .text               mc_w.l(iusefp.o)
    0x08000934   0x08000934   0x0000006e   Code   RO         5035    .text               mf_w.l(fepilogue.o)
    0x080009a2   0x080009a2   0x000000ba   Code   RO         5037    .text               mf_w.l(depilogue.o)
    0x08000a5c   0x08000a5c   0x00000024   Code   RO         5043    .text               mc_w.l(init.o)
    0x08000a80   0x08000a80   0x000000a2   Code   RO         5045    .text               mf_w.l(dsqrt.o)
    0x08000b22   0x08000b22   0x00000002   PAD
    0x08000b24   0x08000b24   0x00000056   Code   RO          641    i.ADC_ConversionStop_Disable  stm32f1xx_hal_adc.o
    0x08000b7a   0x08000b7a   0x00000002   PAD
    0x08000b7c   0x08000b7c   0x0000007c   Code   RO          645    i.ADC_Enable        stm32f1xx_hal_adc.o
    0x08000bf8   0x08000bf8   0x00000002   Code   RO          475    i.BusFault_Handler  stm32f1xx_it.o
    0x08000bfa   0x08000bfa   0x00000002   Code   RO          476    i.DebugMon_Handler  stm32f1xx_it.o
    0x08000bfc   0x08000bfc   0x0000003c   Code   RO         3881    i.Encoder_Start     motor.o
    0x08000c38   0x08000c38   0x00000004   Code   RO           13    i.Error_Handler     main.o
    0x08000c3c   0x08000c3c   0x00000008   Code   RO         3882    i.GFP_abs           motor.o
    0x08000c44   0x08000c44   0x000000fc   Code   RO          647    i.HAL_ADC_ConfigChannel  stm32f1xx_hal_adc.o
    0x08000d40   0x08000d40   0x00000004   Code   RO          653    i.HAL_ADC_GetState  stm32f1xx_hal_adc.o
    0x08000d44   0x08000d44   0x00000006   Code   RO          654    i.HAL_ADC_GetValue  stm32f1xx_hal_adc.o
    0x08000d4a   0x08000d4a   0x00000002   PAD
    0x08000d4c   0x08000d4c   0x0000011c   Code   RO          656    i.HAL_ADC_Init      stm32f1xx_hal_adc.o
    0x08000e68   0x08000e68   0x00000058   Code   RO          266    i.HAL_ADC_MspInit   adc.o
    0x08000ec0   0x08000ec0   0x0000013c   Code   RO          660    i.HAL_ADC_PollForConversion  stm32f1xx_hal_adc.o
    0x08000ffc   0x08000ffc   0x000000c0   Code   RO          662    i.HAL_ADC_Start     stm32f1xx_hal_adc.o
    0x080010bc   0x080010bc   0x00000046   Code   RO         1296    i.HAL_DMA_Abort     stm32f1xx_hal_dma.o
    0x08001102   0x08001102   0x00000002   PAD
    0x08001104   0x08001104   0x00000098   Code   RO         1297    i.HAL_DMA_Abort_IT  stm32f1xx_hal_dma.o
    0x0800119c   0x0800119c   0x00000024   Code   RO          924    i.HAL_Delay         stm32f1xx_hal.o
    0x080011c0   0x080011c0   0x000001e0   Code   RO         1232    i.HAL_GPIO_Init     stm32f1xx_hal_gpio.o
    0x080013a0   0x080013a0   0x0000000a   Code   RO         1236    i.HAL_GPIO_WritePin  stm32f1xx_hal_gpio.o
    0x080013aa   0x080013aa   0x00000002   PAD
    0x080013ac   0x080013ac   0x0000000c   Code   RO          928    i.HAL_GetTick       stm32f1xx_hal.o
    0x080013b8   0x080013b8   0x00000188   Code   RO         1903    i.HAL_I2C_Init      stm32f1xx_hal_i2c.o
    0x08001540   0x08001540   0x00000250   Code   RO         1921    i.HAL_I2C_Mem_Read  stm32f1xx_hal_i2c.o
    0x08001790   0x08001790   0x00000130   Code   RO         1924    i.HAL_I2C_Mem_Write  stm32f1xx_hal_i2c.o
    0x080018c0   0x080018c0   0x0000005c   Code   RO          308    i.HAL_I2C_MspInit   i2c.o
    0x0800191c   0x0800191c   0x00000010   Code   RO          934    i.HAL_IncTick       stm32f1xx_hal.o
    0x0800192c   0x0800192c   0x00000024   Code   RO          935    i.HAL_Init          stm32f1xx_hal.o
    0x08001950   0x08001950   0x00000040   Code   RO          936    i.HAL_InitTick      stm32f1xx_hal.o
    0x08001990   0x08001990   0x0000003c   Code   RO          581    i.HAL_MspInit       stm32f1xx_hal_msp.o
    0x080019cc   0x080019cc   0x0000001a   Code   RO         1392    i.HAL_NVIC_EnableIRQ  stm32f1xx_hal_cortex.o
    0x080019e6   0x080019e6   0x00000002   PAD
    0x080019e8   0x080019e8   0x00000040   Code   RO         1398    i.HAL_NVIC_SetPriority  stm32f1xx_hal_cortex.o
    0x08001a28   0x08001a28   0x00000024   Code   RO         1399    i.HAL_NVIC_SetPriorityGrouping  stm32f1xx_hal_cortex.o
    0x08001a4c   0x08001a4c   0x000000c8   Code   RO         1194    i.HAL_RCCEx_GetPeriphCLKFreq  stm32f1xx_hal_rcc_ex.o
    0x08001b14   0x08001b14   0x000000ec   Code   RO         1195    i.HAL_RCCEx_PeriphCLKConfig  stm32f1xx_hal_rcc_ex.o
    0x08001c00   0x08001c00   0x0000012c   Code   RO         1092    i.HAL_RCC_ClockConfig  stm32f1xx_hal_rcc.o
    0x08001d2c   0x08001d2c   0x00000020   Code   RO         1099    i.HAL_RCC_GetPCLK1Freq  stm32f1xx_hal_rcc.o
    0x08001d4c   0x08001d4c   0x00000020   Code   RO         1100    i.HAL_RCC_GetPCLK2Freq  stm32f1xx_hal_rcc.o
    0x08001d6c   0x08001d6c   0x0000006c   Code   RO         1101    i.HAL_RCC_GetSysClockFreq  stm32f1xx_hal_rcc.o
    0x08001dd8   0x08001dd8   0x00000320   Code   RO         1104    i.HAL_RCC_OscConfig  stm32f1xx_hal_rcc.o
    0x080020f8   0x080020f8   0x00000028   Code   RO         1403    i.HAL_SYSTICK_Config  stm32f1xx_hal_cortex.o
    0x08002120   0x08002120   0x00000002   Code   RO         3030    i.HAL_TIMEx_BreakCallback  stm32f1xx_hal_tim_ex.o
    0x08002122   0x08002122   0x00000002   Code   RO         3031    i.HAL_TIMEx_CommutCallback  stm32f1xx_hal_tim_ex.o
    0x08002124   0x08002124   0x00000054   Code   RO         3033    i.HAL_TIMEx_ConfigBreakDeadTime  stm32f1xx_hal_tim_ex.o
    0x08002178   0x08002178   0x00000068   Code   RO         3049    i.HAL_TIMEx_MasterConfigSynchronization  stm32f1xx_hal_tim_ex.o
    0x080021e0   0x080021e0   0x0000005a   Code   RO         2326    i.HAL_TIM_Base_Init  stm32f1xx_hal_tim.o
    0x0800223a   0x0800223a   0x00000002   PAD
    0x0800223c   0x0800223c   0x00000054   Code   RO          350    i.HAL_TIM_Base_MspInit  tim.o
    0x08002290   0x08002290   0x00000058   Code   RO         2331    i.HAL_TIM_Base_Start_IT  stm32f1xx_hal_tim.o
    0x080022e8   0x080022e8   0x000000d6   Code   RO         2335    i.HAL_TIM_ConfigClockSource  stm32f1xx_hal_tim.o
    0x080023be   0x080023be   0x000000a4   Code   RO         2347    i.HAL_TIM_Encoder_Init  stm32f1xx_hal_tim.o
    0x08002462   0x08002462   0x00000002   PAD
    0x08002464   0x08002464   0x000000ac   Code   RO          352    i.HAL_TIM_Encoder_MspInit  tim.o
    0x08002510   0x08002510   0x0000008e   Code   RO         2350    i.HAL_TIM_Encoder_Start  stm32f1xx_hal_tim.o
    0x0800259e   0x0800259e   0x000000b6   Code   RO         2352    i.HAL_TIM_Encoder_Start_IT  stm32f1xx_hal_tim.o
    0x08002654   0x08002654   0x00000002   Code   RO         2360    i.HAL_TIM_IC_CaptureCallback  stm32f1xx_hal_tim.o
    0x08002656   0x08002656   0x00000166   Code   RO         2374    i.HAL_TIM_IRQHandler  stm32f1xx_hal_tim.o
    0x080027bc   0x080027bc   0x0000004c   Code   RO          353    i.HAL_TIM_MspPostInit  tim.o
    0x08002808   0x08002808   0x00000002   Code   RO         2377    i.HAL_TIM_OC_DelayElapsedCallback  stm32f1xx_hal_tim.o
    0x0800280a   0x0800280a   0x000000c6   Code   RO         2398    i.HAL_TIM_PWM_ConfigChannel  stm32f1xx_hal_tim.o
    0x080028d0   0x080028d0   0x0000005a   Code   RO         2401    i.HAL_TIM_PWM_Init  stm32f1xx_hal_tim.o
    0x0800292a   0x0800292a   0x00000002   Code   RO         2403    i.HAL_TIM_PWM_MspInit  stm32f1xx_hal_tim.o
    0x0800292c   0x0800292c   0x00000002   Code   RO         2404    i.HAL_TIM_PWM_PulseFinishedCallback  stm32f1xx_hal_tim.o
    0x0800292e   0x0800292e   0x00000002   PAD
    0x08002930   0x08002930   0x0000009c   Code   RO         2406    i.HAL_TIM_PWM_Start  stm32f1xx_hal_tim.o
    0x080029cc   0x080029cc   0x00000038   Code   RO           14    i.HAL_TIM_PeriodElapsedCallback  main.o
    0x08002a04   0x08002a04   0x00000002   Code   RO         2417    i.HAL_TIM_TriggerCallback  stm32f1xx_hal_tim.o
    0x08002a06   0x08002a06   0x00000002   Code   RO         3308    i.HAL_UARTEx_RxEventCallback  stm32f1xx_hal_uart.o
    0x08002a08   0x08002a08   0x00000002   Code   RO         3322    i.HAL_UART_ErrorCallback  stm32f1xx_hal_uart.o
    0x08002a0a   0x08002a0a   0x00000002   PAD
    0x08002a0c   0x08002a0c   0x0000020c   Code   RO         3325    i.HAL_UART_IRQHandler  stm32f1xx_hal_uart.o
    0x08002c18   0x08002c18   0x00000062   Code   RO         3326    i.HAL_UART_Init     stm32f1xx_hal_uart.o
    0x08002c7a   0x08002c7a   0x00000002   PAD
    0x08002c7c   0x08002c7c   0x000000dc   Code   RO          428    i.HAL_UART_MspInit  usart.o
    0x08002d58   0x08002d58   0x0000002a   Code   RO         3331    i.HAL_UART_Receive_IT  stm32f1xx_hal_uart.o
    0x08002d82   0x08002d82   0x00000002   PAD
    0x08002d84   0x08002d84   0x00000028   Code   RO           15    i.HAL_UART_RxCpltCallback  main.o
    0x08002dac   0x08002dac   0x000000b2   Code   RO         3334    i.HAL_UART_Transmit  stm32f1xx_hal_uart.o
    0x08002e5e   0x08002e5e   0x00000002   Code   RO         3337    i.HAL_UART_TxCpltCallback  stm32f1xx_hal_uart.o
    0x08002e60   0x08002e60   0x00000002   Code   RO          477    i.HardFault_Handler  stm32f1xx_it.o
    0x08002e62   0x08002e62   0x0000002e   Code   RO         1945    i.I2C_IsAcknowledgeFailed  stm32f1xx_hal_i2c.o
    0x08002e90   0x08002e90   0x000000fc   Code   RO         1955    i.I2C_RequestMemoryRead  stm32f1xx_hal_i2c.o
    0x08002f8c   0x08002f8c   0x000000a8   Code   RO         1956    i.I2C_RequestMemoryWrite  stm32f1xx_hal_i2c.o
    0x08003034   0x08003034   0x0000004c   Code   RO         1960    i.I2C_WaitOnBTFFlagUntilTimeout  stm32f1xx_hal_i2c.o
    0x08003080   0x08003080   0x00000068   Code   RO         1961    i.I2C_WaitOnFlagUntilTimeout  stm32f1xx_hal_i2c.o
    0x080030e8   0x080030e8   0x00000096   Code   RO         1962    i.I2C_WaitOnMasterAddressFlagUntilTimeout  stm32f1xx_hal_i2c.o
    0x0800317e   0x0800317e   0x00000066   Code   RO         1963    i.I2C_WaitOnRXNEFlagUntilTimeout  stm32f1xx_hal_i2c.o
    0x080031e4   0x080031e4   0x0000004c   Code   RO         1964    i.I2C_WaitOnTXEFlagUntilTimeout  stm32f1xx_hal_i2c.o
    0x08003230   0x08003230   0x00000038   Code   RO         3883    i.Limit             motor.o
    0x08003268   0x08003268   0x00000032   Code   RO         3999    i.MPU_Get_Gyroscope  mpu6050.o
    0x0800329a   0x0800329a   0x00000002   PAD
    0x0800329c   0x0800329c   0x00000020   Code   RO         4003    i.MPU_Read_Len      mpu6050.o
    0x080032bc   0x080032bc   0x00000020   Code   RO         4009    i.MPU_Write_Len     mpu6050.o
    0x080032dc   0x080032dc   0x00000050   Code   RO          267    i.MX_ADC1_Init      adc.o
    0x0800332c   0x0800332c   0x000000cc   Code   RO          237    i.MX_GPIO_Init      gpio.o
    0x080033f8   0x080033f8   0x00000040   Code   RO          309    i.MX_I2C1_Init      i2c.o
    0x08003438   0x08003438   0x000000d8   Code   RO          354    i.MX_TIM1_Init      tim.o
    0x08003510   0x08003510   0x0000006c   Code   RO          355    i.MX_TIM2_Init      tim.o
    0x0800357c   0x0800357c   0x00000070   Code   RO          356    i.MX_TIM3_Init      tim.o
    0x080035ec   0x080035ec   0x00000068   Code   RO          357    i.MX_TIM4_Init      tim.o
    0x08003654   0x08003654   0x00000038   Code   RO          429    i.MX_USART2_UART_Init  usart.o
    0x0800368c   0x0800368c   0x00000038   Code   RO          430    i.MX_USART3_UART_Init  usart.o
    0x080036c4   0x080036c4   0x00000002   Code   RO          478    i.MemManage_Handler  stm32f1xx_it.o
    0x080036c6   0x080036c6   0x00000002   PAD
    0x080036c8   0x080036c8   0x0000007c   Code   RO         3884    i.Motor_Rotaton     motor.o
    0x08003744   0x08003744   0x0000001c   Code   RO         3885    i.Motor_Start       motor.o
    0x08003760   0x08003760   0x00000002   Code   RO          479    i.NMI_Handler       stm32f1xx_it.o
    0x08003762   0x08003762   0x0000003a   Code   RO         3693    i.OLED_Clear        oled.o
    0x0800379c   0x0800379c   0x00000160   Code   RO         3697    i.OLED_Float        oled.o
    0x080038fc   0x080038fc   0x00000038   Code   RO         3698    i.OLED_IIC_Start    oled.o
    0x08003934   0x08003934   0x0000002c   Code   RO         3699    i.OLED_IIC_Stop     oled.o
    0x08003960   0x08003960   0x00000024   Code   RO         3700    i.OLED_IIC_Wait_Ack  oled.o
    0x08003984   0x08003984   0x0000002a   Code   RO         3702    i.OLED_Set_Pos      oled.o
    0x080039ae   0x080039ae   0x00000002   PAD
    0x080039b0   0x080039b0   0x00000088   Code   RO         3704    i.OLED_ShowChar     oled.o
    0x08003a38   0x08003a38   0x00000040   Code   RO         3705    i.OLED_ShowNum      oled.o
    0x08003a78   0x08003a78   0x00000030   Code   RO         3706    i.OLED_ShowString   oled.o
    0x08003aa8   0x08003aa8   0x0000006a   Code   RO         3707    i.OLED_ShowUnsignedNum  oled.o
    0x08003b12   0x08003b12   0x0000000c   Code   RO         3708    i.OLED_WR_Byte      oled.o
    0x08003b1e   0x08003b1e   0x00000002   PAD
    0x08003b20   0x08003b20   0x0000005c   Code   RO         3709    i.OLED_Write_IIC_Byte  oled.o
    0x08003b7c   0x08003b7c   0x0000002e   Code   RO         3710    i.OLED_Write_IIC_Command  oled.o
    0x08003baa   0x08003baa   0x0000002e   Code   RO         3711    i.OLED_Write_IIC_Data  oled.o
    0x08003bd8   0x08003bd8   0x00000002   Code   RO          480    i.PendSV_Handler    stm32f1xx_it.o
    0x08003bda   0x08003bda   0x00000002   PAD
    0x08003bdc   0x08003bdc   0x00000028   Code   RO         3886    i.Read_Speed        motor.o
    0x08003c04   0x08003c04   0x000000d6   Code   RO         3713    i.SSD1315_Init      oled.o
    0x08003cda   0x08003cda   0x00000002   Code   RO          481    i.SVC_Handler       stm32f1xx_it.o
    0x08003cdc   0x08003cdc   0x00000034   Code   RO         3887    i.Stop              motor.o
    0x08003d10   0x08003d10   0x00000004   Code   RO          482    i.SysTick_Handler   stm32f1xx_it.o
    0x08003d14   0x08003d14   0x00000078   Code   RO           16    i.SystemClock_Config  main.o
    0x08003d8c   0x08003d8c   0x00000002   Code   RO         3655    i.SystemInit        system_stm32f1xx.o
    0x08003d8e   0x08003d8e   0x00000002   PAD
    0x08003d90   0x08003d90   0x0000000c   Code   RO          483    i.TIM2_IRQHandler   stm32f1xx_it.o
    0x08003d9c   0x08003d9c   0x0000000c   Code   RO          484    i.TIM3_IRQHandler   stm32f1xx_it.o
    0x08003da8   0x08003da8   0x0000000c   Code   RO          485    i.TIM4_IRQHandler   stm32f1xx_it.o
    0x08003db4   0x08003db4   0x0000006c   Code   RO         2419    i.TIM_Base_SetConfig  stm32f1xx_hal_tim.o
    0x08003e20   0x08003e20   0x0000001a   Code   RO         2420    i.TIM_CCxChannelCmd  stm32f1xx_hal_tim.o
    0x08003e3a   0x08003e3a   0x00000014   Code   RO         2430    i.TIM_ETR_SetConfig  stm32f1xx_hal_tim.o
    0x08003e4e   0x08003e4e   0x00000010   Code   RO         2431    i.TIM_ITRx_SetConfig  stm32f1xx_hal_tim.o
    0x08003e5e   0x08003e5e   0x00000002   PAD
    0x08003e60   0x08003e60   0x00000050   Code   RO         2432    i.TIM_OC1_SetConfig  stm32f1xx_hal_tim.o
    0x08003eb0   0x08003eb0   0x00000058   Code   RO         2433    i.TIM_OC2_SetConfig  stm32f1xx_hal_tim.o
    0x08003f08   0x08003f08   0x00000058   Code   RO         2434    i.TIM_OC3_SetConfig  stm32f1xx_hal_tim.o
    0x08003f60   0x08003f60   0x00000044   Code   RO         2435    i.TIM_OC4_SetConfig  stm32f1xx_hal_tim.o
    0x08003fa4   0x08003fa4   0x00000022   Code   RO         2437    i.TIM_TI1_ConfigInputStage  stm32f1xx_hal_tim.o
    0x08003fc6   0x08003fc6   0x00000024   Code   RO         2439    i.TIM_TI2_ConfigInputStage  stm32f1xx_hal_tim.o
    0x08003fea   0x08003fea   0x00000010   Code   RO         3339    i.UART_DMAAbortOnError  stm32f1xx_hal_uart.o
    0x08003ffa   0x08003ffa   0x00000030   Code   RO         3349    i.UART_EndRxTransfer  stm32f1xx_hal_uart.o
    0x0800402a   0x0800402a   0x000000b6   Code   RO         3351    i.UART_Receive_IT   stm32f1xx_hal_uart.o
    0x080040e0   0x080040e0   0x000000b8   Code   RO         3352    i.UART_SetConfig    stm32f1xx_hal_uart.o
    0x08004198   0x08004198   0x00000036   Code   RO         3354    i.UART_Start_Receive_IT  stm32f1xx_hal_uart.o
    0x080041ce   0x080041ce   0x00000064   Code   RO         3355    i.UART_WaitOnFlagUntilTimeout  stm32f1xx_hal_uart.o
    0x08004232   0x08004232   0x00000002   PAD
    0x08004234   0x08004234   0x0000000c   Code   RO          486    i.USART2_IRQHandler  stm32f1xx_it.o
    0x08004240   0x08004240   0x0000000c   Code   RO          487    i.USART3_IRQHandler  stm32f1xx_it.o
    0x0800424c   0x0800424c   0x00000002   Code   RO          488    i.UsageFault_Handler  stm32f1xx_it.o
    0x0800424e   0x0800424e   0x00000002   PAD
    0x08004250   0x08004250   0x00000020   Code   RO         4873    i.__0printf$8       mc_w.l(printf8.o)
    0x08004270   0x08004270   0x00000028   Code   RO         4875    i.__0sprintf$8      mc_w.l(printf8.o)
    0x08004298   0x08004298   0x00000028   Code   RO         4991    i.__ARM_fpclassify  m_ws.l(fpclassify.o)
    0x080042c0   0x080042c0   0x00000020   Code   RO         1405    i.__NVIC_SetPriority  stm32f1xx_hal_cortex.o
    0x080042e0   0x080042e0   0x000000aa   Code   RO         4993    i.__kernel_poly     m_ws.l(poly.o)
    0x0800438a   0x0800438a   0x00000006   Code   RO         4978    i.__mathlib_dbl_infnan  m_ws.l(dunder.o)
    0x08004390   0x08004390   0x00000004   Code   RO         4979    i.__mathlib_dbl_infnan2  m_ws.l(dunder.o)
    0x08004394   0x08004394   0x0000000c   Code   RO         4980    i.__mathlib_dbl_invalid  m_ws.l(dunder.o)
    0x080043a0   0x080043a0   0x00000010   Code   RO         4983    i.__mathlib_dbl_underflow  m_ws.l(dunder.o)
    0x080043b0   0x080043b0   0x0000000e   Code   RO         5049    i.__scatterload_copy  mc_w.l(handlers.o)
    0x080043be   0x080043be   0x00000002   Code   RO         5050    i.__scatterload_null  mc_w.l(handlers.o)
    0x080043c0   0x080043c0   0x0000000e   Code   RO         5051    i.__scatterload_zeroinit  mc_w.l(handlers.o)
    0x080043ce   0x080043ce   0x00000002   PAD
    0x080043d0   0x080043d0   0x0000000c   Code   RO         5029    i.__set_errno       mc_w.l(errno.o)
    0x080043dc   0x080043dc   0x00000410   Code   RO         4880    i._printf_core      mc_w.l(printf8.o)
    0x080047ec   0x080047ec   0x00000024   Code   RO         4881    i._printf_post_padding  mc_w.l(printf8.o)
    0x08004810   0x08004810   0x0000002e   Code   RO         4882    i._printf_pre_padding  mc_w.l(printf8.o)
    0x0800483e   0x0800483e   0x0000000a   Code   RO         4884    i._sputc            mc_w.l(printf8.o)
    0x08004848   0x08004848   0x00000080   Code   RO         4093    i.accel_self_test   inv_mpu.o
    0x080048c8   0x080048c8   0x00000270   Code   RO         4638    i.asin              m_ws.l(asin.o)
    0x08004b38   0x08004b38   0x00000220   Code   RO         4968    i.atan              m_ws.l(atan.o)
    0x08004d58   0x08004d58   0x00000180   Code   RO         4648    i.atan2             m_ws.l(atan2.o)
    0x08004ed8   0x08004ed8   0x00000030   Code   RO         3944    i.balance_UP        control.o
    0x08004f08   0x08004f08   0x00000090   Code   RO         3945    i.control_proc      control.o
    0x08004f98   0x08004f98   0x0000003a   Code   RO         4451    i.dmp_enable_6x_lp_quat  inv_mpu_dmp_motion_driver.o
    0x08004fd2   0x08004fd2   0x00000002   PAD
    0x08004fd4   0x08004fd4   0x000001d8   Code   RO         4452    i.dmp_enable_feature  inv_mpu_dmp_motion_driver.o
    0x080051ac   0x080051ac   0x0000003c   Code   RO         4453    i.dmp_enable_gyro_cal  inv_mpu_dmp_motion_driver.o
    0x080051e8   0x080051e8   0x0000003a   Code   RO         4454    i.dmp_enable_lp_quat  inv_mpu_dmp_motion_driver.o
    0x08005222   0x08005222   0x00000002   PAD
    0x08005224   0x08005224   0x00000014   Code   RO         4459    i.dmp_load_motion_driver_firmware  inv_mpu_dmp_motion_driver.o
    0x08005238   0x08005238   0x00000144   Code   RO         4460    i.dmp_read_fifo     inv_mpu_dmp_motion_driver.o
    0x0800537c   0x0800537c   0x000000d8   Code   RO         4463    i.dmp_set_accel_bias  inv_mpu_dmp_motion_driver.o
    0x08005454   0x08005454   0x00000064   Code   RO         4464    i.dmp_set_fifo_rate  inv_mpu_dmp_motion_driver.o
    0x080054b8   0x080054b8   0x000000cc   Code   RO         4465    i.dmp_set_gyro_bias  inv_mpu_dmp_motion_driver.o
    0x08005584   0x08005584   0x0000010c   Code   RO         4467    i.dmp_set_orientation  inv_mpu_dmp_motion_driver.o
    0x08005690   0x08005690   0x00000030   Code   RO         4470    i.dmp_set_shake_reject_thresh  inv_mpu_dmp_motion_driver.o
    0x080056c0   0x080056c0   0x00000020   Code   RO         4471    i.dmp_set_shake_reject_time  inv_mpu_dmp_motion_driver.o
    0x080056e0   0x080056e0   0x00000020   Code   RO         4472    i.dmp_set_shake_reject_timeout  inv_mpu_dmp_motion_driver.o
    0x08005700   0x08005700   0x00000040   Code   RO         4473    i.dmp_set_tap_axes  inv_mpu_dmp_motion_driver.o
    0x08005740   0x08005740   0x00000022   Code   RO         4474    i.dmp_set_tap_count  inv_mpu_dmp_motion_driver.o
    0x08005762   0x08005762   0x00000002   PAD
    0x08005764   0x08005764   0x00000128   Code   RO         4475    i.dmp_set_tap_thresh  inv_mpu_dmp_motion_driver.o
    0x0800588c   0x0800588c   0x00000020   Code   RO         4476    i.dmp_set_tap_time  inv_mpu_dmp_motion_driver.o
    0x080058ac   0x080058ac   0x00000020   Code   RO         4477    i.dmp_set_tap_time_multi  inv_mpu_dmp_motion_driver.o
    0x080058cc   0x080058cc   0x00000018   Code   RO           17    i.fputc             main.o
    0x080058e4   0x080058e4   0x000000ac   Code   RO         4094    i.get_accel_prod_shift  inv_mpu.o
    0x08005990   0x08005990   0x00000314   Code   RO         4095    i.get_st_biases     inv_mpu.o
    0x08005ca4   0x08005ca4   0x0000008c   Code   RO         3853    i.get_volt          badc.o
    0x08005d30   0x08005d30   0x000000d4   Code   RO         4096    i.gyro_self_test    inv_mpu.o
    0x08005e04   0x08005e04   0x00000022   Code   RO         4097    i.inv_orientation_matrix_to_scalar  inv_mpu.o
    0x08005e26   0x08005e26   0x00000048   Code   RO         4098    i.inv_row_2_scale   inv_mpu.o
    0x08005e6e   0x08005e6e   0x00000002   PAD
    0x08005e70   0x08005e70   0x00000118   Code   RO           18    i.main              main.o
    0x08005f88   0x08005f88   0x00000002   Code   RO         4099    i.mget_ms           inv_mpu.o
    0x08005f8a   0x08005f8a   0x00000002   PAD
    0x08005f8c   0x08005f8c   0x00000054   Code   RO         4100    i.mpu_configure_fifo  inv_mpu.o
    0x08005fe0   0x08005fe0   0x0000019c   Code   RO         4101    i.mpu_dmp_get_data  inv_mpu.o
    0x0800617c   0x0800617c   0x000000a0   Code   RO         4102    i.mpu_dmp_init      inv_mpu.o
    0x0800621c   0x0800621c   0x0000003c   Code   RO         4103    i.mpu_get_accel_fsr  inv_mpu.o
    0x08006258   0x08006258   0x00000044   Code   RO         4105    i.mpu_get_accel_sens  inv_mpu.o
    0x0800629c   0x0800629c   0x00000034   Code   RO         4111    i.mpu_get_gyro_fsr  inv_mpu.o
    0x080062d0   0x080062d0   0x00000040   Code   RO         4113    i.mpu_get_gyro_sens  inv_mpu.o
    0x08006310   0x08006310   0x00000038   Code   RO         4115    i.mpu_get_lpf       inv_mpu.o
    0x08006348   0x08006348   0x0000001c   Code   RO         4117    i.mpu_get_sample_rate  inv_mpu.o
    0x08006364   0x08006364   0x00000188   Code   RO         4119    i.mpu_init          inv_mpu.o
    0x080064ec   0x080064ec   0x000000a0   Code   RO         4120    i.mpu_load_firmware  inv_mpu.o
    0x0800658c   0x0800658c   0x000000b8   Code   RO         4121    i.mpu_lp_accel_mode  inv_mpu.o
    0x08006644   0x08006644   0x00000090   Code   RO         4124    i.mpu_read_fifo_stream  inv_mpu.o
    0x080066d4   0x080066d4   0x00000054   Code   RO         4125    i.mpu_read_mem      inv_mpu.o
    0x08006728   0x08006728   0x00000160   Code   RO         4128    i.mpu_reset_fifo    inv_mpu.o
    0x08006888   0x08006888   0x000000f0   Code   RO         4129    i.mpu_run_self_test  inv_mpu.o
    0x08006978   0x08006978   0x00000068   Code   RO         4131    i.mpu_set_accel_fsr  inv_mpu.o
    0x080069e0   0x080069e0   0x000000dc   Code   RO         4132    i.mpu_set_bypass    inv_mpu.o
    0x08006abc   0x08006abc   0x00000078   Code   RO         4134    i.mpu_set_dmp_state  inv_mpu.o
    0x08006b34   0x08006b34   0x0000006c   Code   RO         4135    i.mpu_set_gyro_fsr  inv_mpu.o
    0x08006ba0   0x08006ba0   0x00000064   Code   RO         4136    i.mpu_set_int_latched  inv_mpu.o
    0x08006c04   0x08006c04   0x0000006c   Code   RO         4138    i.mpu_set_lpf       inv_mpu.o
    0x08006c70   0x08006c70   0x00000080   Code   RO         4139    i.mpu_set_sample_rate  inv_mpu.o
    0x08006cf0   0x08006cf0   0x000000b8   Code   RO         4140    i.mpu_set_sensors   inv_mpu.o
    0x08006da8   0x08006da8   0x00000054   Code   RO         4141    i.mpu_write_mem     inv_mpu.o
    0x08006dfc   0x08006dfc   0x00000010   Code   RO         3714    i.oled_pow          oled.o
    0x08006e0c   0x08006e0c   0x0000007c   Code   RO           19    i.oled_proc         main.o
    0x08006e88   0x08006e88   0x000000b4   Code   RO           20    i.oled_show         main.o
    0x08006f3c   0x08006f3c   0x00000080   Code   RO         4142    i.run_self_test     inv_mpu.o
    0x08006fbc   0x08006fbc   0x00000058   Code   RO         4143    i.set_int_enable    inv_mpu.o
    0x08007014   0x08007014   0x0000004c   Code   RO         4997    i.sqrt              m_ws.l(sqrt.o)
    0x08007060   0x08007060   0x000000dc   Code   RO         3946    i.turn              control.o
    0x0800713c   0x0800713c   0x000000d4   Code   RO         3947    i.velocity          control.o
    0x08007210   0x08007210   0x00000010   Data   RO         3656    .constdata          system_stm32f1xx.o
    0x08007220   0x08007220   0x00000008   Data   RO         3657    .constdata          system_stm32f1xx.o
    0x08007228   0x08007228   0x00000818   Data   RO         3715    .constdata          oled.o
    0x08007a40   0x08007a40   0x0000001b   Data   RO         4145    .constdata          inv_mpu.o
    0x08007a5b   0x08007a5b   0x00000001   PAD
    0x08007a5c   0x08007a5c   0x0000000c   Data   RO         4146    .constdata          inv_mpu.o
    0x08007a68   0x08007a68   0x00000028   Data   RO         4147    .constdata          inv_mpu.o
    0x08007a90   0x08007a90   0x00000bf6   Data   RO         4479    .constdata          inv_mpu_dmp_motion_driver.o
    0x08008686   0x08008686   0x00000002   PAD
    0x08008688   0x08008688   0x00000050   Data   RO         4639    .constdata          m_ws.l(asin.o)
    0x080086d8   0x080086d8   0x00000098   Data   RO         4969    .constdata          m_ws.l(atan.o)
    0x08008770   0x08008770   0x00000008   Data   RO         4995    .constdata          m_ws.l(qnan.o)
    0x08008778   0x08008778   0x0000004d   Data   RO         4148    .conststring        inv_mpu.o
    0x080087c5   0x080087c5   0x00000003   PAD
    0x080087c8   0x080087c8   0x00000020   Data   RO         5047    Region$$Table       anon$$obj.o


    Execution Region RW_IRAM1 (Exec base: 0x20000000, Load base: 0x080087e8, Size: 0x00000740, Max: 0x00005000, ABSOLUTE)

    Exec Addr    Load Addr    Size         Type   Attr      Idx    E Section Name        Object

    0x20000000   0x080087e8   0x00000020   Data   RW           24    .data               main.o
    0x20000020   0x08008808   0x0000000c   Data   RW          942    .data               stm32f1xx_hal.o
    0x2000002c   0x08008814   0x00000004   Data   RW         3658    .data               system_stm32f1xx.o
    0x20000030   0x08008818   0x00000010   Data   RW         3854    .data               badc.o
    0x20000040   0x08008828   0x00000050   Data   RW         3948    .data               control.o
    0x20000090   0x08008878   0x00000004   Data   RW         3949    .data               control.o
    0x20000094   0x0800887c   0x00000004   Data   RW         3950    .data               control.o
    0x20000098   0x08008880   0x00000035   Data   RW         4149    .data               inv_mpu.o
    0x200000cd   0x080088b5   0x00000003   PAD
    0x200000d0   0x080088b8   0x00000004   Data   RW         5018    .data               mc_w.l(stdout.o)
    0x200000d4   0x080088bc   0x00000004   Data   RW         5030    .data               mc_w.l(errno.o)
    0x200000d8        -       0x0000002c   Zero   RW           22    .bss                main.o
    0x20000104        -       0x00000030   Zero   RW          268    .bss                adc.o
    0x20000134        -       0x00000054   Zero   RW          310    .bss                i2c.o
    0x20000188        -       0x00000120   Zero   RW          358    .bss                tim.o
    0x200002a8        -       0x00000088   Zero   RW          431    .bss                usart.o
    0x20000330        -       0x00000010   Zero   RW         4478    .bss                inv_mpu_dmp_motion_driver.o
    0x20000340        -       0x00000400   Zero   RW            1    STACK               startup_stm32f103xb.o


==============================================================================

Image component sizes


      Code (inc. data)   RO Data    RW Data    ZI Data      Debug   Object Name

       168         22          0          0         48       1621   adc.o
       140         24          0         16          0        583   badc.o
       624         98          0         88          0       3662   control.o
       204         12          0          0          0        971   gpio.o
       156         26          0          0         84       1609   i2c.o
      5320        290        156         53          0      30770   inv_mpu.o
      2350        118       3062          0         16      19338   inv_mpu_dmp_motion_driver.o
       828        202          0         32         44     454765   main.o
       368         62          0          0          0       3992   motor.o
       114          8          0          0          0       4547   mpu6050.o
      1368         42       2072          0          0      10763   oled.o
        36          8        236          0       1024        796   startup_stm32f103xb.o
       164         28          0         12          0       5857   stm32f1xx_hal.o
      1264         54          0          0          0       7035   stm32f1xx_hal_adc.o
       198         14          0          0          0      28911   stm32f1xx_hal_cortex.o
       222          4          0          0          0       1755   stm32f1xx_hal_dma.o
       490         34          0          0          0       2872   stm32f1xx_hal_gpio.o
      2262         56          0          0          0      12694   stm32f1xx_hal_i2c.o
        60          8          0          0          0        858   stm32f1xx_hal_msp.o
      1272        100          0          0          0       5164   stm32f1xx_hal_rcc.o
       436         46          0          0          0       2513   stm32f1xx_hal_rcc_ex.o
      2256         58          0          0          0      18748   stm32f1xx_hal_tim.o
       192         12          0          0          0       3137   stm32f1xx_hal_tim_ex.o
      1432         10          0          0          0      10452   stm32f1xx_hal_uart.o
        80         30          0          0          0       5964   stm32f1xx_it.o
         2          0         24          4          0       1103   system_stm32f1xx.o
       872         68          0          0        288       5049   tim.o
       332         36          0          0        136       2339   usart.o

    ----------------------------------------------------------------------
     23260       1470       5588        208       1640     647868   Object Totals
         0          0         32          0          0          0   (incl. Generated)
        50          0          6          3          0          0   (incl. Padding)

    ----------------------------------------------------------------------

      Code (inc. data)   RO Data    RW Data    ZI Data      Debug   Library Member Name

       624         52         80          0          0        168   asin.o
       544         70        152          0          0        124   atan.o
       384         38          0          0          0        144   atan2.o
        38          6          0          0          0        272   dunder.o
        40          0          0          0          0         68   fpclassify.o
       170          0          0          0          0         96   poly.o
         0          0          8          0          0          0   qnan.o
        76          0          0          0          0         84   sqrt.o
         0          0          0          0          0          0   entry.o
         0          0          0          0          0          0   entry10a.o
         0          0          0          0          0          0   entry11a.o
         8          4          0          0          0          0   entry2.o
         4          0          0          0          0          0   entry5.o
         0          0          0          0          0          0   entry7b.o
         0          0          0          0          0          0   entry8b.o
         8          4          0          0          0          0   entry9a.o
        12          6          0          4          0         68   errno.o
        30          0          0          0          0          0   handlers.o
        36          8          0          0          0         68   init.o
         0          0          0          0          0          0   iusefp.o
        98          0          0          0          0         84   ldiv.o
        30          0          0          0          0         68   llshl.o
        36          0          0          0          0         68   llsshr.o
        32          0          0          0          0         68   llushr.o
        26          0          0          0          0         80   memcmp.o
        36          0          0          0          0        108   memseta.o
      1204         60          0          0          0        504   printf8.o
         0          0          0          4          0          0   stdout.o
        98          0          0          0          0         92   uldiv.o
        48          0          0          0          0         68   cdcmple.o
        20          0          0          0          0         68   cfrcmple.o
        56          0          0          0          0         88   d2f.o
       334          0          0          0          0        148   dadd.o
       222          0          0          0          0        100   ddiv.o
       186          0          0          0          0        176   depilogue.o
        62          0          0          0          0         80   dfixi.o
        50          0          0          0          0         76   dfixui.o
        34          0          0          0          0         76   dflti.o
        26          0          0          0          0         76   dfltui.o
       228          0          0          0          0         96   dmul.o
        46          0          0          0          0         80   dscalb.o
       162          0          0          0          0        100   dsqrt.o
        38          0          0          0          0         68   f2d.o
       176          0          0          0          0        140   fadd.o
       124          0          0          0          0         88   fdiv.o
       110          0          0          0          0        168   fepilogue.o
        50          0          0          0          0         68   ffixi.o
        40          0          0          0          0         68   ffixui.o
        18          0          0          0          0         68   fflti.o
        10          0          0          0          0         68   ffltui.o
       100          0          0          0          0         76   fmul.o
        24          0          0          0          0         68   fscalb.o

    ----------------------------------------------------------------------
      5704        248        240          8          0       4276   Library Totals
         6          0          0          0          0          0   (incl. Padding)

    ----------------------------------------------------------------------

      Code (inc. data)   RO Data    RW Data    ZI Data      Debug   Library Name

      1876        166        240          0          0        956   m_ws.l
      1658         82          0          8          0       1208   mc_w.l
      2164          0          0          0          0       2112   mf_w.l

    ----------------------------------------------------------------------
      5704        248        240          8          0       4276   Library Totals

    ----------------------------------------------------------------------

==============================================================================


      Code (inc. data)   RO Data    RW Data    ZI Data      Debug   

     28964       1718       5828        216       1640     639504   Grand Totals
     28964       1718       5828        216       1640     639504   ELF Image Totals
     28964       1718       5828        216          0          0   ROM Totals

==============================================================================

    Total RO  Size (Code + RO Data)                34792 (  33.98kB)
    Total RW  Size (RW Data + ZI Data)              1856 (   1.81kB)
    Total ROM Size (Code + RO Data + RW Data)      35008 (  34.19kB)

==============================================================================

